2026-09-21 03:07:40 scenario m8-scale-smoke -> /home/sd101t/IdeaProjects/hm-dianping/benchmark/v2/m8/20260921-030739-m8-scale-smoke
2026-09-21 03:07:40 phase stack-up start (timeout 900s)
 Network ld-m3bench_local-deals-net  Creating
 Network ld-m3bench_local-deals-net  Created
 Volume "ld-m3bench_redis-data"  Creating
 Volume "ld-m3bench_redis-data"  Created
 Volume "ld-m3bench_mysql-data"  Creating
 Volume "ld-m3bench_mysql-data"  Created
 Container ld-m3bench-es  Creating
 Container ld-m3bench-mysql  Creating
 Container ld-m3bench-redis  Creating
 Container ld-m3bench-namesrv  Creating
 Container ld-m3bench-redis  Created
 Container ld-m3bench-mysql  Created
 Container ld-m3bench-namesrv  Created
 Container ld-m3bench-broker  Creating
 Container ld-m3bench-es  Created
 Container ld-m3bench-broker  Created
 Container ld-m3bench-namesrv  Starting
 Container ld-m3bench-redis  Starting
 Container ld-m3bench-es  Starting
 Container ld-m3bench-mysql  Starting
 Container ld-m3bench-es  Started
 Container ld-m3bench-redis  Started
 Container ld-m3bench-namesrv  Started
 Container ld-m3bench-broker  Starting
 Container ld-m3bench-mysql  Started
 Container ld-m3bench-broker  Started
 Container ld-m3bench-redis-c2  Creating
 Container ld-m3bench-redis-c4  Creating
 Container ld-m3bench-redis-c3  Creating
 Container ld-m3bench-redis-c6  Creating
 Container ld-m3bench-redis-c5  Creating
 Container ld-m3bench-redis-c1  Creating
 Container ld-m3bench-redis-c5  Created
 Container ld-m3bench-redis-c3  Created
 Container ld-m3bench-redis-c4  Created
 Container ld-m3bench-redis-c1  Created
 Container ld-m3bench-redis-c6  Created
 Container ld-m3bench-redis-c2  Created
 Container ld-m3bench-redis-c5  Starting
 Container ld-m3bench-redis-c6  Starting
 Container ld-m3bench-redis-c1  Starting
 Container ld-m3bench-redis-c2  Starting
 Container ld-m3bench-redis-c3  Starting
 Container ld-m3bench-redis-c4  Starting
 Container ld-m3bench-redis-c5  Started
 Container ld-m3bench-redis-c4  Started
 Container ld-m3bench-redis-c6  Started
 Container ld-m3bench-redis-c3  Started
 Container ld-m3bench-redis-c1  Started
 Container ld-m3bench-redis-c2  Started
dependency containers pinned to CPUs 4-5,12-13
stack ld-m3bench ready: mysql=24306 redis-cluster=127.0.0.1:21001,127.0.0.1:21002,127.0.0.1:21003,127.0.0.1:21004,127.0.0.1:21005,127.0.0.1:21006 namesrv=24876 broker=20912 es=24200
2026-09-21 03:08:32 phase stack-up done
2026-09-21 03:08:32 phase build start (timeout 1200s)
2026-09-21 03:08:32 phase build done
2026-09-21 03:08:32 phase scale-1-instances start (timeout 2400s)
app started instance=1 pid=2024239 port=24083 cpus=0,8 log=/home/sd101t/IdeaProjects/hm-dianping/benchmark/v2/run/m3bench/app.log
nginx started port=24983 upstreams=1 cpus=3,11
users=8000 tokens=/home/sd101t/IdeaProjects/hm-dianping/benchmark/v2/run/tokens.csv
commit=warmup, kind=step, target_rps=200, stock=1000, voucher=10, achieved_rps=197.8, requests=994, dropped=6, p50_ms=12.7, p95_ms=408.5, p99_ms=523.6, max_ms=562.2, http_fail_rate=0, accepted=994, outcomes=accepted=994, drain_s_after_load=1.1, persist_orders_per_s=164.0, app_cpu_cores=1.69, mysql_cpu_cores=0.13, redis_cpu_cores=0.09, broker_cpu_cores=0.51, half_msgs=0, order_msgs=994, k6_cpu_cores=0.08, batch_mean=1.7, raw=step-r200-s1000-030852.json
commit=146d4e4:i1, kind=step, target_rps=2000, stock=200, voucher=11, achieved_rps=1998.5, requests=19987, dropped=14, p50_ms=0.1, p95_ms=33.2, p99_ms=178.5, max_ms=354.9, http_fail_rate=0.0246, accepted=200, outcomes=accepted=200;http_429=491;out_of_stock=19296, drain_s_after_load=0.0, persist_orders_per_s=98.2, app_cpu_cores=0.56, mysql_cpu_cores=0.02, redis_cpu_cores=0.02, broker_cpu_cores=0.08, half_msgs=0, order_msgs=200, k6_cpu_cores=0.33, batch_mean=5.41, raw=step-r2000-s200-030915.json
app stopped (instances: 1)
2026-09-21 03:09:49 phase scale-1-instances done
2026-09-21 03:09:49 phase scale-2-instances start (timeout 2400s)
app started instance=1 pid=2031857 port=24083 cpus=0,8 log=/home/sd101t/IdeaProjects/hm-dianping/benchmark/v2/run/m3bench/app.log
app started instance=2 pid=2032410 port=24084 cpus=1,9 log=/home/sd101t/IdeaProjects/hm-dianping/benchmark/v2/run/m3bench/app-i2.log
nginx started port=24983 upstreams=2 cpus=3,11
users=8000 tokens=/home/sd101t/IdeaProjects/hm-dianping/benchmark/v2/run/tokens.csv
commit=warmup, kind=step, target_rps=200, stock=1000, voucher=12, achieved_rps=199.3, requests=1000, dropped=0, p50_ms=8.7, p95_ms=104.3, p99_ms=194.4, max_ms=246.0, http_fail_rate=0, accepted=1000, outcomes=accepted=1000, drain_s_after_load=0.1, persist_orders_per_s=211.8, app_cpu_cores=2.9, mysql_cpu_cores=0.17, redis_cpu_cores=0.11, broker_cpu_cores=0.31, half_msgs=0, order_msgs=1000, k6_cpu_cores=0.08, batch_mean=1.63, raw=step-r200-s1000-031019.json
commit=146d4e4:i2, kind=step, target_rps=2000, stock=200, voucher=13, achieved_rps=1994.4, requests=19947, dropped=54, p50_ms=0.2, p95_ms=19.1, p99_ms=294.9, max_ms=624.1, http_fail_rate=0.0267, accepted=200, outcomes=accepted=200;http_429=533;out_of_stock=19214, drain_s_after_load=0.1, persist_orders_per_s=62.5, app_cpu_cores=0.93, mysql_cpu_cores=0.03, redis_cpu_cores=0.02, broker_cpu_cores=0.1, half_msgs=0, order_msgs=200, k6_cpu_cores=0.38, batch_mean=4.17, raw=step-r2000-s200-031041.json
app stopped (instances: 1 2)
2026-09-21 03:11:23 phase scale-2-instances done
2026-09-21 03:11:23 scenario m8-scale-smoke done -> /home/sd101t/IdeaProjects/hm-dianping/benchmark/v2/m8/20260921-030739-m8-scale-smoke
 Container ld-m3bench-redis  Stopping
 Container ld-m3bench-mysql  Stopping
 Container ld-m3bench-es  Stopping
 Container ld-m3bench-broker  Stopping
 Container ld-m3bench-redis  Stopped
 Container ld-m3bench-redis  Removing
 Container ld-m3bench-redis  Removed
 Container ld-m3bench-mysql  Stopped
 Container ld-m3bench-mysql  Removing
 Container ld-m3bench-mysql  Removed
 Container ld-m3bench-es  Stopped
 Container ld-m3bench-es  Removing
 Container ld-m3bench-es  Removed
 Container ld-m3bench-broker  Stopped
 Container ld-m3bench-broker  Removing
 Container ld-m3bench-broker  Removed
 Container ld-m3bench-namesrv  Stopping
 Container ld-m3bench-namesrv  Stopped
 Container ld-m3bench-namesrv  Removing
 Container ld-m3bench-namesrv  Removed
 Volume ld-m3bench_redis-data  Removing
 Volume ld-m3bench_mysql-data  Removing
 Network ld-m3bench_local-deals-net  Removing
 Volume ld-m3bench_mysql-data  Removed
 Volume ld-m3bench_redis-data  Removed
 Network ld-m3bench_local-deals-net  Removed
 Container ld-m3bench-redis-c3  Stopping
 Container ld-m3bench-redis-c4  Stopping
 Container ld-m3bench-redis-c2  Stopping
 Container ld-m3bench-redis-c6  Stopping
 Container ld-m3bench-redis-c5  Stopping
 Container ld-m3bench-redis-c1  Stopping
 Container ld-m3bench-redis-c2  Stopped
 Container ld-m3bench-redis-c2  Removing
 Container ld-m3bench-redis-c3  Stopped
 Container ld-m3bench-redis-c3  Removing
 Container ld-m3bench-redis-c2  Removed
 Container ld-m3bench-redis-c3  Removed
 Container ld-m3bench-redis-c6  Stopped
 Container ld-m3bench-redis-c6  Removing
 Container ld-m3bench-redis-c5  Stopped
 Container ld-m3bench-redis-c5  Removing
 Container ld-m3bench-redis-c4  Stopped
 Container ld-m3bench-redis-c4  Removing
 Container ld-m3bench-redis-c6  Removed
 Container ld-m3bench-redis-c1  Stopped
 Container ld-m3bench-redis-c1  Removing
 Container ld-m3bench-redis-c5  Removed
 Container ld-m3bench-redis-c4  Removed
 Container ld-m3bench-redis-c1  Removed
2026-09-21 03:11:50 cleanup done; status: DONE
