2026-09-20 14:17:47 scenario m4-smoke -> /home/sd101t/IdeaProjects/hm-dianping/benchmark/v2/m4/20260920-141747-m4-smoke
2026-09-20 14:17:47 phase stack-up start (timeout 900s)
 Network ld-m3bench_local-deals-net  Creating
 Network ld-m3bench_local-deals-net  Created
 Volume "ld-m3bench_mysql-data"  Creating
 Volume "ld-m3bench_mysql-data"  Created
 Volume "ld-m3bench_redis-data"  Creating
 Volume "ld-m3bench_redis-data"  Created
 Container ld-m3bench-redis  Creating
 Container ld-m3bench-namesrv  Creating
 Container ld-m3bench-es  Creating
 Container ld-m3bench-mysql  Creating
 Container ld-m3bench-redis  Created
 Container ld-m3bench-mysql  Created
 Container ld-m3bench-namesrv  Created
 Container ld-m3bench-broker  Creating
 Container ld-m3bench-es  Created
 Container ld-m3bench-broker  Created
 Container ld-m3bench-redis  Starting
 Container ld-m3bench-namesrv  Starting
 Container ld-m3bench-es  Starting
 Container ld-m3bench-mysql  Starting
 Container ld-m3bench-redis  Started
 Container ld-m3bench-namesrv  Started
 Container ld-m3bench-broker  Starting
 Container ld-m3bench-es  Started
 Container ld-m3bench-mysql  Started
 Container ld-m3bench-broker  Started
dependency containers pinned to CPUs 4-5,12-13
stack ld-m3bench ready: mysql=33306 redis=36379 namesrv=39876 broker=30911 es=39200
2026-09-20 14:18:40 phase stack-up done
2026-09-20 14:18:40 phase build start (timeout 1200s)
准备工作区（分离头指针 7a2ac04）
HEAD 现在位于 7a2ac04 Merge v2/m3-admission-funnel: M3 admission funnel, local snowflake, winners-only broker
2026-09-20 14:18:50 phase build done
2026-09-20 14:18:50 phase ladder-baseline start (timeout 780s)
app started pid=2204168 cpus=0-3,8-11 log=/home/sd101t/IdeaProjects/hm-dianping/benchmark/v2/run/m3bench/app.log
users=20000 tokens=/home/sd101t/IdeaProjects/hm-dianping/benchmark/v2/run/tokens.csv
commit=7a2ac04, kind=step, target_rps=200, stock=1000, voucher=10, achieved_rps=200.1, requests=1001, dropped=0, p50_ms=1.9, p95_ms=10.5, p99_ms=55.0, max_ms=113.0, http_fail_rate=0, accepted=1000, outcomes=accepted=1000;out_of_stock=1, drain_s_after_load=0.0, persist_orders_per_s=189.9, app_cpu_cores=2.24, mysql_cpu_cores=0.18, redis_cpu_cores=0.05, broker_cpu_cores=0.6, half_msgs=0, order_msgs=1000, k6_cpu_cores=0.09, raw=step-r200-s1000-141903.json
commit=7a2ac04, kind=step, target_rps=2000, stock=200, voucher=11, achieved_rps=1999.7, requests=19998, dropped=0, p50_ms=0.1, p95_ms=0.6, p99_ms=41.3, max_ms=57.2, http_fail_rate=0.0004, accepted=200, outcomes=accepted=200;http_429=8;out_of_stock=19790, drain_s_after_load=0.0, persist_orders_per_s=, app_cpu_cores=0.48, mysql_cpu_cores=0.03, redis_cpu_cores=0.01, broker_cpu_cores=0.08, half_msgs=0, order_msgs=200, k6_cpu_cores=0.32, raw=step-r2000-s200-141927.json
app stopped
2026-09-20 14:19:57 phase ladder-baseline done
2026-09-20 14:19:57 phase ladder-current start (timeout 780s)
app started pid=2210808 cpus=0-3,8-11 log=/home/sd101t/IdeaProjects/hm-dianping/benchmark/v2/run/m3bench/app.log
users=20000 tokens=/home/sd101t/IdeaProjects/hm-dianping/benchmark/v2/run/tokens.csv
commit=f805844, kind=step, target_rps=200, stock=1000, voucher=12, achieved_rps=200.1, requests=1001, dropped=0, p50_ms=1.8, p95_ms=7.7, p99_ms=46.4, max_ms=89.6, http_fail_rate=0, accepted=1000, outcomes=accepted=1000;out_of_stock=1, drain_s_after_load=0.0, persist_orders_per_s=196.4, app_cpu_cores=1.85, mysql_cpu_cores=0.16, redis_cpu_cores=0.04, broker_cpu_cores=0.36, half_msgs=0, order_msgs=1000, k6_cpu_cores=0.09, raw=step-r200-s1000-142003.json
commit=f805844, kind=step, target_rps=2000, stock=200, voucher=13, achieved_rps=2000.0, requests=20002, dropped=0, p50_ms=0.1, p95_ms=0.2, p99_ms=21.7, max_ms=62.2, http_fail_rate=0, accepted=200, outcomes=accepted=200;out_of_stock=19802, drain_s_after_load=0.0, persist_orders_per_s=, app_cpu_cores=0.41, mysql_cpu_cores=0.02, redis_cpu_cores=0.0, broker_cpu_cores=0.08, half_msgs=0, order_msgs=200, k6_cpu_cores=0.35, raw=step-r2000-s200-142027.json
app stopped
2026-09-20 14:20:59 phase ladder-current done
2026-09-20 14:20:59 phase drain-baseline-1 start (timeout 1500s)
app started pid=2217084 cpus=0-3,8-11 log=/home/sd101t/IdeaProjects/hm-dianping/benchmark/v2/run/m3bench/app.log
users=20000 tokens=/home/sd101t/IdeaProjects/hm-dianping/benchmark/v2/run/tokens.csv
Exception ignored in: <_io.TextIOWrapper name='<stdout>' mode='w' encoding='utf-8'>
BrokenPipeError: [Errno 32] Broken pipe
commit=7a2ac04, kind=step, target_rps=200, stock=1000, voucher=14, achieved_rps=200.0, requests=1001, dropped=0, p50_ms=1.8, p95_ms=6.2, p99_ms=34.3, max_ms=76.6, http_fail_rate=0, accepted=1000, outcomes=accepted=1000;out_of_stock=1, drain_s_after_load=0.0, persist_orders_per_s=200.2, app_cpu_cores=1.97, mysql_cpu_cores=0.17, redis_cpu_cores=0.05, broker_cpu_cores=0.48, half_msgs=0, order_msgs=1000, k6_cpu_cores=0.09, raw=step-r200-s1000-142105.json
commit=7a2ac04, kind=drain, target_rps=1000, stock=2000, voucher=15, achieved_rps=999.9, requests=3001, dropped=0, p50_ms=0.7, p95_ms=6.5, p99_ms=18.2, max_ms=38.7, http_fail_rate=0, accepted=2000, outcomes=accepted=2000;out_of_stock=1001, drain_s_after_load=1.1, persist_orders_per_s=407.4, app_cpu_cores=2.47, mysql_cpu_cores=0.32, redis_cpu_cores=0.1, broker_cpu_cores=0.25, half_msgs=0, order_msgs=2000, k6_cpu_cores=0.23, raw=drain-r1000-s2000-142130.json
app stopped
2026-09-20 14:21:57 phase drain-baseline-1 done
2026-09-20 14:21:57 phase drain-current-1 start (timeout 1500s)
app started pid=2229099 cpus=0-3,8-11 log=/home/sd101t/IdeaProjects/hm-dianping/benchmark/v2/run/m3bench/app.log
users=20000 tokens=/home/sd101t/IdeaProjects/hm-dianping/benchmark/v2/run/tokens.csv
commit=f805844, kind=step, target_rps=200, stock=1000, voucher=16, achieved_rps=200.0, requests=1001, dropped=0, p50_ms=1.7, p95_ms=4.9, p99_ms=28.3, max_ms=68.7, http_fail_rate=0, accepted=1000, outcomes=accepted=1000;out_of_stock=1, drain_s_after_load=0.0, persist_orders_per_s=198.7, app_cpu_cores=1.93, mysql_cpu_cores=0.16, redis_cpu_cores=0.04, broker_cpu_cores=0.16, half_msgs=0, order_msgs=1000, k6_cpu_cores=0.09, raw=step-r200-s1000-142204.json
commit=f805844, kind=drain, target_rps=1000, stock=2000, voucher=17, achieved_rps=999.8, requests=3001, dropped=0, p50_ms=0.7, p95_ms=3.8, p99_ms=10.5, max_ms=34.4, http_fail_rate=0, accepted=2000, outcomes=accepted=2000;out_of_stock=1001, drain_s_after_load=13.7, persist_orders_per_s=101.4, app_cpu_cores=1.65, mysql_cpu_cores=0.18, redis_cpu_cores=0.06, broker_cpu_cores=0.2, half_msgs=0, order_msgs=2000, k6_cpu_cores=0.23, raw=drain-r1000-s2000-142225.json
app stopped
2026-09-20 14:23:03 phase drain-current-1 done
2026-09-20 14:23:03 phase sweep-1x8 start (timeout 1500s)
app started pid=2240922 cpus=0-3,8-11 log=/home/sd101t/IdeaProjects/hm-dianping/benchmark/v2/run/m3bench/app.log
users=20000 tokens=/home/sd101t/IdeaProjects/hm-dianping/benchmark/v2/run/tokens.csv
commit=sweep, kind=step, target_rps=200, stock=1000, voucher=18, achieved_rps=200.0, requests=1001, dropped=0, p50_ms=1.5, p95_ms=4.6, p99_ms=79.0, max_ms=124.0, http_fail_rate=0, accepted=1000, outcomes=accepted=1000;out_of_stock=1, drain_s_after_load=7.4, persist_orders_per_s=75.5, app_cpu_cores=1.26, mysql_cpu_cores=0.1, redis_cpu_cores=0.03, broker_cpu_cores=0.12, half_msgs=0, order_msgs=1000, k6_cpu_cores=0.07, raw=step-r200-s1000-142309.json
commit=f805844:b1t8, kind=drain, target_rps=1000, stock=2000, voucher=19, achieved_rps=999.9, requests=3001, dropped=0, p50_ms=0.7, p95_ms=2.5, p99_ms=5.8, max_ms=12.3, http_fail_rate=0, accepted=2000, outcomes=accepted=2000;out_of_stock=1001, drain_s_after_load=21.0, persist_orders_per_s=77.8, app_cpu_cores=1.11, mysql_cpu_cores=0.1, redis_cpu_cores=0.05, broker_cpu_cores=0.16, half_msgs=0, order_msgs=2000, k6_cpu_cores=0.21, raw=drain-r1000-s2000-142339.json
app stopped
2026-09-20 14:24:21 phase sweep-1x8 done
2026-09-20 14:24:21 phase sweep-64x16 start (timeout 1500s)
app started pid=2253027 cpus=0-3,8-11 log=/home/sd101t/IdeaProjects/hm-dianping/benchmark/v2/run/m3bench/app.log
users=20000 tokens=/home/sd101t/IdeaProjects/hm-dianping/benchmark/v2/run/tokens.csv
commit=sweep, kind=step, target_rps=200, stock=1000, voucher=20, achieved_rps=200.0, requests=1001, dropped=0, p50_ms=1.7, p95_ms=5.7, p99_ms=27.7, max_ms=74.8, http_fail_rate=0, accepted=1000, outcomes=accepted=1000;out_of_stock=1, drain_s_after_load=5.3, persist_orders_per_s=85.5, app_cpu_cores=1.54, mysql_cpu_cores=0.13, redis_cpu_cores=0.03, broker_cpu_cores=0.13, half_msgs=0, order_msgs=1000, k6_cpu_cores=0.09, raw=step-r200-s1000-142428.json
commit=f805844:b64t16, kind=drain, target_rps=1000, stock=2000, voucher=21, achieved_rps=999.5, requests=3000, dropped=0, p50_ms=0.8, p95_ms=6.0, p99_ms=10.3, max_ms=20.1, http_fail_rate=0, accepted=2000, outcomes=accepted=2000;out_of_stock=1000, drain_s_after_load=20.0, persist_orders_per_s=82.8, app_cpu_cores=1.22, mysql_cpu_cores=0.09, redis_cpu_cores=0.06, broker_cpu_cores=0.16, half_msgs=0, order_msgs=2000, k6_cpu_cores=0.2, raw=drain-r1000-s2000-142458.json
app stopped
2026-09-20 14:25:42 phase sweep-64x16 done
2026-09-20 14:25:42 phase broker-kill-drill-1 start (timeout 2700s)
app started pid=2265307 cpus=0-3,8-11 log=/home/sd101t/IdeaProjects/hm-dianping/benchmark/v2/run/m3bench/app.log
users=20000 tokens=/home/sd101t/IdeaProjects/hm-dianping/benchmark/v2/run/tokens.csv
commit=f805844, kind=step, target_rps=200, stock=1000, voucher=22, achieved_rps=200.1, requests=1001, dropped=0, p50_ms=1.5, p95_ms=2.9, p99_ms=24.4, max_ms=64.3, http_fail_rate=0, accepted=1000, outcomes=accepted=1000;out_of_stock=1, drain_s_after_load=3.2, persist_orders_per_s=119.7, app_cpu_cores=1.28, mysql_cpu_cores=0.1, redis_cpu_cores=0.03, broker_cpu_cores=0.13, half_msgs=0, order_msgs=1000, k6_cpu_cores=0.08, raw=step-r200-s1000-142549.json
app stopped
2026-09-20 14:28:37 phase broker-kill-drill-1 done
2026-09-20 14:28:37 scenario m4-smoke done -> /home/sd101t/IdeaProjects/hm-dianping/benchmark/v2/m4/20260920-141747-m4-smoke
 Container ld-m3bench-es  Stopping
 Container ld-m3bench-redis  Stopping
 Container ld-m3bench-mysql  Stopping
 Container ld-m3bench-broker  Stopping
 Container ld-m3bench-redis  Stopped
 Container ld-m3bench-redis  Removing
 Container ld-m3bench-redis  Removed
 Container ld-m3bench-es  Stopped
 Container ld-m3bench-es  Removing
 Container ld-m3bench-es  Removed
 Container ld-m3bench-mysql  Stopped
 Container ld-m3bench-mysql  Removing
 Container ld-m3bench-mysql  Removed
 Container ld-m3bench-broker  Stopped
 Container ld-m3bench-broker  Removing
 Container ld-m3bench-broker  Removed
 Container ld-m3bench-namesrv  Stopping
 Container ld-m3bench-namesrv  Stopped
 Container ld-m3bench-namesrv  Removing
 Container ld-m3bench-namesrv  Removed
 Volume ld-m3bench_redis-data  Removing
 Volume ld-m3bench_mysql-data  Removing
 Network ld-m3bench_local-deals-net  Removing
 Volume ld-m3bench_redis-data  Removed
 Volume ld-m3bench_mysql-data  Removed
 Network ld-m3bench_local-deals-net  Removed
2026-09-20 14:29:04 cleanup done; status: DONE
