2026-09-21 03:20:52 scenario m8 -> /home/sd101t/IdeaProjects/hm-dianping/benchmark/v2/m8/20260921-032052-m8
2026-09-21 03:20:52 suite of m6 m8-fullchain m8-scale m8-window
2026-09-21 03:20:52 suite: m6 starting
2026-09-21 03:20:52 scenario m6 -> /home/sd101t/IdeaProjects/hm-dianping/benchmark/v2/m6/20260921-032052-m6
2026-09-21 03:20:52 phase stack-up start (timeout 900s)
2026-09-21 03:21:04 FAILED: stack-up: exit 1 (see run.log)
2026-09-21 03:21:30 suite: m6 -> FAILED: stack-up: exit 1 (see run.log)
2026-09-21 03:21:35 suite: m8-fullchain starting
2026-09-21 03:21:36 scenario m8-fullchain -> /home/sd101t/IdeaProjects/hm-dianping/benchmark/v2/m8/20260921-032135-m8-fullchain
2026-09-21 03:21:36 phase stack-up start (timeout 900s)
2026-09-21 03:22:26 phase stack-up done
2026-09-21 03:22:26 phase build start (timeout 1200s)
2026-09-21 03:22:29 phase build done
2026-09-21 03:22:29 phase full-chain start (timeout 3600s)
2026-09-21 03:25:45 phase full-chain done
2026-09-21 03:25:45 scenario m8-fullchain done -> /home/sd101t/IdeaProjects/hm-dianping/benchmark/v2/m8/20260921-032135-m8-fullchain
2026-09-21 03:26:13 suite: m8-fullchain -> DONE
2026-09-21 03:26:18 suite: m8-scale starting
2026-09-21 03:26:18 scenario m8-scale -> /home/sd101t/IdeaProjects/hm-dianping/benchmark/v2/m8/20260921-032618-m8-scale
2026-09-21 03:26:18 phase stack-up start (timeout 900s)
2026-09-21 03:27:10 phase stack-up done
2026-09-21 03:27:10 phase build start (timeout 1200s)
2026-09-21 03:27:10 phase build done
2026-09-21 03:27:10 phase scale-1-instances start (timeout 2400s)
2026-09-21 03:31:32 phase scale-1-instances done
2026-09-21 03:31:32 phase scale-2-instances start (timeout 2400s)
2026-09-21 03:36:03 phase scale-2-instances done
2026-09-21 03:36:03 phase scale-3-instances start (timeout 2400s)
2026-09-21 03:41:15 phase scale-3-instances done
2026-09-21 03:41:15 scenario m8-scale done -> /home/sd101t/IdeaProjects/hm-dianping/benchmark/v2/m8/20260921-032618-m8-scale
2026-09-21 03:41:43 suite: m8-scale -> DONE
2026-09-21 03:41:48 suite: m8-window starting
2026-09-21 03:41:48 scenario m8-window -> /home/sd101t/IdeaProjects/hm-dianping/benchmark/v2/m8/20260921-034148-m8-window
2026-09-21 03:41:48 phase stack-up start (timeout 900s)
2026-09-21 03:42:42 phase stack-up done
2026-09-21 03:42:42 phase build start (timeout 1200s)
2026-09-21 03:42:42 phase build done
2026-09-21 03:42:42 phase redis-window-drill-1 start (timeout 2700s)
2026-09-21 03:47:56 phase redis-window-drill-1 done
2026-09-21 03:47:56 phase redis-window-drill-2 start (timeout 2700s)
2026-09-21 03:51:29 phase redis-window-drill-2 done
2026-09-21 03:51:29 scenario m8-window done -> /home/sd101t/IdeaProjects/hm-dianping/benchmark/v2/m8/20260921-034148-m8-window
2026-09-21 03:51:56 suite: m8-window -> DONE
2026-09-21 03:52:01 suite done: 3 finished, 1 not -> /home/sd101t/IdeaProjects/hm-dianping/benchmark/v2/m8/20260921-032052-m8
 Volume ld-m3bench_mysql-data  Removing
 Volume ld-m3bench_redis-data  Removing
 Volume ld-m3bench_mysql-data  Removed
 Volume ld-m3bench_redis-data  Removed
time="2026-09-21T03:52:03+08:00" level=warning msg="Warning: No resource found to remove for project \"ld-m3bench-redis-cluster\"."
2026-09-21 03:52:03 cleanup done; status: DONE with 1 failed scenario(s); see scenarios.csv
