2026-09-21 02:21:40 scenario m6-smoke -> /home/sd101t/IdeaProjects/hm-dianping/benchmark/v2/m6/20260921-022140-m6-smoke
2026-09-21 02:21:40 phase stack-up start (timeout 900s)
 Network ld-m3bench_local-deals-net  Creating
 Network ld-m3bench_local-deals-net  Created
 Volume "ld-m3bench_mysql-data"  Creating
 Volume "ld-m3bench_mysql-data"  Created
 Volume "ld-m3bench_redis-data"  Creating
 Volume "ld-m3bench_redis-data"  Created
 Container ld-m3bench-redis  Creating
 Container ld-m3bench-es  Creating
 Container ld-m3bench-namesrv  Creating
 Container ld-m3bench-mysql  Creating
 Container ld-m3bench-namesrv  Created
 Container ld-m3bench-mysql  Created
 Container ld-m3bench-redis  Created
 Container ld-m3bench-broker  Creating
 Container ld-m3bench-es  Created
 Container ld-m3bench-broker  Created
 Container ld-m3bench-namesrv  Starting
 Container ld-m3bench-es  Starting
 Container ld-m3bench-redis  Starting
 Container ld-m3bench-mysql  Starting
 Container ld-m3bench-namesrv  Started
 Container ld-m3bench-broker  Starting
 Container ld-m3bench-mysql  Started
 Container ld-m3bench-es  Started
 Container ld-m3bench-redis  Started
 Container ld-m3bench-broker  Started
 Container ld-m3bench-redis-c1  Creating
 Container ld-m3bench-redis-c2  Creating
 Container ld-m3bench-redis-c3  Creating
 Container ld-m3bench-redis-c6  Creating
 Container ld-m3bench-redis-c5  Creating
 Container ld-m3bench-redis-c4  Creating
 Container ld-m3bench-redis-c2  Created
 Container ld-m3bench-redis-c1  Created
 Container ld-m3bench-redis-c3  Created
 Container ld-m3bench-redis-c5  Created
 Container ld-m3bench-redis-c6  Created
 Container ld-m3bench-redis-c4  Created
 Container ld-m3bench-redis-c6  Starting
 Container ld-m3bench-redis-c4  Starting
 Container ld-m3bench-redis-c1  Starting
 Container ld-m3bench-redis-c3  Starting
 Container ld-m3bench-redis-c5  Starting
 Container ld-m3bench-redis-c2  Starting
 Container ld-m3bench-redis-c2  Started
 Container ld-m3bench-redis-c6  Started
 Container ld-m3bench-redis-c1  Started
 Container ld-m3bench-redis-c3  Started
 Container ld-m3bench-redis-c5  Started
 Container ld-m3bench-redis-c4  Started
stack: timed out waiting for Redis node 38004
2026-09-21 02:24:53 FAILED: stack-up: exit 1 (see run.log)
 Container ld-m3bench-redis  Stopping
 Container ld-m3bench-es  Stopping
 Container ld-m3bench-mysql  Stopping
 Container ld-m3bench-broker  Stopping
 Container ld-m3bench-redis  Stopped
 Container ld-m3bench-redis  Removing
 Container ld-m3bench-redis  Removed
 Container ld-m3bench-mysql  Stopped
 Container ld-m3bench-mysql  Removing
 Container ld-m3bench-mysql  Removed
 Container ld-m3bench-es  Stopped
 Container ld-m3bench-es  Removing
 Container ld-m3bench-es  Removed
 Container ld-m3bench-broker  Stopped
 Container ld-m3bench-broker  Removing
 Container ld-m3bench-broker  Removed
 Container ld-m3bench-namesrv  Stopping
 Container ld-m3bench-namesrv  Stopped
 Container ld-m3bench-namesrv  Removing
 Container ld-m3bench-namesrv  Removed
 Volume ld-m3bench_mysql-data  Removing
 Volume ld-m3bench_redis-data  Removing
 Network ld-m3bench_local-deals-net  Removing
 Volume ld-m3bench_mysql-data  Removed
 Volume ld-m3bench_redis-data  Removed
 Network ld-m3bench_local-deals-net  Removed
 Container ld-m3bench-redis-c2  Stopping
 Container ld-m3bench-redis-c4  Stopping
 Container ld-m3bench-redis-c5  Stopping
 Container ld-m3bench-redis-c6  Stopping
 Container ld-m3bench-redis-c1  Stopping
 Container ld-m3bench-redis-c3  Stopping
 Container ld-m3bench-redis-c4  Stopped
 Container ld-m3bench-redis-c4  Removing
 Container ld-m3bench-redis-c4  Removed
 Container ld-m3bench-redis-c2  Stopped
 Container ld-m3bench-redis-c2  Removing
 Container ld-m3bench-redis-c6  Stopped
 Container ld-m3bench-redis-c6  Removing
 Container ld-m3bench-redis-c2  Removed
 Container ld-m3bench-redis-c1  Stopped
 Container ld-m3bench-redis-c1  Removing
 Container ld-m3bench-redis-c3  Stopped
 Container ld-m3bench-redis-c3  Removing
 Container ld-m3bench-redis-c6  Removed
 Container ld-m3bench-redis-c1  Removed
 Container ld-m3bench-redis-c3  Removed
 Container ld-m3bench-redis-c5  Stopped
 Container ld-m3bench-redis-c5  Removing
 Container ld-m3bench-redis-c5  Removed
2026-09-21 02:25:20 cleanup done; status: FAILED: stack-up: exit 1 (see run.log)
