2026-09-20 21:54:08 scenario m6-consume -> /home/sd101t/IdeaProjects/hm-dianping/benchmark/v2/m6/20260920-215408-m6-consume
2026-09-20 21:54:08 phase stack-up start (timeout 900s)
 Network ld-m3bench_local-deals-net  Creating
 Network ld-m3bench_local-deals-net  Created
 Volume "ld-m3bench_mysql-data"  Creating
 Volume "ld-m3bench_mysql-data"  Created
 Volume "ld-m3bench_redis-data"  Creating
 Volume "ld-m3bench_redis-data"  Created
 Container ld-m3bench-namesrv  Creating
 Container ld-m3bench-mysql  Creating
 Container ld-m3bench-redis  Creating
 Container ld-m3bench-es  Creating
 Container ld-m3bench-namesrv  Created
 Container ld-m3bench-mysql  Created
 Container ld-m3bench-es  Created
 Container ld-m3bench-broker  Creating
 Container ld-m3bench-redis  Created
 Container ld-m3bench-broker  Created
 Container ld-m3bench-namesrv  Starting
 Container ld-m3bench-es  Starting
 Container ld-m3bench-redis  Starting
 Container ld-m3bench-mysql  Starting
 Container ld-m3bench-mysql  Started
 Container ld-m3bench-redis  Started
 Container ld-m3bench-namesrv  Started
 Container ld-m3bench-broker  Starting
 Container ld-m3bench-es  Started
 Container ld-m3bench-broker  Started
 Container ld-m3bench-redis-c5  Creating
 Container ld-m3bench-redis-c6  Creating
 Container ld-m3bench-redis-c1  Creating
 Container ld-m3bench-redis-c4  Creating
 Container ld-m3bench-redis-c3  Creating
 Container ld-m3bench-redis-c2  Creating
 Container ld-m3bench-redis-c4  Created
 Container ld-m3bench-redis-c2  Created
 Container ld-m3bench-redis-c5  Created
 Container ld-m3bench-redis-c1  Created
 Container ld-m3bench-redis-c3  Created
 Container ld-m3bench-redis-c6  Created
 Container ld-m3bench-redis-c5  Starting
 Container ld-m3bench-redis-c3  Starting
 Container ld-m3bench-redis-c1  Starting
 Container ld-m3bench-redis-c2  Starting
 Container ld-m3bench-redis-c6  Starting
 Container ld-m3bench-redis-c4  Starting
 Container ld-m3bench-redis-c5  Started
 Container ld-m3bench-redis-c6  Started
 Container ld-m3bench-redis-c4  Started
 Container ld-m3bench-redis-c1  Started
 Container ld-m3bench-redis-c3  Started
 Container ld-m3bench-redis-c2  Started
dependency containers pinned to CPUs 4-5,12-13
stack ld-m3bench ready: mysql=33306 redis-cluster=127.0.0.1:38001,127.0.0.1:38002,127.0.0.1:38003,127.0.0.1:38004,127.0.0.1:38005,127.0.0.1:38006 namesrv=39876 broker=30911 es=39200
2026-09-20 21:55:00 phase stack-up done
2026-09-20 21:55:00 phase build start (timeout 1200s)
准备工作区（分离头指针 043d863）
HEAD 现在位于 043d863 Merge M5: Redis Cluster, stock buckets, and a master kill that cost 12.6k 503s
2026-09-20 21:55:09 phase build done
2026-09-20 21:55:09 phase drain-baseline-1 start (timeout 1500s)
app started pid=499364 cpus=0-3,8-11 log=/home/sd101t/IdeaProjects/hm-dianping/benchmark/v2/run/m3bench/app.log
users=100000 tokens=/home/sd101t/IdeaProjects/hm-dianping/benchmark/v2/run/tokens.csv
commit=043d863, kind=step, target_rps=500, stock=1000, voucher=10, achieved_rps=500.0, requests=15001, dropped=0, p50_ms=0.1, p95_ms=1.5, p99_ms=10.4, max_ms=153.9, http_fail_rate=0, accepted=1000, outcomes=accepted=1000;out_of_stock=14001, drain_s_after_load=0.0, persist_orders_per_s=76.7, app_cpu_cores=0.53, mysql_cpu_cores=0.05, redis_cpu_cores=0.03, broker_cpu_cores=0.18, half_msgs=0, order_msgs=1000, k6_cpu_cores=0.14, batch_mean=, raw=step-r500-s1000-215524.json
commit=043d863, kind=drain, target_rps=2000, stock=20000, voucher=11, achieved_rps=1999.7, requests=21998, dropped=0, p50_ms=0.5, p95_ms=4.9, p99_ms=20.2, max_ms=68.4, http_fail_rate=0, accepted=20000, outcomes=accepted=20000;out_of_stock=1998, drain_s_after_load=32.6, persist_orders_per_s=627.4, app_cpu_cores=1.3, mysql_cpu_cores=0.1, redis_cpu_cores=0.27, broker_cpu_cores=0.54, half_msgs=0, order_msgs=20000, k6_cpu_cores=0.37, batch_mean=, raw=drain-r2000-s20000-215618.json
app stopped
2026-09-20 21:57:20 phase drain-baseline-1 done
2026-09-20 21:57:20 phase drain-current-1 start (timeout 1500s)
app started pid=567609 cpus=0-3,8-11 log=/home/sd101t/IdeaProjects/hm-dianping/benchmark/v2/run/m3bench/app.log
users=100000 tokens=/home/sd101t/IdeaProjects/hm-dianping/benchmark/v2/run/tokens.csv
commit=f35f34d, kind=step, target_rps=500, stock=1000, voucher=12, achieved_rps=500.0, requests=15001, dropped=0, p50_ms=0.1, p95_ms=1.5, p99_ms=7.0, max_ms=190.2, http_fail_rate=0, accepted=1000, outcomes=accepted=1000;out_of_stock=14001, drain_s_after_load=0.0, persist_orders_per_s=376.3, app_cpu_cores=0.53, mysql_cpu_cores=0.04, redis_cpu_cores=0.03, broker_cpu_cores=0.1, half_msgs=0, order_msgs=1000, k6_cpu_cores=0.13, batch_mean=1.06, raw=step-r500-s1000-215728.json
commit=f35f34d, kind=drain, target_rps=2000, stock=20000, voucher=13, achieved_rps=1999.9, requests=22001, dropped=0, p50_ms=0.5, p95_ms=4.6, p99_ms=27.4, max_ms=69.8, http_fail_rate=0, accepted=20000, outcomes=accepted=20000;out_of_stock=2001, drain_s_after_load=11.6, persist_orders_per_s=944.6, app_cpu_cores=1.86, mysql_cpu_cores=0.32, redis_cpu_cores=0.37, broker_cpu_cores=0.34, half_msgs=0, order_msgs=20000, k6_cpu_cores=0.37, batch_mean=2.16, raw=drain-r2000-s20000-215816.json
app stopped
2026-09-20 21:58:59 phase drain-current-1 done
2026-09-20 21:58:59 phase sweep-64x16x0x32 start (timeout 1500s)
app started pid=634560 cpus=0-3,8-11 log=/home/sd101t/IdeaProjects/hm-dianping/benchmark/v2/run/m3bench/app.log
users=100000 tokens=/home/sd101t/IdeaProjects/hm-dianping/benchmark/v2/run/tokens.csv
commit=sweep, kind=step, target_rps=500, stock=1000, voucher=14, achieved_rps=497.1, requests=14913, dropped=88, p50_ms=0.1, p95_ms=1.6, p99_ms=192.0, max_ms=522.8, http_fail_rate=0, accepted=1000, outcomes=accepted=1000;out_of_stock=13913, drain_s_after_load=0.0, persist_orders_per_s=274.7, app_cpu_cores=0.54, mysql_cpu_cores=0.04, redis_cpu_cores=0.03, broker_cpu_cores=0.07, half_msgs=0, order_msgs=1000, k6_cpu_cores=0.13, batch_mean=1.15, raw=step-r500-s1000-215908.json
commit=f35f34d:b64t16i0p32, kind=drain, target_rps=2000, stock=20000, voucher=15, achieved_rps=1999.4, requests=22001, dropped=0, p50_ms=0.5, p95_ms=4.1, p99_ms=11.6, max_ms=30.3, http_fail_rate=0, accepted=20000, outcomes=accepted=20000;out_of_stock=2001, drain_s_after_load=30.7, persist_orders_per_s=432.9, app_cpu_cores=1.65, mysql_cpu_cores=0.32, redis_cpu_cores=0.35, broker_cpu_cores=0.27, half_msgs=0, order_msgs=20000, k6_cpu_cores=0.33, batch_mean=2.17, raw=drain-r2000-s20000-215956.json
app stopped
2026-09-20 22:00:57 phase sweep-64x16x0x32 done
2026-09-20 22:00:57 phase sweep-64x16x10x64 start (timeout 1500s)
app started pid=702271 cpus=0-3,8-11 log=/home/sd101t/IdeaProjects/hm-dianping/benchmark/v2/run/m3bench/app.log
users=100000 tokens=/home/sd101t/IdeaProjects/hm-dianping/benchmark/v2/run/tokens.csv
commit=sweep, kind=step, target_rps=500, stock=1000, voucher=16, achieved_rps=500.0, requests=15001, dropped=0, p50_ms=0.1, p95_ms=1.8, p99_ms=10.5, max_ms=141.7, http_fail_rate=0, accepted=1000, outcomes=accepted=1000;out_of_stock=14001, drain_s_after_load=0.0, persist_orders_per_s=357.8, app_cpu_cores=0.52, mysql_cpu_cores=0.04, redis_cpu_cores=0.03, broker_cpu_cores=0.07, half_msgs=0, order_msgs=1000, k6_cpu_cores=0.13, batch_mean=1.22, raw=step-r500-s1000-220105.json
commit=f35f34d:b64t16i10p64, kind=drain, target_rps=2000, stock=20000, voucher=17, achieved_rps=1999.7, requests=21999, dropped=0, p50_ms=0.5, p95_ms=2.8, p99_ms=14.8, max_ms=64.8, http_fail_rate=0, accepted=20000, outcomes=accepted=20000;out_of_stock=1999, drain_s_after_load=37.2, persist_orders_per_s=369.3, app_cpu_cores=1.71, mysql_cpu_cores=0.2, redis_cpu_cores=0.36, broker_cpu_cores=0.27, half_msgs=0, order_msgs=20000, k6_cpu_cores=0.39, batch_mean=3.9, raw=drain-r2000-s20000-220153.json
app stopped
2026-09-20 22:03:02 phase sweep-64x16x10x64 done
2026-09-20 22:03:02 phase sweep-64x16x20x128 start (timeout 1500s)
app started pid=770005 cpus=0-3,8-11 log=/home/sd101t/IdeaProjects/hm-dianping/benchmark/v2/run/m3bench/app.log
users=100000 tokens=/home/sd101t/IdeaProjects/hm-dianping/benchmark/v2/run/tokens.csv
commit=sweep, kind=step, target_rps=500, stock=1000, voucher=18, achieved_rps=500.0, requests=15001, dropped=0, p50_ms=0.1, p95_ms=1.1, p99_ms=3.2, max_ms=146.1, http_fail_rate=0, accepted=1000, outcomes=accepted=1000;out_of_stock=14001, drain_s_after_load=0.0, persist_orders_per_s=103.3, app_cpu_cores=0.48, mysql_cpu_cores=0.05, redis_cpu_cores=0.03, broker_cpu_cores=0.08, half_msgs=0, order_msgs=1000, k6_cpu_cores=0.14, batch_mean=1.46, raw=step-r500-s1000-220310.json
commit=f35f34d:b64t16i20p128, kind=drain, target_rps=2000, stock=20000, voucher=19, achieved_rps=1999.9, requests=22002, dropped=0, p50_ms=0.5, p95_ms=10.1, p99_ms=71.5, max_ms=125.0, http_fail_rate=0, accepted=20000, outcomes=accepted=20000;out_of_stock=2002, drain_s_after_load=19.1, persist_orders_per_s=550.0, app_cpu_cores=1.98, mysql_cpu_cores=0.18, redis_cpu_cores=0.4, broker_cpu_cores=0.25, half_msgs=0, order_msgs=20000, k6_cpu_cores=0.38, batch_mean=6.53, raw=drain-r2000-s20000-220357.json
app stopped
2026-09-20 22:04:46 phase sweep-64x16x20x128 done
2026-09-20 22:04:46 phase sweep-64x4x20x128 start (timeout 1500s)
app started pid=837318 cpus=0-3,8-11 log=/home/sd101t/IdeaProjects/hm-dianping/benchmark/v2/run/m3bench/app.log
users=100000 tokens=/home/sd101t/IdeaProjects/hm-dianping/benchmark/v2/run/tokens.csv
commit=sweep, kind=step, target_rps=500, stock=1000, voucher=20, achieved_rps=500.0, requests=15001, dropped=0, p50_ms=0.1, p95_ms=1.1, p99_ms=2.6, max_ms=117.0, http_fail_rate=0, accepted=1000, outcomes=accepted=1000;out_of_stock=14001, drain_s_after_load=0.1, persist_orders_per_s=108.5, app_cpu_cores=0.46, mysql_cpu_cores=0.05, redis_cpu_cores=0.03, broker_cpu_cores=0.08, half_msgs=0, order_msgs=1000, k6_cpu_cores=0.13, batch_mean=1.62, raw=step-r500-s1000-220456.json
commit=f35f34d:b64t4i20p128, kind=drain, target_rps=2000, stock=20000, voucher=21, achieved_rps=2000.0, requests=22001, dropped=0, p50_ms=0.6, p95_ms=13.6, p99_ms=63.6, max_ms=126.7, http_fail_rate=0, accepted=20000, outcomes=accepted=20000;out_of_stock=2001, drain_s_after_load=9.6, persist_orders_per_s=1023.3, app_cpu_cores=2.31, mysql_cpu_cores=0.26, redis_cpu_cores=0.5, broker_cpu_cores=0.3, half_msgs=0, order_msgs=20000, k6_cpu_cores=0.38, batch_mean=5.35, raw=drain-r2000-s20000-220544.json
app stopped
2026-09-20 22:06:28 phase sweep-64x4x20x128 done
2026-09-20 22:06:28 phase sweep-64x2x20x128 start (timeout 1500s)
app started pid=904303 cpus=0-3,8-11 log=/home/sd101t/IdeaProjects/hm-dianping/benchmark/v2/run/m3bench/app.log
users=100000 tokens=/home/sd101t/IdeaProjects/hm-dianping/benchmark/v2/run/tokens.csv
commit=sweep, kind=step, target_rps=500, stock=1000, voucher=22, achieved_rps=500.0, requests=15001, dropped=0, p50_ms=0.1, p95_ms=1.1, p99_ms=2.9, max_ms=97.5, http_fail_rate=0, accepted=1000, outcomes=accepted=1000;out_of_stock=14001, drain_s_after_load=0.1, persist_orders_per_s=107.5, app_cpu_cores=0.49, mysql_cpu_cores=0.05, redis_cpu_cores=0.03, broker_cpu_cores=0.07, half_msgs=0, order_msgs=1000, k6_cpu_cores=0.12, batch_mean=1.51, raw=step-r500-s1000-220637.json
commit=f35f34d:b64t2i20p128, kind=drain, target_rps=2000, stock=20000, voucher=23, achieved_rps=1999.9, requests=22001, dropped=0, p50_ms=0.5, p95_ms=4.8, p99_ms=19.6, max_ms=78.6, http_fail_rate=0, accepted=20000, outcomes=accepted=20000;out_of_stock=2001, drain_s_after_load=16.1, persist_orders_per_s=767.1, app_cpu_cores=1.41, mysql_cpu_cores=0.12, redis_cpu_cores=0.32, broker_cpu_cores=0.23, half_msgs=0, order_msgs=20000, k6_cpu_cores=0.36, batch_mean=8.99, raw=drain-r2000-s20000-220725.json
app stopped
2026-09-20 22:08:16 phase sweep-64x2x20x128 done
2026-09-20 22:08:16 phase sweep-256x4x50x256 start (timeout 1500s)
app started pid=971667 cpus=0-3,8-11 log=/home/sd101t/IdeaProjects/hm-dianping/benchmark/v2/run/m3bench/app.log
users=100000 tokens=/home/sd101t/IdeaProjects/hm-dianping/benchmark/v2/run/tokens.csv
commit=sweep, kind=step, target_rps=500, stock=1000, voucher=24, achieved_rps=500.0, requests=15001, dropped=0, p50_ms=0.1, p95_ms=1.4, p99_ms=6.4, max_ms=172.2, http_fail_rate=0, accepted=1000, outcomes=accepted=1000;out_of_stock=14001, drain_s_after_load=0.1, persist_orders_per_s=312.4, app_cpu_cores=0.45, mysql_cpu_cores=0.04, redis_cpu_cores=0.03, broker_cpu_cores=0.07, half_msgs=0, order_msgs=1000, k6_cpu_cores=0.13, batch_mean=3.31, raw=step-r500-s1000-220824.json
commit=f35f34d:b256t4i50p256, kind=drain, target_rps=2000, stock=20000, voucher=25, achieved_rps=2000.0, requests=22002, dropped=0, p50_ms=0.5, p95_ms=6.2, p99_ms=21.7, max_ms=62.3, http_fail_rate=0, accepted=20000, outcomes=accepted=20000;out_of_stock=2002, drain_s_after_load=0.1, persist_orders_per_s=2001.5, app_cpu_cores=2.23, mysql_cpu_cores=0.19, redis_cpu_cores=0.5, broker_cpu_cores=0.28, half_msgs=0, order_msgs=20000, k6_cpu_cores=0.39, batch_mean=12.68, raw=drain-r2000-s20000-220912.json
app stopped
2026-09-20 22:09:41 phase sweep-256x4x50x256 done
2026-09-20 22:09:41 scenario m6-consume done -> /home/sd101t/IdeaProjects/hm-dianping/benchmark/v2/m6/20260920-215408-m6-consume
 Container ld-m3bench-redis  Stopping
 Container ld-m3bench-es  Stopping
 Container ld-m3bench-broker  Stopping
 Container ld-m3bench-mysql  Stopping
 Container ld-m3bench-redis  Stopped
 Container ld-m3bench-redis  Removing
 Container ld-m3bench-redis  Removed
 Container ld-m3bench-mysql  Stopped
 Container ld-m3bench-mysql  Removing
 Container ld-m3bench-mysql  Removed
 Container ld-m3bench-es  Stopped
 Container ld-m3bench-es  Removing
 Container ld-m3bench-es  Removed
 Container ld-m3bench-broker  Stopped
 Container ld-m3bench-broker  Removing
 Container ld-m3bench-broker  Removed
 Container ld-m3bench-namesrv  Stopping
 Container ld-m3bench-namesrv  Stopped
 Container ld-m3bench-namesrv  Removing
 Container ld-m3bench-namesrv  Removed
 Volume ld-m3bench_redis-data  Removing
 Volume ld-m3bench_mysql-data  Removing
 Network ld-m3bench_local-deals-net  Removing
 Volume ld-m3bench_redis-data  Removed
 Volume ld-m3bench_mysql-data  Removed
 Network ld-m3bench_local-deals-net  Removed
 Container ld-m3bench-redis-c3  Stopping
 Container ld-m3bench-redis-c2  Stopping
 Container ld-m3bench-redis-c4  Stopping
 Container ld-m3bench-redis-c5  Stopping
 Container ld-m3bench-redis-c6  Stopping
 Container ld-m3bench-redis-c1  Stopping
 Container ld-m3bench-redis-c3  Stopped
 Container ld-m3bench-redis-c3  Removing
 Container ld-m3bench-redis-c4  Stopped
 Container ld-m3bench-redis-c4  Removing
 Container ld-m3bench-redis-c3  Removed
 Container ld-m3bench-redis-c4  Removed
 Container ld-m3bench-redis-c5  Stopped
 Container ld-m3bench-redis-c5  Removing
 Container ld-m3bench-redis-c1  Stopped
 Container ld-m3bench-redis-c1  Removing
 Container ld-m3bench-redis-c5  Removed
 Container ld-m3bench-redis-c6  Stopped
 Container ld-m3bench-redis-c6  Removing
 Container ld-m3bench-redis-c1  Removed
 Container ld-m3bench-redis-c2  Stopped
 Container ld-m3bench-redis-c2  Removing
 Container ld-m3bench-redis-c6  Removed
 Container ld-m3bench-redis-c2  Removed
2026-09-20 22:10:09 cleanup done; status: DONE
