2026-09-20 16:55:59 scenario m5-smoke -> /home/sd101t/IdeaProjects/hm-dianping/benchmark/v2/m5/20260920-165559-m5-smoke
2026-09-20 16:55:59 phase stack-up start (timeout 900s)
 Network ld-m3bench_local-deals-net  Creating
 Network ld-m3bench_local-deals-net  Created
 Volume "ld-m3bench_redis-data"  Creating
 Volume "ld-m3bench_redis-data"  Created
 Volume "ld-m3bench_mysql-data"  Creating
 Volume "ld-m3bench_mysql-data"  Created
 Container ld-m3bench-namesrv  Creating
 Container ld-m3bench-redis  Creating
 Container ld-m3bench-mysql  Creating
 Container ld-m3bench-es  Creating
 Container ld-m3bench-mysql  Created
 Container ld-m3bench-namesrv  Created
 Container ld-m3bench-broker  Creating
 Container ld-m3bench-redis  Created
 Container ld-m3bench-es  Created
 Container ld-m3bench-broker  Created
 Container ld-m3bench-namesrv  Starting
 Container ld-m3bench-es  Starting
 Container ld-m3bench-mysql  Starting
 Container ld-m3bench-redis  Starting
 Container ld-m3bench-es  Started
 Container ld-m3bench-redis  Started
 Container ld-m3bench-namesrv  Started
 Container ld-m3bench-broker  Starting
 Container ld-m3bench-mysql  Started
 Container ld-m3bench-broker  Started
 Container ld-m3bench-redis-c1  Creating
 Container ld-m3bench-redis-c2  Creating
 Container ld-m3bench-redis-c3  Creating
 Container ld-m3bench-redis-c4  Creating
 Container ld-m3bench-redis-c5  Creating
 Container ld-m3bench-redis-c6  Creating
 Container ld-m3bench-redis-c2  Created
 Container ld-m3bench-redis-c4  Created
 Container ld-m3bench-redis-c5  Created
 Container ld-m3bench-redis-c1  Created
 Container ld-m3bench-redis-c6  Created
 Container ld-m3bench-redis-c3  Created
 Container ld-m3bench-redis-c2  Starting
 Container ld-m3bench-redis-c6  Starting
 Container ld-m3bench-redis-c4  Starting
 Container ld-m3bench-redis-c3  Starting
 Container ld-m3bench-redis-c5  Starting
 Container ld-m3bench-redis-c1  Starting
 Container ld-m3bench-redis-c4  Started
 Container ld-m3bench-redis-c1  Started
 Container ld-m3bench-redis-c6  Started
 Container ld-m3bench-redis-c3  Started
 Container ld-m3bench-redis-c5  Started
 Container ld-m3bench-redis-c2  Started
dependency containers pinned to CPUs 4-5,12-13
stack ld-m3bench ready: mysql=33306 redis-cluster=127.0.0.1:38001,127.0.0.1:38002,127.0.0.1:38003,127.0.0.1:38004,127.0.0.1:38005,127.0.0.1:38006 namesrv=39876 broker=30911 es=39200
2026-09-20 16:56:52 phase stack-up done
2026-09-20 16:56:52 phase build start (timeout 1200s)
准备工作区（分离头指针 7c4ee52）
HEAD 现在位于 7c4ee52 Merge M4: batch consumption, one stock update per voucher per batch
2026-09-20 16:57:03 phase build done
2026-09-20 16:57:03 phase ladder-baseline start (timeout 780s)
app started pid=3373693 cpus=0-3,8-11 log=/home/sd101t/IdeaProjects/hm-dianping/benchmark/v2/run/m3bench/app.log
users=20000 tokens=/home/sd101t/IdeaProjects/hm-dianping/benchmark/v2/run/tokens.csv
commit=7c4ee52, kind=step, target_rps=200, stock=1000, voucher=10, achieved_rps=200.1, requests=1001, dropped=0, p50_ms=1.8, p95_ms=9.7, p99_ms=57.2, max_ms=109.6, http_fail_rate=0, accepted=1000, outcomes=accepted=1000;out_of_stock=1, drain_s_after_load=2.1, persist_orders_per_s=140.5, app_cpu_cores=1.36, mysql_cpu_cores=0.1, redis_cpu_cores=0.03, broker_cpu_cores=0.51, half_msgs=0, order_msgs=1000, k6_cpu_cores=0.08, raw=step-r200-s1000-165718.json
commit=7c4ee52, kind=step, target_rps=2000, stock=200, voucher=11, achieved_rps=1999.6, requests=19999, dropped=0, p50_ms=0.1, p95_ms=0.2, p99_ms=18.6, max_ms=53.7, http_fail_rate=0, accepted=200, outcomes=accepted=200;out_of_stock=19799, drain_s_after_load=0.0, persist_orders_per_s=, app_cpu_cores=0.41, mysql_cpu_cores=0.02, redis_cpu_cores=0.0, broker_cpu_cores=0.09, half_msgs=0, order_msgs=200, k6_cpu_cores=0.36, raw=step-r2000-s200-165742.json
app stopped
2026-09-20 16:58:11 phase ladder-baseline done
2026-09-20 16:58:11 phase ladder-current start (timeout 780s)
app started pid=3380448 cpus=0-3,8-11 log=/home/sd101t/IdeaProjects/hm-dianping/benchmark/v2/run/m3bench/app.log
users=20000 tokens=/home/sd101t/IdeaProjects/hm-dianping/benchmark/v2/run/tokens.csv
commit=ee1aff4, kind=step, target_rps=200, stock=1000, voucher=12, achieved_rps=200.1, requests=1001, dropped=0, p50_ms=1.9, p95_ms=6.6, p99_ms=23.6, max_ms=67.0, http_fail_rate=0, accepted=1000, outcomes=accepted=1000;out_of_stock=1, drain_s_after_load=0.0, persist_orders_per_s=198.3, app_cpu_cores=1.87, mysql_cpu_cores=0.16, redis_cpu_cores=0.11, broker_cpu_cores=0.3, half_msgs=0, order_msgs=1000, k6_cpu_cores=0.09, raw=step-r200-s1000-165818.json
commit=ee1aff4, kind=step, target_rps=2000, stock=200, voucher=13, achieved_rps=1999.9, requests=20002, dropped=0, p50_ms=0.1, p95_ms=0.2, p99_ms=7.1, max_ms=49.7, http_fail_rate=0.0001, accepted=200, outcomes=accepted=200;http_429=2;out_of_stock=19800, drain_s_after_load=0.0, persist_orders_per_s=73.8, app_cpu_cores=0.49, mysql_cpu_cores=0.03, redis_cpu_cores=0.02, broker_cpu_cores=0.09, half_msgs=0, order_msgs=200, k6_cpu_cores=0.35, raw=step-r2000-s200-165842.json
app stopped
2026-09-20 16:59:11 phase ladder-current done
2026-09-20 16:59:11 phase drain-baseline-1 start (timeout 1500s)
app started pid=3387098 cpus=0-3,8-11 log=/home/sd101t/IdeaProjects/hm-dianping/benchmark/v2/run/m3bench/app.log
users=20000 tokens=/home/sd101t/IdeaProjects/hm-dianping/benchmark/v2/run/tokens.csv
commit=7c4ee52, kind=step, target_rps=200, stock=1000, voucher=14, achieved_rps=200.1, requests=1001, dropped=0, p50_ms=1.6, p95_ms=5.8, p99_ms=29.0, max_ms=71.7, http_fail_rate=0, accepted=1000, outcomes=accepted=1000;out_of_stock=1, drain_s_after_load=8.4, persist_orders_per_s=67.3, app_cpu_cores=1.21, mysql_cpu_cores=0.09, redis_cpu_cores=0.03, broker_cpu_cores=0.28, half_msgs=0, order_msgs=1000, k6_cpu_cores=0.08, raw=step-r200-s1000-165918.json
commit=7c4ee52, kind=drain, target_rps=1000, stock=2000, voucher=15, achieved_rps=1000.0, requests=3001, dropped=0, p50_ms=0.7, p95_ms=4.0, p99_ms=10.0, max_ms=23.7, http_fail_rate=0, accepted=2000, outcomes=accepted=2000;out_of_stock=1001, drain_s_after_load=4.2, persist_orders_per_s=341.2, app_cpu_cores=1.23, mysql_cpu_cores=0.11, redis_cpu_cores=0.05, broker_cpu_cores=0.2, half_msgs=0, order_msgs=2000, k6_cpu_cores=0.23, raw=drain-r1000-s2000-165951.json
app stopped
2026-09-20 17:00:20 phase drain-baseline-1 done
2026-09-20 17:00:20 phase drain-current-1 start (timeout 1500s)
app started pid=3399050 cpus=0-3,8-11 log=/home/sd101t/IdeaProjects/hm-dianping/benchmark/v2/run/m3bench/app.log
users=20000 tokens=/home/sd101t/IdeaProjects/hm-dianping/benchmark/v2/run/tokens.csv
commit=ee1aff4, kind=step, target_rps=200, stock=1000, voucher=16, achieved_rps=200.1, requests=1001, dropped=0, p50_ms=1.5, p95_ms=3.8, p99_ms=21.3, max_ms=66.2, http_fail_rate=0, accepted=1000, outcomes=accepted=1000;out_of_stock=1, drain_s_after_load=0.0, persist_orders_per_s=199.9, app_cpu_cores=1.78, mysql_cpu_cores=0.15, redis_cpu_cores=0.1, broker_cpu_cores=0.15, half_msgs=0, order_msgs=1000, k6_cpu_cores=0.09, raw=step-r200-s1000-170028.json
commit=ee1aff4, kind=drain, target_rps=1000, stock=2000, voucher=17, achieved_rps=999.7, requests=3001, dropped=0, p50_ms=0.8, p95_ms=10.3, p99_ms=35.4, max_ms=61.9, http_fail_rate=0, accepted=2000, outcomes=accepted=2000;out_of_stock=1001, drain_s_after_load=1.1, persist_orders_per_s=390.3, app_cpu_cores=2.49, mysql_cpu_cores=0.32, redis_cpu_cores=0.22, broker_cpu_cores=0.23, half_msgs=0, order_msgs=2000, k6_cpu_cores=0.22, raw=drain-r1000-s2000-170053.json
app stopped
2026-09-20 17:01:18 phase drain-current-1 done
2026-09-20 17:01:18 phase bucket-sweep-k1 start (timeout 1500s)
app started pid=3411167 cpus=0-3,8-11 log=/home/sd101t/IdeaProjects/hm-dianping/benchmark/v2/run/m3bench/app.log
users=20000 tokens=/home/sd101t/IdeaProjects/hm-dianping/benchmark/v2/run/tokens.csv
commit=sweep, kind=step, target_rps=200, stock=1000, voucher=18, achieved_rps=200.1, requests=1001, dropped=0, p50_ms=1.5, p95_ms=3.9, p99_ms=25.2, max_ms=68.2, http_fail_rate=0, accepted=1000, outcomes=accepted=1000;out_of_stock=1, drain_s_after_load=0.0, persist_orders_per_s=198.4, app_cpu_cores=1.8, mysql_cpu_cores=0.16, redis_cpu_cores=0.1, broker_cpu_cores=0.14, half_msgs=0, order_msgs=1000, k6_cpu_cores=0.08, raw=step-r200-s1000-170124.json
commit=ee1aff4:k1, kind=drain, target_rps=1000, stock=2000, voucher=19, achieved_rps=999.7, requests=3001, dropped=0, p50_ms=0.8, p95_ms=10.7, p99_ms=31.9, max_ms=42.1, http_fail_rate=0, accepted=2000, outcomes=accepted=2000;out_of_stock=1001, drain_s_after_load=8.4, persist_orders_per_s=155.0, app_cpu_cores=2.13, mysql_cpu_cores=0.26, redis_cpu_cores=0.17, broker_cpu_cores=0.19, half_msgs=0, order_msgs=2000, k6_cpu_cores=0.22, raw=drain-r1000-s2000-170149.json
app stopped
2026-09-20 17:02:21 phase bucket-sweep-k1 done
2026-09-20 17:02:21 phase redis-kill-drill-1 start (timeout 2700s)
app started pid=3423204 cpus=0-3,8-11 log=/home/sd101t/IdeaProjects/hm-dianping/benchmark/v2/run/m3bench/app.log
users=20000 tokens=/home/sd101t/IdeaProjects/hm-dianping/benchmark/v2/run/tokens.csv
commit=ee1aff4, kind=step, target_rps=200, stock=1000, voucher=20, achieved_rps=200.1, requests=1001, dropped=0, p50_ms=1.7, p95_ms=4.4, p99_ms=19.1, max_ms=64.5, http_fail_rate=0, accepted=1000, outcomes=accepted=1000;out_of_stock=1, drain_s_after_load=7.4, persist_orders_per_s=74.8, app_cpu_cores=1.34, mysql_cpu_cores=0.1, redis_cpu_cores=0.08, broker_cpu_cores=0.13, half_msgs=0, order_msgs=1000, k6_cpu_cores=0.09, raw=step-r200-s1000-170230.json
app stopped
2026-09-20 17:03:39 phase redis-kill-drill-1 done
2026-09-20 17:03:39 scenario m5-smoke done -> /home/sd101t/IdeaProjects/hm-dianping/benchmark/v2/m5/20260920-165559-m5-smoke
 Container ld-m3bench-redis  Stopping
 Container ld-m3bench-es  Stopping
 Container ld-m3bench-broker  Stopping
 Container ld-m3bench-mysql  Stopping
 Container ld-m3bench-redis  Stopped
 Container ld-m3bench-redis  Removing
 Container ld-m3bench-redis  Removed
 Container ld-m3bench-mysql  Stopped
 Container ld-m3bench-mysql  Removing
 Container ld-m3bench-mysql  Removed
 Container ld-m3bench-es  Stopped
 Container ld-m3bench-es  Removing
 Container ld-m3bench-es  Removed
 Container ld-m3bench-broker  Stopped
 Container ld-m3bench-broker  Removing
 Container ld-m3bench-broker  Removed
 Container ld-m3bench-namesrv  Stopping
 Container ld-m3bench-namesrv  Stopped
 Container ld-m3bench-namesrv  Removing
 Container ld-m3bench-namesrv  Removed
 Volume ld-m3bench_redis-data  Removing
 Volume ld-m3bench_mysql-data  Removing
 Network ld-m3bench_local-deals-net  Removing
 Volume ld-m3bench_redis-data  Removed
 Volume ld-m3bench_mysql-data  Removed
 Network ld-m3bench_local-deals-net  Removed
 Container ld-m3bench-redis-c3  Stopping
 Container ld-m3bench-redis-c5  Stopping
 Container ld-m3bench-redis-c4  Stopping
 Container ld-m3bench-redis-c2  Stopping
 Container ld-m3bench-redis-c1  Stopping
 Container ld-m3bench-redis-c6  Stopping
 Container ld-m3bench-redis-c1  Stopped
 Container ld-m3bench-redis-c1  Removing
 Container ld-m3bench-redis-c1  Removed
 Container ld-m3bench-redis-c4  Stopped
 Container ld-m3bench-redis-c4  Removing
 Container ld-m3bench-redis-c5  Stopped
 Container ld-m3bench-redis-c5  Removing
 Container ld-m3bench-redis-c2  Stopped
 Container ld-m3bench-redis-c2  Removing
 Container ld-m3bench-redis-c4  Removed
 Container ld-m3bench-redis-c5  Removed
 Container ld-m3bench-redis-c6  Stopped
 Container ld-m3bench-redis-c6  Removing
 Container ld-m3bench-redis-c2  Removed
 Container ld-m3bench-redis-c3  Stopped
 Container ld-m3bench-redis-c3  Removing
 Container ld-m3bench-redis-c6  Removed
 Container ld-m3bench-redis-c3  Removed
2026-09-20 17:04:06 cleanup done; status: DONE
