2026-09-20 14:07:22 scenario m4-smoke -> /home/sd101t/IdeaProjects/hm-dianping/benchmark/v2/m4/20260920-140722-m4-smoke
2026-09-20 14:07:22 phase stack-up start (timeout 900s)
 Network ld-m3bench_local-deals-net  Creating
 Network ld-m3bench_local-deals-net  Created
 Volume "ld-m3bench_redis-data"  Creating
 Volume "ld-m3bench_redis-data"  Created
 Volume "ld-m3bench_mysql-data"  Creating
 Volume "ld-m3bench_mysql-data"  Created
 Container ld-m3bench-namesrv  Creating
 Container ld-m3bench-mysql  Creating
 Container ld-m3bench-redis  Creating
 Container ld-m3bench-es  Creating
 Container ld-m3bench-mysql  Created
 Container ld-m3bench-redis  Created
 Container ld-m3bench-es  Created
 Container ld-m3bench-namesrv  Created
 Container ld-m3bench-broker  Creating
 Container ld-m3bench-broker  Created
 Container ld-m3bench-redis  Starting
 Container ld-m3bench-mysql  Starting
 Container ld-m3bench-es  Starting
 Container ld-m3bench-namesrv  Starting
 Container ld-m3bench-mysql  Started
 Container ld-m3bench-es  Started
 Container ld-m3bench-namesrv  Started
 Container ld-m3bench-broker  Starting
 Container ld-m3bench-redis  Started
 Container ld-m3bench-broker  Started
dependency containers pinned to CPUs 4-5,12-13
stack ld-m3bench ready: mysql=33306 redis=36379 namesrv=39876 broker=30911 es=39200
2026-09-20 14:08:12 phase stack-up done
2026-09-20 14:08:12 phase build start (timeout 1200s)
准备工作区（分离头指针 7a2ac04）
HEAD 现在位于 7a2ac04 Merge v2/m3-admission-funnel: M3 admission funnel, local snowflake, winners-only broker
2026-09-20 14:08:22 phase build done
2026-09-20 14:08:22 phase ladder-baseline start (timeout 780s)
app started pid=2141125 cpus=0-3,8-11 log=/home/sd101t/IdeaProjects/hm-dianping/benchmark/v2/run/m3bench/app.log
users=20000 tokens=/home/sd101t/IdeaProjects/hm-dianping/benchmark/v2/run/tokens.csv
commit=7a2ac04, kind=step, target_rps=200, stock=1000, voucher=10, achieved_rps=194.1, requests=971, dropped=30, p50_ms=4.0, p95_ms=568.4, p99_ms=767.9, max_ms=821.3, http_fail_rate=0, accepted=971, outcomes=accepted=971, drain_s_after_load=2.2, persist_orders_per_s=162.9, app_cpu_cores=1.72, mysql_cpu_cores=0.15, redis_cpu_cores=0.05, broker_cpu_cores=0.58, half_msgs=0, order_msgs=971, k6_cpu_cores=0.1, raw=step-r200-s1000-140837.json
commit=7a2ac04, kind=step, target_rps=2000, stock=200, voucher=11, achieved_rps=1999.8, requests=20001, dropped=0, p50_ms=0.1, p95_ms=1.2, p99_ms=31.6, max_ms=60.2, http_fail_rate=0.0009, accepted=200, outcomes=accepted=200;http_429=18;out_of_stock=19783, drain_s_after_load=0.0, persist_orders_per_s=30.9, app_cpu_cores=0.45, mysql_cpu_cores=0.04, redis_cpu_cores=0.01, broker_cpu_cores=0.09, half_msgs=0, order_msgs=200, k6_cpu_cores=0.31, raw=step-r2000-s200-140903.json
app stopped
2026-09-20 14:09:31 phase ladder-baseline done
2026-09-20 14:09:31 phase ladder-current start (timeout 780s)
app started pid=2148236 cpus=0-3,8-11 log=/home/sd101t/IdeaProjects/hm-dianping/benchmark/v2/run/m3bench/app.log
users=20000 tokens=/home/sd101t/IdeaProjects/hm-dianping/benchmark/v2/run/tokens.csv
commit=82df9bd, kind=step, target_rps=200, stock=1000, voucher=12, achieved_rps=199.8, requests=1001, dropped=0, p50_ms=4.4, p95_ms=18.2, p99_ms=77.5, max_ms=127.9, http_fail_rate=0, accepted=1000, outcomes=accepted=1000;out_of_stock=1, drain_s_after_load=8.4, persist_orders_per_s=70.8, app_cpu_cores=1.49, mysql_cpu_cores=0.12, redis_cpu_cores=0.04, broker_cpu_cores=0.36, half_msgs=0, order_msgs=1000, k6_cpu_cores=0.1, raw=step-r200-s1000-140938.json
commit=82df9bd, kind=step, target_rps=2000, stock=200, voucher=13, achieved_rps=1999.7, requests=20000, dropped=0, p50_ms=0.1, p95_ms=0.7, p99_ms=9.4, max_ms=44.3, http_fail_rate=0, accepted=200, outcomes=accepted=200;out_of_stock=19800, drain_s_after_load=0.0, persist_orders_per_s=128.3, app_cpu_cores=0.43, mysql_cpu_cores=0.03, redis_cpu_cores=0.01, broker_cpu_cores=0.07, half_msgs=0, order_msgs=200, k6_cpu_cores=0.36, raw=step-r2000-s200-141009.json
app stopped
2026-09-20 14:10:41 phase ladder-current done
2026-09-20 14:10:41 phase drain-baseline-1 start (timeout 1500s)
app started pid=2155758 cpus=0-3,8-11 log=/home/sd101t/IdeaProjects/hm-dianping/benchmark/v2/run/m3bench/app.log
users=20000 tokens=/home/sd101t/IdeaProjects/hm-dianping/benchmark/v2/run/tokens.csv
commit=7a2ac04, kind=step, target_rps=200, stock=1000, voucher=14, achieved_rps=191.3, requests=958, dropped=43, p50_ms=4.2, p95_ms=719.5, p99_ms=885.6, max_ms=938.2, http_fail_rate=0, accepted=958, outcomes=accepted=958, drain_s_after_load=0.0, persist_orders_per_s=270.0, app_cpu_cores=2.04, mysql_cpu_cores=0.2, redis_cpu_cores=0.05, broker_cpu_cores=0.42, half_msgs=0, order_msgs=958, k6_cpu_cores=0.1, raw=step-r200-s1000-141047.json
