2026-09-21 01:49:05 scenario m8-fullchain-smoke -> /home/sd101t/IdeaProjects/hm-dianping/benchmark/v2/m8/20260921-014905-m8-fullchain-smoke
2026-09-21 01:49:05 phase stack-up start (timeout 900s)
 Network ld-m3bench_local-deals-net  Creating
 Network ld-m3bench_local-deals-net  Created
 Volume "ld-m3bench_mysql-data"  Creating
 Volume "ld-m3bench_mysql-data"  Created
 Volume "ld-m3bench_redis-data"  Creating
 Volume "ld-m3bench_redis-data"  Created
 Container ld-m3bench-namesrv  Creating
 Container ld-m3bench-mysql  Creating
 Container ld-m3bench-redis  Creating
 Container ld-m3bench-es  Creating
 Container ld-m3bench-redis  Created
 Container ld-m3bench-es  Created
 Container ld-m3bench-namesrv  Created
 Container ld-m3bench-broker  Creating
 Container ld-m3bench-mysql  Created
 Container ld-m3bench-broker  Created
 Container ld-m3bench-redis  Starting
 Container ld-m3bench-es  Starting
 Container ld-m3bench-mysql  Starting
 Container ld-m3bench-namesrv  Starting
 Container ld-m3bench-redis  Started
 Container ld-m3bench-namesrv  Started
 Container ld-m3bench-broker  Starting
 Container ld-m3bench-mysql  Started
 Container ld-m3bench-es  Started
 Container ld-m3bench-broker  Started
 Container ld-m3bench-redis-c4  Creating
 Container ld-m3bench-redis-c5  Creating
 Container ld-m3bench-redis-c6  Creating
 Container ld-m3bench-redis-c3  Creating
 Container ld-m3bench-redis-c1  Creating
 Container ld-m3bench-redis-c2  Creating
 Container ld-m3bench-redis-c3  Created
 Container ld-m3bench-redis-c4  Created
 Container ld-m3bench-redis-c1  Created
 Container ld-m3bench-redis-c2  Created
 Container ld-m3bench-redis-c5  Created
 Container ld-m3bench-redis-c6  Created
 Container ld-m3bench-redis-c3  Starting
 Container ld-m3bench-redis-c4  Starting
 Container ld-m3bench-redis-c2  Starting
 Container ld-m3bench-redis-c1  Starting
 Container ld-m3bench-redis-c6  Starting
 Container ld-m3bench-redis-c5  Starting
 Container ld-m3bench-redis-c3  Started
 Container ld-m3bench-redis-c6  Started
 Container ld-m3bench-redis-c1  Started
 Container ld-m3bench-redis-c5  Started
 Container ld-m3bench-redis-c2  Started
 Container ld-m3bench-redis-c4  Started
dependency containers pinned to CPUs 4-5,12-13
stack ld-m3bench ready: mysql=33306 redis-cluster=127.0.0.1:38001,127.0.0.1:38002,127.0.0.1:38003,127.0.0.1:38004,127.0.0.1:38005,127.0.0.1:38006 namesrv=39876 broker=30911 es=39200
2026-09-21 01:49:58 phase stack-up done
2026-09-21 01:49:58 phase build start (timeout 1200s)
2026-09-21 01:50:00 phase build done
2026-09-21 01:50:00 phase full-chain start (timeout 3600s)
app started instance=1 pid=1706214 port=38083 cpus=0,8 log=/home/sd101t/IdeaProjects/hm-dianping/benchmark/v2/run/m3bench/app.log
app started instance=2 pid=1707042 port=38084 cpus=1,9 log=/home/sd101t/IdeaProjects/hm-dianping/benchmark/v2/run/m3bench/app-i2.log
nginx started port=38983 upstreams=2 cpus=3,11
users=6000 tokens=/home/sd101t/IdeaProjects/hm-dianping/benchmark/v2/run/tokens.csv
commit=warmup, kind=step, target_rps=200, stock=1000, voucher=10, achieved_rps=200.1, requests=1001, dropped=0, p50_ms=4.5, p95_ms=36.0, p99_ms=123.9, max_ms=276.9, http_fail_rate=0, accepted=1000, outcomes=accepted=1000;out_of_stock=1, drain_s_after_load=6.5, persist_orders_per_s=87.6, app_cpu_cores=2.34, mysql_cpu_cores=0.12, redis_cpu_cores=0.08, broker_cpu_cores=0.5, half_msgs=0, order_msgs=1000, k6_cpu_cores=0.09, batch_mean=1.56, raw=step-r200-s1000-015044.json
waiting up to 110s for 16 unpaid orders to close
app stopped (instances: 1 2)
2026-09-21 01:52:02 phase full-chain done
2026-09-21 01:52:02 scenario m8-fullchain-smoke done -> /home/sd101t/IdeaProjects/hm-dianping/benchmark/v2/m8/20260921-014905-m8-fullchain-smoke
 Container ld-m3bench-es  Stopping
 Container ld-m3bench-broker  Stopping
 Container ld-m3bench-redis  Stopping
 Container ld-m3bench-mysql  Stopping
 Container ld-m3bench-redis  Stopped
 Container ld-m3bench-redis  Removing
 Container ld-m3bench-redis  Removed
 Container ld-m3bench-mysql  Stopped
 Container ld-m3bench-mysql  Removing
 Container ld-m3bench-mysql  Removed
 Container ld-m3bench-es  Stopped
 Container ld-m3bench-es  Removing
 Container ld-m3bench-es  Removed
 Container ld-m3bench-broker  Stopped
 Container ld-m3bench-broker  Removing
 Container ld-m3bench-broker  Removed
 Container ld-m3bench-namesrv  Stopping
 Container ld-m3bench-namesrv  Stopped
 Container ld-m3bench-namesrv  Removing
 Container ld-m3bench-namesrv  Removed
 Volume ld-m3bench_mysql-data  Removing
 Volume ld-m3bench_redis-data  Removing
 Network ld-m3bench_local-deals-net  Removing
 Volume ld-m3bench_mysql-data  Removed
 Volume ld-m3bench_redis-data  Removed
 Network ld-m3bench_local-deals-net  Removed
 Container ld-m3bench-redis-c5  Stopping
 Container ld-m3bench-redis-c2  Stopping
 Container ld-m3bench-redis-c3  Stopping
 Container ld-m3bench-redis-c4  Stopping
 Container ld-m3bench-redis-c1  Stopping
 Container ld-m3bench-redis-c6  Stopping
 Container ld-m3bench-redis-c4  Stopped
 Container ld-m3bench-redis-c4  Removing
 Container ld-m3bench-redis-c5  Stopped
 Container ld-m3bench-redis-c5  Removing
 Container ld-m3bench-redis-c1  Stopped
 Container ld-m3bench-redis-c1  Removing
 Container ld-m3bench-redis-c2  Stopped
 Container ld-m3bench-redis-c2  Removing
 Container ld-m3bench-redis-c4  Removed
 Container ld-m3bench-redis-c5  Removed
 Container ld-m3bench-redis-c1  Removed
 Container ld-m3bench-redis-c2  Removed
 Container ld-m3bench-redis-c6  Stopped
 Container ld-m3bench-redis-c6  Removing
 Container ld-m3bench-redis-c3  Stopped
 Container ld-m3bench-redis-c3  Removing
 Container ld-m3bench-redis-c6  Removed
 Container ld-m3bench-redis-c3  Removed
2026-09-21 01:52:29 cleanup done; status: DONE
