2026-09-21 02:58:38 scenario m6-smoke -> /home/sd101t/IdeaProjects/hm-dianping/benchmark/v2/m6/20260921-025838-m6-smoke
2026-09-21 02:58:38 phase stack-up start (timeout 900s)
 Network ld-m3bench_local-deals-net  Creating
 Network ld-m3bench_local-deals-net  Created
 Volume "ld-m3bench_mysql-data"  Creating
 Volume "ld-m3bench_mysql-data"  Created
 Volume "ld-m3bench_redis-data"  Creating
 Volume "ld-m3bench_redis-data"  Created
 Container ld-m3bench-namesrv  Creating
 Container ld-m3bench-mysql  Creating
 Container ld-m3bench-es  Creating
 Container ld-m3bench-redis  Creating
 Container ld-m3bench-redis  Created
 Container ld-m3bench-mysql  Created
 Container ld-m3bench-es  Created
 Container ld-m3bench-namesrv  Created
 Container ld-m3bench-broker  Creating
 Container ld-m3bench-broker  Created
 Container ld-m3bench-mysql  Starting
 Container ld-m3bench-es  Starting
 Container ld-m3bench-redis  Starting
 Container ld-m3bench-namesrv  Starting
 Container ld-m3bench-mysql  Started
 Container ld-m3bench-namesrv  Started
 Container ld-m3bench-broker  Starting
 Container ld-m3bench-redis  Started
 Container ld-m3bench-es  Started
 Container ld-m3bench-broker  Started
 Container ld-m3bench-redis-c1  Creating
 Container ld-m3bench-redis-c2  Creating
 Container ld-m3bench-redis-c3  Creating
 Container ld-m3bench-redis-c5  Creating
 Container ld-m3bench-redis-c6  Creating
 Container ld-m3bench-redis-c4  Creating
 Container ld-m3bench-redis-c1  Created
 Container ld-m3bench-redis-c5  Created
 Container ld-m3bench-redis-c3  Created
 Container ld-m3bench-redis-c4  Created
 Container ld-m3bench-redis-c6  Created
 Container ld-m3bench-redis-c2  Created
 Container ld-m3bench-redis-c3  Starting
 Container ld-m3bench-redis-c5  Starting
 Container ld-m3bench-redis-c1  Starting
 Container ld-m3bench-redis-c2  Starting
 Container ld-m3bench-redis-c6  Starting
 Container ld-m3bench-redis-c4  Starting
 Container ld-m3bench-redis-c4  Started
 Container ld-m3bench-redis-c2  Started
 Container ld-m3bench-redis-c1  Started
 Container ld-m3bench-redis-c5  Started
 Container ld-m3bench-redis-c6  Started
 Container ld-m3bench-redis-c3  Started
dependency containers pinned to CPUs 4-5,12-13
stack ld-m3bench ready: mysql=24306 redis-cluster=127.0.0.1:21001,127.0.0.1:21002,127.0.0.1:21003,127.0.0.1:21004,127.0.0.1:21005,127.0.0.1:21006 namesrv=24876 broker=20912 es=24200
2026-09-21 02:59:31 phase stack-up done
2026-09-21 02:59:31 phase build start (timeout 1200s)
准备工作区（分离头指针 043d863）
HEAD 现在位于 043d863 Merge M5: Redis Cluster, stock buckets, and a master kill that cost 12.6k 503s
2026-09-21 02:59:40 phase build done
2026-09-21 02:59:40 phase ladder-baseline start (timeout 780s)
app started instance=1 pid=1961401 port=24083 cpus=0-3,8-11 log=/home/sd101t/IdeaProjects/hm-dianping/benchmark/v2/run/m3bench/app.log
voucher ids start at 1000000
users=20000 tokens=/home/sd101t/IdeaProjects/hm-dianping/benchmark/v2/run/tokens.csv
commit=043d863, kind=step, target_rps=200, stock=1000, voucher=1000000, achieved_rps=200.0, requests=1001, dropped=0, p50_ms=1.9, p95_ms=6.6, p99_ms=99.7, max_ms=152.4, http_fail_rate=0, accepted=1000, outcomes=accepted=1000;out_of_stock=1, drain_s_after_load=7.5, persist_orders_per_s=79.4, app_cpu_cores=1.43, mysql_cpu_cores=0.11, redis_cpu_cores=0.08, broker_cpu_cores=0.54, half_msgs=0, order_msgs=1000, k6_cpu_cores=0.08, batch_mean=, raw=step-r200-s1000-025951.json
commit=043d863, kind=step, target_rps=2000, stock=200, voucher=1000001, achieved_rps=1999.9, requests=20002, dropped=0, p50_ms=0.1, p95_ms=0.2, p99_ms=8.5, max_ms=57.1, http_fail_rate=0.0003, accepted=200, outcomes=accepted=200;http_429=6;out_of_stock=19796, drain_s_after_load=0.1, persist_orders_per_s=66.4, app_cpu_cores=0.48, mysql_cpu_cores=0.03, redis_cpu_cores=0.02, broker_cpu_cores=0.08, half_msgs=0, order_msgs=200, k6_cpu_cores=0.37, batch_mean=, raw=step-r2000-s200-030021.json
app stopped (instances: 1)
2026-09-21 03:00:55 phase ladder-baseline done
2026-09-21 03:00:55 phase ladder-current start (timeout 780s)
app started instance=1 pid=1968805 port=24083 cpus=0-3,8-11 log=/home/sd101t/IdeaProjects/hm-dianping/benchmark/v2/run/m3bench/app.log
users=20000 tokens=/home/sd101t/IdeaProjects/hm-dianping/benchmark/v2/run/tokens.csv
commit=146d4e4, kind=step, target_rps=200, stock=1000, voucher=10, achieved_rps=200.0, requests=1001, dropped=0, p50_ms=1.9, p95_ms=6.5, p99_ms=35.8, max_ms=87.2, http_fail_rate=0, accepted=1000, outcomes=accepted=1000;out_of_stock=1, drain_s_after_load=0.1, persist_orders_per_s=208.3, app_cpu_cores=2.21, mysql_cpu_cores=0.16, redis_cpu_cores=0.1, broker_cpu_cores=0.31, half_msgs=0, order_msgs=1000, k6_cpu_cores=0.09, batch_mean=1.38, raw=step-r200-s1000-030122.json
commit=146d4e4, kind=step, target_rps=2000, stock=200, voucher=11, achieved_rps=1999.7, requests=20000, dropped=0, p50_ms=0.1, p95_ms=0.3, p99_ms=42.4, max_ms=85.5, http_fail_rate=0.0014, accepted=200, outcomes=accepted=200;http_429=29;out_of_stock=19771, drain_s_after_load=0.1, persist_orders_per_s=, app_cpu_cores=0.5, mysql_cpu_cores=0.02, redis_cpu_cores=0.02, broker_cpu_cores=0.08, half_msgs=0, order_msgs=200, k6_cpu_cores=0.37, batch_mean=6.25, raw=step-r2000-s200-030144.json
app stopped (instances: 1)
2026-09-21 03:02:13 phase ladder-current done
2026-09-21 03:02:13 phase drain-baseline-1 start (timeout 1500s)
app started instance=1 pid=1976051 port=24083 cpus=0-3,8-11 log=/home/sd101t/IdeaProjects/hm-dianping/benchmark/v2/run/m3bench/app.log
voucher ids start at 1000000
users=20000 tokens=/home/sd101t/IdeaProjects/hm-dianping/benchmark/v2/run/tokens.csv
commit=043d863, kind=step, target_rps=200, stock=1000, voucher=1000002, achieved_rps=200.1, requests=1001, dropped=0, p50_ms=1.7, p95_ms=19.2, p99_ms=200.9, max_ms=250.0, http_fail_rate=0, accepted=1000, outcomes=accepted=1000;out_of_stock=1, drain_s_after_load=0.1, persist_orders_per_s=200.1, app_cpu_cores=1.77, mysql_cpu_cores=0.15, redis_cpu_cores=0.1, broker_cpu_cores=0.39, half_msgs=0, order_msgs=1000, k6_cpu_cores=0.09, batch_mean=, raw=step-r200-s1000-030219.json
commit=043d863, kind=drain, target_rps=1000, stock=2000, voucher=1000003, achieved_rps=999.9, requests=3000, dropped=0, p50_ms=0.8, p95_ms=6.3, p99_ms=34.7, max_ms=49.6, http_fail_rate=0, accepted=2000, outcomes=accepted=2000;out_of_stock=1000, drain_s_after_load=1.1, persist_orders_per_s=383.1, app_cpu_cores=2.34, mysql_cpu_cores=0.32, redis_cpu_cores=0.22, broker_cpu_cores=0.33, half_msgs=0, order_msgs=2000, k6_cpu_cores=0.22, batch_mean=, raw=drain-r1000-s2000-030242.json
app stopped (instances: 1)
2026-09-21 03:03:04 phase drain-baseline-1 done
2026-09-21 03:03:04 phase drain-current-1 start (timeout 1500s)
app started instance=1 pid=1988182 port=24083 cpus=0-3,8-11 log=/home/sd101t/IdeaProjects/hm-dianping/benchmark/v2/run/m3bench/app.log
users=20000 tokens=/home/sd101t/IdeaProjects/hm-dianping/benchmark/v2/run/tokens.csv
commit=146d4e4, kind=step, target_rps=200, stock=1000, voucher=12, achieved_rps=200.0, requests=1001, dropped=0, p50_ms=2.0, p95_ms=6.7, p99_ms=39.4, max_ms=75.1, http_fail_rate=0, accepted=1000, outcomes=accepted=1000;out_of_stock=1, drain_s_after_load=0.1, persist_orders_per_s=195.0, app_cpu_cores=2.38, mysql_cpu_cores=0.16, redis_cpu_cores=0.11, broker_cpu_cores=0.16, half_msgs=0, order_msgs=1000, k6_cpu_cores=0.09, batch_mean=1.55, raw=step-r200-s1000-030315.json
commit=146d4e4, kind=drain, target_rps=1000, stock=2000, voucher=13, achieved_rps=999.9, requests=3001, dropped=0, p50_ms=0.9, p95_ms=8.1, p99_ms=29.6, max_ms=41.4, http_fail_rate=0, accepted=2000, outcomes=accepted=2000;out_of_stock=1001, drain_s_after_load=0.1, persist_orders_per_s=992.1, app_cpu_cores=2.24, mysql_cpu_cores=0.19, redis_cpu_cores=0.19, broker_cpu_cores=0.19, half_msgs=0, order_msgs=2000, k6_cpu_cores=0.23, batch_mean=6.23, raw=drain-r1000-s2000-030338.json
app stopped (instances: 1)
2026-09-21 03:04:02 phase drain-current-1 done
2026-09-21 03:04:02 scenario m6-smoke done -> /home/sd101t/IdeaProjects/hm-dianping/benchmark/v2/m6/20260921-025838-m6-smoke
 Container ld-m3bench-redis  Stopping
 Container ld-m3bench-es  Stopping
 Container ld-m3bench-mysql  Stopping
 Container ld-m3bench-broker  Stopping
 Container ld-m3bench-redis  Stopped
 Container ld-m3bench-redis  Removing
 Container ld-m3bench-redis  Removed
 Container ld-m3bench-mysql  Stopped
 Container ld-m3bench-mysql  Removing
 Container ld-m3bench-mysql  Removed
 Container ld-m3bench-es  Stopped
 Container ld-m3bench-es  Removing
 Container ld-m3bench-es  Removed
 Container ld-m3bench-broker  Stopped
 Container ld-m3bench-broker  Removing
 Container ld-m3bench-broker  Removed
 Container ld-m3bench-namesrv  Stopping
 Container ld-m3bench-namesrv  Stopped
 Container ld-m3bench-namesrv  Removing
 Container ld-m3bench-namesrv  Removed
 Volume ld-m3bench_redis-data  Removing
 Volume ld-m3bench_mysql-data  Removing
 Network ld-m3bench_local-deals-net  Removing
 Volume ld-m3bench_redis-data  Removed
 Volume ld-m3bench_mysql-data  Removed
 Network ld-m3bench_local-deals-net  Removed
 Container ld-m3bench-redis-c1  Stopping
 Container ld-m3bench-redis-c2  Stopping
 Container ld-m3bench-redis-c6  Stopping
 Container ld-m3bench-redis-c4  Stopping
 Container ld-m3bench-redis-c3  Stopping
 Container ld-m3bench-redis-c5  Stopping
 Container ld-m3bench-redis-c1  Stopped
 Container ld-m3bench-redis-c1  Removing
 Container ld-m3bench-redis-c4  Stopped
 Container ld-m3bench-redis-c4  Removing
 Container ld-m3bench-redis-c1  Removed
 Container ld-m3bench-redis-c4  Removed
 Container ld-m3bench-redis-c3  Stopped
 Container ld-m3bench-redis-c3  Removing
 Container ld-m3bench-redis-c6  Stopped
 Container ld-m3bench-redis-c6  Removing
 Container ld-m3bench-redis-c3  Removed
 Container ld-m3bench-redis-c6  Removed
 Container ld-m3bench-redis-c5  Stopped
 Container ld-m3bench-redis-c5  Removing
 Container ld-m3bench-redis-c5  Removed
 Container ld-m3bench-redis-c2  Stopped
 Container ld-m3bench-redis-c2  Removing
 Container ld-m3bench-redis-c2  Removed
2026-09-21 03:04:30 cleanup done; status: DONE
