2026-09-21 03:04:35 scenario m8-fullchain-smoke -> /home/sd101t/IdeaProjects/hm-dianping/benchmark/v2/m8/20260921-030435-m8-fullchain-smoke
2026-09-21 03:04:35 phase stack-up start (timeout 900s)
 Network ld-m3bench_local-deals-net  Creating
 Network ld-m3bench_local-deals-net  Created
 Volume "ld-m3bench_redis-data"  Creating
 Volume "ld-m3bench_redis-data"  Created
 Volume "ld-m3bench_mysql-data"  Creating
 Volume "ld-m3bench_mysql-data"  Created
 Container ld-m3bench-redis  Creating
 Container ld-m3bench-es  Creating
 Container ld-m3bench-mysql  Creating
 Container ld-m3bench-namesrv  Creating
 Container ld-m3bench-mysql  Created
 Container ld-m3bench-es  Created
 Container ld-m3bench-redis  Created
 Container ld-m3bench-namesrv  Created
 Container ld-m3bench-broker  Creating
 Container ld-m3bench-broker  Created
 Container ld-m3bench-namesrv  Starting
 Container ld-m3bench-mysql  Starting
 Container ld-m3bench-es  Starting
 Container ld-m3bench-redis  Starting
 Container ld-m3bench-namesrv  Started
 Container ld-m3bench-broker  Starting
 Container ld-m3bench-mysql  Started
 Container ld-m3bench-es  Started
 Container ld-m3bench-redis  Started
 Container ld-m3bench-broker  Started
 Container ld-m3bench-redis-c2  Creating
 Container ld-m3bench-redis-c3  Creating
 Container ld-m3bench-redis-c1  Creating
 Container ld-m3bench-redis-c6  Creating
 Container ld-m3bench-redis-c4  Creating
 Container ld-m3bench-redis-c5  Creating
 Container ld-m3bench-redis-c3  Created
 Container ld-m3bench-redis-c6  Created
 Container ld-m3bench-redis-c1  Created
 Container ld-m3bench-redis-c5  Created
 Container ld-m3bench-redis-c2  Created
 Container ld-m3bench-redis-c4  Created
 Container ld-m3bench-redis-c6  Starting
 Container ld-m3bench-redis-c1  Starting
 Container ld-m3bench-redis-c2  Starting
 Container ld-m3bench-redis-c5  Starting
 Container ld-m3bench-redis-c4  Starting
 Container ld-m3bench-redis-c3  Starting
 Container ld-m3bench-redis-c6  Started
 Container ld-m3bench-redis-c2  Started
 Container ld-m3bench-redis-c4  Started
 Container ld-m3bench-redis-c5  Started
 Container ld-m3bench-redis-c3  Started
 Container ld-m3bench-redis-c1  Started
dependency containers pinned to CPUs 4-5,12-13
stack ld-m3bench ready: mysql=24306 redis-cluster=127.0.0.1:21001,127.0.0.1:21002,127.0.0.1:21003,127.0.0.1:21004,127.0.0.1:21005,127.0.0.1:21006 namesrv=24876 broker=20912 es=24200
2026-09-21 03:05:26 phase stack-up done
2026-09-21 03:05:26 phase build start (timeout 1200s)
2026-09-21 03:05:26 phase build done
2026-09-21 03:05:26 phase full-chain start (timeout 3600s)
app started instance=1 pid=2005810 port=24083 cpus=0,8 log=/home/sd101t/IdeaProjects/hm-dianping/benchmark/v2/run/m3bench/app.log
app started instance=2 pid=2006645 port=24084 cpus=1,9 log=/home/sd101t/IdeaProjects/hm-dianping/benchmark/v2/run/m3bench/app-i2.log
nginx started port=24983 upstreams=2 cpus=3,11
users=6000 tokens=/home/sd101t/IdeaProjects/hm-dianping/benchmark/v2/run/tokens.csv
commit=warmup, kind=step, target_rps=200, stock=1000, voucher=10, achieved_rps=200.1, requests=1001, dropped=0, p50_ms=10.8, p95_ms=138.7, p99_ms=285.1, max_ms=430.6, http_fail_rate=0, accepted=1000, outcomes=accepted=1000;out_of_stock=1, drain_s_after_load=0.1, persist_orders_per_s=227.7, app_cpu_cores=2.82, mysql_cpu_cores=0.18, redis_cpu_cores=0.11, broker_cpu_cores=0.62, half_msgs=0, order_msgs=1000, k6_cpu_cores=0.09, batch_mean=1.69, raw=step-r200-s1000-030600.json
waiting up to 110s for 19 unpaid orders to close
app stopped (instances: 1 2)
2026-09-21 03:07:06 phase full-chain done
2026-09-21 03:07:06 scenario m8-fullchain-smoke done -> /home/sd101t/IdeaProjects/hm-dianping/benchmark/v2/m8/20260921-030435-m8-fullchain-smoke
 Container ld-m3bench-redis  Stopping
 Container ld-m3bench-broker  Stopping
 Container ld-m3bench-mysql  Stopping
 Container ld-m3bench-es  Stopping
 Container ld-m3bench-redis  Stopped
 Container ld-m3bench-redis  Removing
 Container ld-m3bench-redis  Removed
 Container ld-m3bench-mysql  Stopped
 Container ld-m3bench-mysql  Removing
 Container ld-m3bench-mysql  Removed
 Container ld-m3bench-es  Stopped
 Container ld-m3bench-es  Removing
 Container ld-m3bench-es  Removed
 Container ld-m3bench-broker  Stopped
 Container ld-m3bench-broker  Removing
 Container ld-m3bench-broker  Removed
 Container ld-m3bench-namesrv  Stopping
 Container ld-m3bench-namesrv  Stopped
 Container ld-m3bench-namesrv  Removing
 Container ld-m3bench-namesrv  Removed
 Volume ld-m3bench_redis-data  Removing
 Volume ld-m3bench_mysql-data  Removing
 Network ld-m3bench_local-deals-net  Removing
 Volume ld-m3bench_redis-data  Removed
 Volume ld-m3bench_mysql-data  Removed
 Network ld-m3bench_local-deals-net  Removed
 Container ld-m3bench-redis-c2  Stopping
 Container ld-m3bench-redis-c6  Stopping
 Container ld-m3bench-redis-c1  Stopping
 Container ld-m3bench-redis-c3  Stopping
 Container ld-m3bench-redis-c5  Stopping
 Container ld-m3bench-redis-c4  Stopping
 Container ld-m3bench-redis-c4  Stopped
 Container ld-m3bench-redis-c4  Removing
 Container ld-m3bench-redis-c6  Stopped
 Container ld-m3bench-redis-c6  Removing
 Container ld-m3bench-redis-c4  Removed
 Container ld-m3bench-redis-c6  Removed
 Container ld-m3bench-redis-c2  Stopped
 Container ld-m3bench-redis-c2  Removing
 Container ld-m3bench-redis-c3  Stopped
 Container ld-m3bench-redis-c3  Removing
 Container ld-m3bench-redis-c2  Removed
 Container ld-m3bench-redis-c1  Stopped
 Container ld-m3bench-redis-c1  Removing
 Container ld-m3bench-redis-c5  Stopped
 Container ld-m3bench-redis-c5  Removing
 Container ld-m3bench-redis-c3  Removed
 Container ld-m3bench-redis-c1  Removed
 Container ld-m3bench-redis-c5  Removed
2026-09-21 03:07:34 cleanup done; status: DONE
