2026-09-21 02:28:43 scenario m8-scale-smoke -> /home/sd101t/IdeaProjects/hm-dianping/benchmark/v2/m8/20260921-022843-m8-scale-smoke
2026-09-21 02:28:43 phase stack-up start (timeout 900s)
 Network ld-m3bench_local-deals-net  Creating
 Network ld-m3bench_local-deals-net  Created
 Volume "ld-m3bench_mysql-data"  Creating
 Volume "ld-m3bench_mysql-data"  Created
 Volume "ld-m3bench_redis-data"  Creating
 Volume "ld-m3bench_redis-data"  Created
 Container ld-m3bench-mysql  Creating
 Container ld-m3bench-namesrv  Creating
 Container ld-m3bench-redis  Creating
 Container ld-m3bench-es  Creating
 Container ld-m3bench-es  Created
 Container ld-m3bench-namesrv  Created
 Container ld-m3bench-broker  Creating
 Container ld-m3bench-redis  Created
 Container ld-m3bench-mysql  Created
 Container ld-m3bench-broker  Created
 Container ld-m3bench-namesrv  Starting
 Container ld-m3bench-es  Starting
 Container ld-m3bench-mysql  Starting
 Container ld-m3bench-redis  Starting
 Container ld-m3bench-es  Started
 Container ld-m3bench-namesrv  Started
 Container ld-m3bench-broker  Starting
 Container ld-m3bench-mysql  Started
 Container ld-m3bench-redis  Started
 Container ld-m3bench-broker  Started
 Container ld-m3bench-redis-c4  Creating
 Container ld-m3bench-redis-c6  Creating
 Container ld-m3bench-redis-c5  Creating
 Container ld-m3bench-redis-c2  Creating
 Container ld-m3bench-redis-c1  Creating
 Container ld-m3bench-redis-c3  Creating
 Container ld-m3bench-redis-c6  Created
 Container ld-m3bench-redis-c3  Created
 Container ld-m3bench-redis-c1  Created
 Container ld-m3bench-redis-c5  Created
 Container ld-m3bench-redis-c2  Created
 Container ld-m3bench-redis-c4  Created
 Container ld-m3bench-redis-c3  Starting
 Container ld-m3bench-redis-c1  Starting
 Container ld-m3bench-redis-c5  Starting
 Container ld-m3bench-redis-c6  Starting
 Container ld-m3bench-redis-c2  Starting
 Container ld-m3bench-redis-c4  Starting
 Container ld-m3bench-redis-c1  Started
 Container ld-m3bench-redis-c3  Started
 Container ld-m3bench-redis-c6  Started
 Container ld-m3bench-redis-c2  Started
 Container ld-m3bench-redis-c5  Started
 Container ld-m3bench-redis-c4  Started
dependency containers pinned to CPUs 4-5,12-13
stack ld-m3bench ready: mysql=33306 redis-cluster=127.0.0.1:38001,127.0.0.1:38002,127.0.0.1:38003,127.0.0.1:38004,127.0.0.1:38005,127.0.0.1:38006 namesrv=39876 broker=30911 es=39200
2026-09-21 02:29:36 phase stack-up done
2026-09-21 02:29:36 phase build start (timeout 1200s)
2026-09-21 02:29:37 phase build done
2026-09-21 02:29:37 phase scale-1-instances start (timeout 2400s)
app started instance=1 pid=1889657 port=38083 cpus=0,8 log=/home/sd101t/IdeaProjects/hm-dianping/benchmark/v2/run/m3bench/app.log
nginx started port=38983 upstreams=1 cpus=3,11
users=8000 tokens=/home/sd101t/IdeaProjects/hm-dianping/benchmark/v2/run/tokens.csv
Exception ignored in: <_io.TextIOWrapper name='<stdout>' mode='w' encoding='utf-8'>
BrokenPipeError: [Errno 32] Broken pipe
commit=warmup, kind=step, target_rps=200, stock=1000, voucher=10, achieved_rps=198.9, requests=1001, dropped=0, p50_ms=12.3, p95_ms=96.3, p99_ms=199.4, max_ms=252.3, http_fail_rate=0, accepted=1000, outcomes=accepted=1000;out_of_stock=1, drain_s_after_load=1.1, persist_orders_per_s=158.4, app_cpu_cores=1.7, mysql_cpu_cores=0.13, redis_cpu_cores=0.09, broker_cpu_cores=0.52, half_msgs=0, order_msgs=1000, k6_cpu_cores=0.09, batch_mean=1.67, raw=step-r200-s1000-023006.json
Exception ignored in: <_io.TextIOWrapper name='<stdout>' mode='w' encoding='utf-8'>
BrokenPipeError: [Errno 32] Broken pipe
commit=66a3ba1:i1, kind=step, target_rps=2000, stock=200, voucher=11, achieved_rps=2000.0, requests=20001, dropped=0, p50_ms=0.2, p95_ms=2.6, p99_ms=52.1, max_ms=201.8, http_fail_rate=0.003, accepted=200, outcomes=accepted=200;http_429=61;out_of_stock=19740, drain_s_after_load=0.0, persist_orders_per_s=114.9, app_cpu_cores=0.52, mysql_cpu_cores=0.02, redis_cpu_cores=0.02, broker_cpu_cores=0.11, half_msgs=0, order_msgs=200, k6_cpu_cores=0.36, batch_mean=4.88, raw=step-r2000-s200-023030.json
app stopped (instances: 1)
2026-09-21 02:31:05 phase scale-1-instances done
2026-09-21 02:31:05 phase scale-2-instances start (timeout 2400s)
app started instance=1 pid=1897331 port=38083 cpus=0,8 log=/home/sd101t/IdeaProjects/hm-dianping/benchmark/v2/run/m3bench/app.log
stack: timed out waiting for application readiness
2026-09-21 02:34:20 FAILED: scale-2-instances: exit 1 (see run.log)
app stopped (instances: 1 2)
 Container ld-m3bench-es  Stopping
 Container ld-m3bench-redis  Stopping
 Container ld-m3bench-mysql  Stopping
 Container ld-m3bench-broker  Stopping
 Container ld-m3bench-redis  Stopped
 Container ld-m3bench-redis  Removing
 Container ld-m3bench-redis  Removed
 Container ld-m3bench-mysql  Stopped
 Container ld-m3bench-mysql  Removing
 Container ld-m3bench-mysql  Removed
 Container ld-m3bench-es  Stopped
 Container ld-m3bench-es  Removing
 Container ld-m3bench-es  Removed
 Container ld-m3bench-broker  Stopped
 Container ld-m3bench-broker  Removing
 Container ld-m3bench-broker  Removed
 Container ld-m3bench-namesrv  Stopping
 Container ld-m3bench-namesrv  Stopped
 Container ld-m3bench-namesrv  Removing
 Container ld-m3bench-namesrv  Removed
 Volume ld-m3bench_mysql-data  Removing
 Volume ld-m3bench_redis-data  Removing
 Network ld-m3bench_local-deals-net  Removing
 Volume ld-m3bench_mysql-data  Removed
 Volume ld-m3bench_redis-data  Removed
 Network ld-m3bench_local-deals-net  Removed
 Container ld-m3bench-redis-c3  Stopping
 Container ld-m3bench-redis-c4  Stopping
 Container ld-m3bench-redis-c5  Stopping
 Container ld-m3bench-redis-c1  Stopping
 Container ld-m3bench-redis-c6  Stopping
 Container ld-m3bench-redis-c2  Stopping
 Container ld-m3bench-redis-c3  Stopped
 Container ld-m3bench-redis-c3  Removing
 Container ld-m3bench-redis-c3  Removed
 Container ld-m3bench-redis-c4  Stopped
 Container ld-m3bench-redis-c4  Removing
 Container ld-m3bench-redis-c6  Stopped
 Container ld-m3bench-redis-c6  Removing
 Container ld-m3bench-redis-c4  Removed
 Container ld-m3bench-redis-c5  Stopped
 Container ld-m3bench-redis-c5  Removing
 Container ld-m3bench-redis-c6  Removed
 Container ld-m3bench-redis-c1  Stopped
 Container ld-m3bench-redis-c1  Removing
 Container ld-m3bench-redis-c2  Stopped
 Container ld-m3bench-redis-c2  Removing
 Container ld-m3bench-redis-c5  Removed
 Container ld-m3bench-redis-c1  Removed
 Container ld-m3bench-redis-c2  Removed
2026-09-21 02:34:56 cleanup done; status: FAILED: scale-2-instances: exit 1 (see run.log)
