2026-09-20 14:32:42 scenario m4 -> /home/sd101t/IdeaProjects/hm-dianping/benchmark/v2/m4/20260920-143242-m4
2026-09-20 14:32:42 phase stack-up start (timeout 900s)
 Network ld-m3bench_local-deals-net  Creating
 Network ld-m3bench_local-deals-net  Created
 Volume "ld-m3bench_mysql-data"  Creating
 Volume "ld-m3bench_mysql-data"  Created
 Volume "ld-m3bench_redis-data"  Creating
 Volume "ld-m3bench_redis-data"  Created
 Container ld-m3bench-redis  Creating
 Container ld-m3bench-namesrv  Creating
 Container ld-m3bench-es  Creating
 Container ld-m3bench-mysql  Creating
 Container ld-m3bench-es  Created
 Container ld-m3bench-redis  Created
 Container ld-m3bench-namesrv  Created
 Container ld-m3bench-broker  Creating
 Container ld-m3bench-mysql  Created
 Container ld-m3bench-broker  Created
 Container ld-m3bench-redis  Starting
 Container ld-m3bench-es  Starting
 Container ld-m3bench-mysql  Starting
 Container ld-m3bench-namesrv  Starting
 Container ld-m3bench-redis  Started
 Container ld-m3bench-namesrv  Started
 Container ld-m3bench-broker  Starting
 Container ld-m3bench-es  Started
 Container ld-m3bench-mysql  Started
 Container ld-m3bench-broker  Started
dependency containers pinned to CPUs 4-5,12-13
stack ld-m3bench ready: mysql=33306 redis=36379 namesrv=39876 broker=30911 es=39200
2026-09-20 14:33:31 phase stack-up done
2026-09-20 14:33:31 phase build start (timeout 1200s)
准备工作区（分离头指针 7a2ac04）
HEAD 现在位于 7a2ac04 Merge v2/m3-admission-funnel: M3 admission funnel, local snowflake, winners-only broker
2026-09-20 14:33:40 phase build done
2026-09-20 14:33:40 phase ladder-baseline start (timeout 960s)
app started pid=2291144 cpus=0-3,8-11 log=/home/sd101t/IdeaProjects/hm-dianping/benchmark/v2/run/m3bench/app.log
users=100000 tokens=/home/sd101t/IdeaProjects/hm-dianping/benchmark/v2/run/tokens.csv
commit=7a2ac04, kind=step, target_rps=500, stock=1000, voucher=10, achieved_rps=500.0, requests=15001, dropped=0, p50_ms=0.1, p95_ms=1.5, p99_ms=13.7, max_ms=160.1, http_fail_rate=0, accepted=1000, outcomes=accepted=1000;out_of_stock=14001, drain_s_after_load=0.0, persist_orders_per_s=79.8, app_cpu_cores=0.54, mysql_cpu_cores=0.04, redis_cpu_cores=0.01, broker_cpu_cores=0.2, half_msgs=0, order_msgs=1000, k6_cpu_cores=0.13, raw=step-r500-s1000-143351.json
commit=7a2ac04, kind=step, target_rps=10000, stock=1000, voucher=11, achieved_rps=9943.0, requests=298313, dropped=1688, p50_ms=0.1, p95_ms=4.9, p99_ms=86.4, max_ms=387.7, http_fail_rate=0, accepted=1000, outcomes=accepted=1000;out_of_stock=297313, drain_s_after_load=0.0, persist_orders_per_s=172.9, app_cpu_cores=0.71, mysql_cpu_cores=0.04, redis_cpu_cores=0.01, broker_cpu_cores=0.11, half_msgs=0, order_msgs=1000, k6_cpu_cores=1.46, raw=step-r10000-s1000-143439.json
commit=7a2ac04, kind=step, target_rps=20000, stock=1000, voucher=12, achieved_rps=19726.4, requests=591827, dropped=8174, p50_ms=0.1, p95_ms=62.6, p99_ms=86.8, max_ms=250.7, http_fail_rate=0.0002, accepted=1000, outcomes=accepted=1000;http_429=117;out_of_stock=590710, drain_s_after_load=0.0, persist_orders_per_s=144.8, app_cpu_cores=1.01, mysql_cpu_cores=0.05, redis_cpu_cores=0.01, broker_cpu_cores=0.13, half_msgs=0, order_msgs=1000, k6_cpu_cores=2.7, raw=step-r20000-s1000-143526.json
app stopped
2026-09-20 14:36:15 phase ladder-baseline done
2026-09-20 14:36:15 phase ladder-current start (timeout 960s)
app started pid=2306415 cpus=0-3,8-11 log=/home/sd101t/IdeaProjects/hm-dianping/benchmark/v2/run/m3bench/app.log
users=100000 tokens=/home/sd101t/IdeaProjects/hm-dianping/benchmark/v2/run/tokens.csv
commit=cc1ab1a, kind=step, target_rps=500, stock=1000, voucher=13, achieved_rps=500.0, requests=15001, dropped=0, p50_ms=0.1, p95_ms=1.2, p99_ms=4.4, max_ms=131.9, http_fail_rate=0, accepted=1000, outcomes=accepted=1000;out_of_stock=14001, drain_s_after_load=0.0, persist_orders_per_s=152.2, app_cpu_cores=0.47, mysql_cpu_cores=0.04, redis_cpu_cores=0.01, broker_cpu_cores=0.12, half_msgs=0, order_msgs=1000, k6_cpu_cores=0.12, raw=step-r500-s1000-143624.json
commit=cc1ab1a, kind=step, target_rps=10000, stock=1000, voucher=14, achieved_rps=9906.9, requests=297230, dropped=2771, p50_ms=0.1, p95_ms=3.7, p99_ms=104.2, max_ms=340.4, http_fail_rate=0.0003, accepted=1000, outcomes=accepted=1000;http_429=101;out_of_stock=296129, drain_s_after_load=0.0, persist_orders_per_s=703.1, app_cpu_cores=0.65, mysql_cpu_cores=0.02, redis_cpu_cores=0.01, broker_cpu_cores=0.09, half_msgs=0, order_msgs=1000, k6_cpu_cores=1.44, raw=step-r10000-s1000-143712.json
commit=cc1ab1a, kind=step, target_rps=20000, stock=1000, voucher=15, achieved_rps=19764.7, requests=592976, dropped=7025, p50_ms=0.1, p95_ms=60.5, p99_ms=87.3, max_ms=246.5, http_fail_rate=0, accepted=1000, outcomes=accepted=1000;out_of_stock=591976, drain_s_after_load=0.0, persist_orders_per_s=691.5, app_cpu_cores=0.96, mysql_cpu_cores=0.02, redis_cpu_cores=0.01, broker_cpu_cores=0.09, half_msgs=0, order_msgs=1000, k6_cpu_cores=2.7, raw=step-r20000-s1000-143759.json
app stopped
2026-09-20 14:38:48 phase ladder-current done
2026-09-20 14:38:48 phase drain-baseline-1 start (timeout 1500s)
app started pid=2321127 cpus=0-3,8-11 log=/home/sd101t/IdeaProjects/hm-dianping/benchmark/v2/run/m3bench/app.log
users=100000 tokens=/home/sd101t/IdeaProjects/hm-dianping/benchmark/v2/run/tokens.csv
commit=7a2ac04, kind=step, target_rps=500, stock=1000, voucher=16, achieved_rps=500.0, requests=15001, dropped=0, p50_ms=0.1, p95_ms=1.7, p99_ms=8.1, max_ms=171.8, http_fail_rate=0, accepted=1000, outcomes=accepted=1000;out_of_stock=14001, drain_s_after_load=0.0, persist_orders_per_s=371.0, app_cpu_cores=0.56, mysql_cpu_cores=0.04, redis_cpu_cores=0.01, broker_cpu_cores=0.09, half_msgs=0, order_msgs=1000, k6_cpu_cores=0.13, raw=step-r500-s1000-143855.json
commit=7a2ac04, kind=drain, target_rps=2000, stock=20000, voucher=17, achieved_rps=1999.7, requests=22000, dropped=0, p50_ms=0.5, p95_ms=6.0, p99_ms=48.7, max_ms=98.0, http_fail_rate=0, accepted=20000, outcomes=accepted=20000;out_of_stock=2000, drain_s_after_load=114.6, persist_orders_per_s=137.6, app_cpu_cores=2.11, mysql_cpu_cores=0.33, redis_cpu_cores=0.18, broker_cpu_cores=0.34, half_msgs=0, order_msgs=20000, k6_cpu_cores=0.36, raw=drain-r2000-s20000-143944.json
app stopped
2026-09-20 14:42:13 phase drain-baseline-1 done
2026-09-20 14:42:13 phase drain-current-1 start (timeout 1500s)
app started pid=2391329 cpus=0-3,8-11 log=/home/sd101t/IdeaProjects/hm-dianping/benchmark/v2/run/m3bench/app.log
users=100000 tokens=/home/sd101t/IdeaProjects/hm-dianping/benchmark/v2/run/tokens.csv
commit=cc1ab1a, kind=step, target_rps=500, stock=1000, voucher=18, achieved_rps=500.0, requests=15001, dropped=0, p50_ms=0.1, p95_ms=1.4, p99_ms=5.0, max_ms=144.3, http_fail_rate=0, accepted=1000, outcomes=accepted=1000;out_of_stock=14001, drain_s_after_load=0.0, persist_orders_per_s=363.2, app_cpu_cores=0.49, mysql_cpu_cores=0.04, redis_cpu_cores=0.01, broker_cpu_cores=0.07, half_msgs=0, order_msgs=1000, k6_cpu_cores=0.12, raw=step-r500-s1000-144220.json
commit=cc1ab1a, kind=drain, target_rps=2000, stock=20000, voucher=19, achieved_rps=1999.9, requests=22001, dropped=0, p50_ms=0.5, p95_ms=4.7, p99_ms=24.6, max_ms=50.0, http_fail_rate=0, accepted=20000, outcomes=accepted=20000;out_of_stock=2001, drain_s_after_load=11.6, persist_orders_per_s=945.2, app_cpu_cores=1.77, mysql_cpu_cores=0.32, redis_cpu_cores=0.15, broker_cpu_cores=0.3, half_msgs=0, order_msgs=20000, k6_cpu_cores=0.36, raw=drain-r2000-s20000-144308.json
app stopped
2026-09-20 14:43:48 phase drain-current-1 done
2026-09-20 14:43:48 phase drain-baseline-2 start (timeout 1500s)
app started pid=2458193 cpus=0-3,8-11 log=/home/sd101t/IdeaProjects/hm-dianping/benchmark/v2/run/m3bench/app.log
users=100000 tokens=/home/sd101t/IdeaProjects/hm-dianping/benchmark/v2/run/tokens.csv
commit=7a2ac04, kind=step, target_rps=500, stock=1000, voucher=20, achieved_rps=500.0, requests=15001, dropped=0, p50_ms=0.1, p95_ms=1.3, p99_ms=6.0, max_ms=132.5, http_fail_rate=0, accepted=1000, outcomes=accepted=1000;out_of_stock=14001, drain_s_after_load=0.0, persist_orders_per_s=82.5, app_cpu_cores=0.55, mysql_cpu_cores=0.05, redis_cpu_cores=0.01, broker_cpu_cores=0.08, half_msgs=0, order_msgs=1000, k6_cpu_cores=0.14, raw=step-r500-s1000-144358.json
commit=7a2ac04, kind=drain, target_rps=2000, stock=20000, voucher=21, achieved_rps=1999.9, requests=22001, dropped=0, p50_ms=0.5, p95_ms=4.7, p99_ms=24.3, max_ms=54.5, http_fail_rate=0, accepted=20000, outcomes=accepted=20000;out_of_stock=2001, drain_s_after_load=105.6, persist_orders_per_s=156.3, app_cpu_cores=1.81, mysql_cpu_cores=0.23, redis_cpu_cores=0.16, broker_cpu_cores=0.28, half_msgs=0, order_msgs=20000, k6_cpu_cores=0.36, raw=drain-r2000-s20000-144447.json
app stopped
2026-09-20 14:47:05 phase drain-baseline-2 done
2026-09-20 14:47:05 phase drain-current-2 start (timeout 1500s)
app started pid=2527732 cpus=0-3,8-11 log=/home/sd101t/IdeaProjects/hm-dianping/benchmark/v2/run/m3bench/app.log
users=100000 tokens=/home/sd101t/IdeaProjects/hm-dianping/benchmark/v2/run/tokens.csv
commit=cc1ab1a, kind=step, target_rps=500, stock=1000, voucher=22, achieved_rps=500.0, requests=15000, dropped=0, p50_ms=0.1, p95_ms=1.1, p99_ms=3.8, max_ms=148.9, http_fail_rate=0, accepted=1000, outcomes=accepted=1000;out_of_stock=14000, drain_s_after_load=0.0, persist_orders_per_s=201.5, app_cpu_cores=0.48, mysql_cpu_cores=0.05, redis_cpu_cores=0.01, broker_cpu_cores=0.08, half_msgs=0, order_msgs=1000, k6_cpu_cores=0.13, raw=step-r500-s1000-144715.json
commit=cc1ab1a, kind=drain, target_rps=2000, stock=20000, voucher=23, achieved_rps=1999.9, requests=22002, dropped=0, p50_ms=0.5, p95_ms=8.3, p99_ms=43.6, max_ms=115.5, http_fail_rate=0, accepted=20000, outcomes=accepted=20000;out_of_stock=2002, drain_s_after_load=47.7, persist_orders_per_s=319.1, app_cpu_cores=1.68, mysql_cpu_cores=0.28, redis_cpu_cores=0.14, broker_cpu_cores=0.29, half_msgs=0, order_msgs=20000, k6_cpu_cores=0.37, raw=drain-r2000-s20000-144803.json
app stopped
2026-09-20 14:49:28 phase drain-current-2 done
2026-09-20 14:49:28 phase drain-baseline-3 start (timeout 1500s)
app started pid=2595871 cpus=0-3,8-11 log=/home/sd101t/IdeaProjects/hm-dianping/benchmark/v2/run/m3bench/app.log
users=100000 tokens=/home/sd101t/IdeaProjects/hm-dianping/benchmark/v2/run/tokens.csv
commit=7a2ac04, kind=step, target_rps=500, stock=1000, voucher=24, achieved_rps=500.0, requests=15001, dropped=0, p50_ms=0.1, p95_ms=1.1, p99_ms=3.2, max_ms=139.6, http_fail_rate=0, accepted=1000, outcomes=accepted=1000;out_of_stock=14001, drain_s_after_load=0.0, persist_orders_per_s=76.6, app_cpu_cores=0.51, mysql_cpu_cores=0.06, redis_cpu_cores=0.02, broker_cpu_cores=0.08, half_msgs=0, order_msgs=1000, k6_cpu_cores=0.13, raw=step-r500-s1000-144935.json
commit=7a2ac04, kind=drain, target_rps=2000, stock=20000, voucher=25, achieved_rps=1999.9, requests=22001, dropped=0, p50_ms=0.5, p95_ms=4.0, p99_ms=29.0, max_ms=73.6, http_fail_rate=0, accepted=20000, outcomes=accepted=20000;out_of_stock=2001, drain_s_after_load=74.2, persist_orders_per_s=247.4, app_cpu_cores=1.65, mysql_cpu_cores=0.22, redis_cpu_cores=0.14, broker_cpu_cores=0.27, half_msgs=0, order_msgs=20000, k6_cpu_cores=0.36, raw=drain-r2000-s20000-145023.json
app stopped
2026-09-20 14:52:13 phase drain-baseline-3 done
2026-09-20 14:52:13 phase drain-current-3 start (timeout 1500s)
app started pid=2664280 cpus=0-3,8-11 log=/home/sd101t/IdeaProjects/hm-dianping/benchmark/v2/run/m3bench/app.log
users=100000 tokens=/home/sd101t/IdeaProjects/hm-dianping/benchmark/v2/run/tokens.csv
commit=cc1ab1a, kind=step, target_rps=500, stock=1000, voucher=26, achieved_rps=500.0, requests=15001, dropped=0, p50_ms=0.1, p95_ms=1.2, p99_ms=3.7, max_ms=137.6, http_fail_rate=0, accepted=1000, outcomes=accepted=1000;out_of_stock=14001, drain_s_after_load=0.0, persist_orders_per_s=271.6, app_cpu_cores=0.46, mysql_cpu_cores=0.05, redis_cpu_cores=0.01, broker_cpu_cores=0.07, half_msgs=0, order_msgs=1000, k6_cpu_cores=0.12, raw=step-r500-s1000-145220.json
commit=cc1ab1a, kind=drain, target_rps=2000, stock=20000, voucher=27, achieved_rps=1999.9, requests=22001, dropped=0, p50_ms=0.6, p95_ms=8.6, p99_ms=37.9, max_ms=192.3, http_fail_rate=0, accepted=20000, outcomes=accepted=20000;out_of_stock=2001, drain_s_after_load=53.2, persist_orders_per_s=294.1, app_cpu_cores=1.8, mysql_cpu_cores=0.28, redis_cpu_cores=0.15, broker_cpu_cores=0.29, half_msgs=0, order_msgs=20000, k6_cpu_cores=0.37, raw=drain-r2000-s20000-145307.json
app stopped
2026-09-20 14:54:28 phase drain-current-3 done
2026-09-20 14:54:28 phase sweep-1x16 start (timeout 1500s)
app started pid=2732007 cpus=0-3,8-11 log=/home/sd101t/IdeaProjects/hm-dianping/benchmark/v2/run/m3bench/app.log
users=100000 tokens=/home/sd101t/IdeaProjects/hm-dianping/benchmark/v2/run/tokens.csv
commit=sweep, kind=step, target_rps=500, stock=1000, voucher=28, achieved_rps=500.0, requests=15001, dropped=0, p50_ms=0.1, p95_ms=1.1, p99_ms=2.3, max_ms=76.1, http_fail_rate=0, accepted=1000, outcomes=accepted=1000;out_of_stock=14001, drain_s_after_load=0.1, persist_orders_per_s=139.6, app_cpu_cores=0.47, mysql_cpu_cores=0.06, redis_cpu_cores=0.02, broker_cpu_cores=0.07, half_msgs=0, order_msgs=1000, k6_cpu_cores=0.12, raw=step-r500-s1000-145436.json
commit=cc1ab1a:b1t16, kind=drain, target_rps=2000, stock=20000, voucher=29, achieved_rps=1999.8, requests=22000, dropped=0, p50_ms=0.5, p95_ms=2.0, p99_ms=17.4, max_ms=56.5, http_fail_rate=0, accepted=20000, outcomes=accepted=20000;out_of_stock=2000, drain_s_after_load=128.0, persist_orders_per_s=168.7, app_cpu_cores=1.2, mysql_cpu_cores=0.11, redis_cpu_cores=0.12, broker_cpu_cores=0.24, half_msgs=0, order_msgs=20098, k6_cpu_cores=0.37, raw=drain-r2000-s20000-145525.json
app stopped
2026-09-20 14:58:05 phase sweep-1x16 done
2026-09-20 14:58:05 phase sweep-32x16 start (timeout 1500s)
app started pid=2801617 cpus=0-3,8-11 log=/home/sd101t/IdeaProjects/hm-dianping/benchmark/v2/run/m3bench/app.log
users=100000 tokens=/home/sd101t/IdeaProjects/hm-dianping/benchmark/v2/run/tokens.csv
commit=sweep, kind=step, target_rps=500, stock=1000, voucher=30, achieved_rps=500.0, requests=15001, dropped=0, p50_ms=0.1, p95_ms=1.4, p99_ms=4.6, max_ms=147.0, http_fail_rate=0, accepted=1000, outcomes=accepted=1000;out_of_stock=14001, drain_s_after_load=0.0, persist_orders_per_s=381.5, app_cpu_cores=0.49, mysql_cpu_cores=0.05, redis_cpu_cores=0.01, broker_cpu_cores=0.07, half_msgs=0, order_msgs=1000, k6_cpu_cores=0.12, raw=step-r500-s1000-145815.json
commit=cc1ab1a:b32t16, kind=drain, target_rps=2000, stock=20000, voucher=31, achieved_rps=1999.9, requests=22001, dropped=0, p50_ms=0.5, p95_ms=6.7, p99_ms=21.1, max_ms=52.0, http_fail_rate=0, accepted=20000, outcomes=accepted=20000;out_of_stock=2001, drain_s_after_load=10.7, persist_orders_per_s=1056.2, app_cpu_cores=1.74, mysql_cpu_cores=0.33, redis_cpu_cores=0.18, broker_cpu_cores=0.3, half_msgs=0, order_msgs=20000, k6_cpu_cores=0.36, raw=drain-r2000-s20000-145904.json
app stopped
2026-09-20 14:59:43 phase sweep-32x16 done
2026-09-20 14:59:43 phase sweep-64x16 start (timeout 1500s)
app started pid=2868446 cpus=0-3,8-11 log=/home/sd101t/IdeaProjects/hm-dianping/benchmark/v2/run/m3bench/app.log
users=100000 tokens=/home/sd101t/IdeaProjects/hm-dianping/benchmark/v2/run/tokens.csv
commit=sweep, kind=step, target_rps=500, stock=1000, voucher=32, achieved_rps=500.0, requests=15001, dropped=0, p50_ms=0.1, p95_ms=1.4, p99_ms=6.1, max_ms=99.7, http_fail_rate=0, accepted=1000, outcomes=accepted=1000;out_of_stock=14001, drain_s_after_load=0.1, persist_orders_per_s=354.2, app_cpu_cores=0.5, mysql_cpu_cores=0.05, redis_cpu_cores=0.02, broker_cpu_cores=0.07, half_msgs=0, order_msgs=1000, k6_cpu_cores=0.12, raw=step-r500-s1000-145950.json
commit=cc1ab1a:b64t16, kind=drain, target_rps=2000, stock=20000, voucher=33, achieved_rps=1999.9, requests=22001, dropped=0, p50_ms=0.5, p95_ms=4.8, p99_ms=39.5, max_ms=88.2, http_fail_rate=0, accepted=20000, outcomes=accepted=20000;out_of_stock=2001, drain_s_after_load=10.8, persist_orders_per_s=975.3, app_cpu_cores=1.79, mysql_cpu_cores=0.34, redis_cpu_cores=0.15, broker_cpu_cores=0.3, half_msgs=0, order_msgs=20000, k6_cpu_cores=0.38, raw=drain-r2000-s20000-150037.json
app stopped
2026-09-20 15:01:20 phase sweep-64x16 done
2026-09-20 15:01:20 phase sweep-64x32 start (timeout 1500s)
app started pid=2935079 cpus=0-3,8-11 log=/home/sd101t/IdeaProjects/hm-dianping/benchmark/v2/run/m3bench/app.log
users=100000 tokens=/home/sd101t/IdeaProjects/hm-dianping/benchmark/v2/run/tokens.csv
commit=sweep, kind=step, target_rps=500, stock=1000, voucher=34, achieved_rps=500.0, requests=15001, dropped=0, p50_ms=0.1, p95_ms=1.1, p99_ms=5.3, max_ms=108.9, http_fail_rate=0, accepted=1000, outcomes=accepted=1000;out_of_stock=14001, drain_s_after_load=0.1, persist_orders_per_s=72.6, app_cpu_cores=0.48, mysql_cpu_cores=0.06, redis_cpu_cores=0.01, broker_cpu_cores=0.08, half_msgs=0, order_msgs=1000, k6_cpu_cores=0.13, raw=step-r500-s1000-150128.json
commit=cc1ab1a:b64t32, kind=drain, target_rps=2000, stock=20000, voucher=35, achieved_rps=1999.7, requests=22000, dropped=0, p50_ms=0.5, p95_ms=2.6, p99_ms=25.5, max_ms=51.2, http_fail_rate=0, accepted=20000, outcomes=accepted=20000;out_of_stock=2000, drain_s_after_load=46.1, persist_orders_per_s=438.4, app_cpu_cores=1.17, mysql_cpu_cores=0.11, redis_cpu_cores=0.12, broker_cpu_cores=0.24, half_msgs=0, order_msgs=20000, k6_cpu_cores=0.37, raw=drain-r2000-s20000-150218.json
app stopped
2026-09-20 15:03:36 phase sweep-64x32 done
2026-09-20 15:03:36 phase sweep-256x32 start (timeout 1500s)
app started pid=3002829 cpus=0-3,8-11 log=/home/sd101t/IdeaProjects/hm-dianping/benchmark/v2/run/m3bench/app.log
users=100000 tokens=/home/sd101t/IdeaProjects/hm-dianping/benchmark/v2/run/tokens.csv
commit=sweep, kind=step, target_rps=500, stock=1000, voucher=36, achieved_rps=500.0, requests=15001, dropped=0, p50_ms=0.1, p95_ms=1.1, p99_ms=2.3, max_ms=103.6, http_fail_rate=0, accepted=1000, outcomes=accepted=1000;out_of_stock=14001, drain_s_after_load=0.1, persist_orders_per_s=73.1, app_cpu_cores=0.47, mysql_cpu_cores=0.07, redis_cpu_cores=0.02, broker_cpu_cores=0.07, half_msgs=0, order_msgs=1000, k6_cpu_cores=0.13, raw=step-r500-s1000-150345.json
commit=cc1ab1a:b256t32, kind=drain, target_rps=2000, stock=20000, voucher=37, achieved_rps=1999.9, requests=22000, dropped=0, p50_ms=0.5, p95_ms=4.8, p99_ms=33.7, max_ms=96.6, http_fail_rate=0, accepted=20000, outcomes=accepted=20000;out_of_stock=2000, drain_s_after_load=50.6, persist_orders_per_s=309.3, app_cpu_cores=1.54, mysql_cpu_cores=0.2, redis_cpu_cores=0.13, broker_cpu_cores=0.28, half_msgs=0, order_msgs=20000, k6_cpu_cores=0.36, raw=drain-r2000-s20000-150433.json
app stopped
2026-09-20 15:05:54 phase sweep-256x32 done
2026-09-20 15:05:54 phase kill-drill-1 start (timeout 2400s)
app started pid=3071213 cpus=0-3,8-11 log=/home/sd101t/IdeaProjects/hm-dianping/benchmark/v2/run/m3bench/app.log
users=100000 tokens=/home/sd101t/IdeaProjects/hm-dianping/benchmark/v2/run/tokens.csv
commit=cc1ab1a, kind=step, target_rps=500, stock=1000, voucher=38, achieved_rps=500.0, requests=15001, dropped=0, p50_ms=0.1, p95_ms=1.4, p99_ms=4.7, max_ms=150.1, http_fail_rate=0, accepted=1000, outcomes=accepted=1000;out_of_stock=14001, drain_s_after_load=0.1, persist_orders_per_s=374.3, app_cpu_cores=0.49, mysql_cpu_cores=0.06, redis_cpu_cores=0.02, broker_cpu_cores=0.07, half_msgs=0, order_msgs=1000, k6_cpu_cores=0.13, raw=step-r500-s1000-150602.json
app stopped
2026-09-20 15:07:41 phase kill-drill-1 done
2026-09-20 15:07:41 phase broker-kill-drill-1 start (timeout 2700s)
app started pid=3111126 cpus=0-3,8-11 log=/home/sd101t/IdeaProjects/hm-dianping/benchmark/v2/run/m3bench/app.log
users=100000 tokens=/home/sd101t/IdeaProjects/hm-dianping/benchmark/v2/run/tokens.csv
commit=cc1ab1a, kind=step, target_rps=500, stock=1000, voucher=40, achieved_rps=500.0, requests=15001, dropped=0, p50_ms=0.1, p95_ms=1.4, p99_ms=5.5, max_ms=159.4, http_fail_rate=0, accepted=1000, outcomes=accepted=1000;out_of_stock=14001, drain_s_after_load=0.1, persist_orders_per_s=359.2, app_cpu_cores=0.49, mysql_cpu_cores=0.06, redis_cpu_cores=0.02, broker_cpu_cores=0.07, half_msgs=0, order_msgs=1000, k6_cpu_cores=0.12, raw=step-r500-s1000-150748.json
app stopped
2026-09-20 15:18:17 phase broker-kill-drill-1 done
2026-09-20 15:18:17 scenario m4 done -> /home/sd101t/IdeaProjects/hm-dianping/benchmark/v2/m4/20260920-143242-m4
 Container ld-m3bench-redis  Stopping
 Container ld-m3bench-mysql  Stopping
 Container ld-m3bench-broker  Stopping
 Container ld-m3bench-es  Stopping
 Container ld-m3bench-redis  Stopped
 Container ld-m3bench-redis  Removing
 Container ld-m3bench-redis  Removed
 Container ld-m3bench-mysql  Stopped
 Container ld-m3bench-mysql  Removing
 Container ld-m3bench-mysql  Removed
 Container ld-m3bench-es  Stopped
 Container ld-m3bench-es  Removing
 Container ld-m3bench-es  Removed
 Container ld-m3bench-broker  Stopped
 Container ld-m3bench-broker  Removing
 Container ld-m3bench-broker  Removed
 Container ld-m3bench-namesrv  Stopping
 Container ld-m3bench-namesrv  Stopped
 Container ld-m3bench-namesrv  Removing
 Container ld-m3bench-namesrv  Removed
 Volume ld-m3bench_redis-data  Removing
 Volume ld-m3bench_mysql-data  Removing
 Network ld-m3bench_local-deals-net  Removing
 Volume ld-m3bench_redis-data  Removed
 Volume ld-m3bench_mysql-data  Removed
 Network ld-m3bench_local-deals-net  Removed
2026-09-20 15:18:44 cleanup done; status: DONE
