2026-09-21 04:25:03 scenario m8-scale -> /home/sd101t/IdeaProjects/hm-dianping/benchmark/v2/m8/20260921-042503-m8-scale
2026-09-21 04:25:03 phase stack-up start (timeout 900s)
 Network ld-m3bench_local-deals-net  Creating
 Network ld-m3bench_local-deals-net  Created
 Volume "ld-m3bench_mysql-data"  Creating
 Volume "ld-m3bench_mysql-data"  Created
 Volume "ld-m3bench_redis-data"  Creating
 Volume "ld-m3bench_redis-data"  Created
 Container ld-m3bench-mysql  Creating
 Container ld-m3bench-es  Creating
 Container ld-m3bench-namesrv  Creating
 Container ld-m3bench-redis  Creating
 Container ld-m3bench-mysql  Created
 Container ld-m3bench-redis  Created
 Container ld-m3bench-es  Created
 Container ld-m3bench-namesrv  Created
 Container ld-m3bench-broker  Creating
 Container ld-m3bench-broker  Created
 Container ld-m3bench-namesrv  Starting
 Container ld-m3bench-redis  Starting
 Container ld-m3bench-es  Starting
 Container ld-m3bench-mysql  Starting
 Container ld-m3bench-mysql  Started
 Container ld-m3bench-namesrv  Started
 Container ld-m3bench-broker  Starting
 Container ld-m3bench-es  Started
 Container ld-m3bench-redis  Started
 Container ld-m3bench-broker  Started
 Container ld-m3bench-redis-c6  Creating
 Container ld-m3bench-redis-c2  Creating
 Container ld-m3bench-redis-c4  Creating
 Container ld-m3bench-redis-c1  Creating
 Container ld-m3bench-redis-c5  Creating
 Container ld-m3bench-redis-c3  Creating
 Container ld-m3bench-redis-c5  Created
 Container ld-m3bench-redis-c3  Created
 Container ld-m3bench-redis-c2  Created
 Container ld-m3bench-redis-c1  Created
 Container ld-m3bench-redis-c6  Created
 Container ld-m3bench-redis-c4  Created
 Container ld-m3bench-redis-c1  Starting
 Container ld-m3bench-redis-c2  Starting
 Container ld-m3bench-redis-c5  Starting
 Container ld-m3bench-redis-c6  Starting
 Container ld-m3bench-redis-c3  Starting
 Container ld-m3bench-redis-c4  Starting
 Container ld-m3bench-redis-c1  Started
 Container ld-m3bench-redis-c5  Started
 Container ld-m3bench-redis-c4  Started
 Container ld-m3bench-redis-c6  Started
 Container ld-m3bench-redis-c3  Started
 Container ld-m3bench-redis-c2  Started
dependency containers pinned to CPUs 4-5,12-13
stack ld-m3bench ready: mysql=24306 redis-cluster=127.0.0.1:21001,127.0.0.1:21002,127.0.0.1:21003,127.0.0.1:21004,127.0.0.1:21005,127.0.0.1:21006 namesrv=24876 broker=20912 es=24200
2026-09-21 04:25:57 phase stack-up done
2026-09-21 04:25:57 phase build start (timeout 1200s)
2026-09-21 04:25:57 phase build done
2026-09-21 04:25:57 phase scale-1-instances start (timeout 2400s)
app started instance=1 pid=2981773 port=24083 cpus=0,8 log=/home/sd101t/IdeaProjects/hm-dianping/benchmark/v2/run/m3bench/app.log
nginx started port=24983 upstreams=1 cpus=3,11
users=100000 tokens=/home/sd101t/IdeaProjects/hm-dianping/benchmark/v2/run/tokens.csv
commit=warmup, kind=step, target_rps=500, stock=1000, voucher=10, achieved_rps=498.2, requests=9964, dropped=37, p50_ms=0.2, p95_ms=73.1, p99_ms=254.6, max_ms=562.7, http_fail_rate=0.0175, accepted=1000, outcomes=accepted=1000;http_429=174;out_of_stock=8790, drain_s_after_load=0.1, persist_orders_per_s=210.1, app_cpu_cores=0.64, mysql_cpu_cores=0.04, redis_cpu_cores=0.03, broker_cpu_cores=0.2, half_msgs=0, order_msgs=1000, k6_cpu_cores=0.14, batch_mean=3.75, raw=step-r500-s1000-042617.json
Exception ignored in: <_io.TextIOWrapper name='<stdout>' mode='w' encoding='utf-8'>
BrokenPipeError: [Errno 32] Broken pipe
commit=1cc9202:i1, kind=step, target_rps=5000, stock=1000, voucher=11, achieved_rps=4954.6, requests=148650, dropped=1346, p50_ms=0.1, p95_ms=3.4, p99_ms=151.0, max_ms=2006.7, http_fail_rate=0.0051, accepted=1000, outcomes=accepted=1000;http_429=629;http_5xx=134;out_of_stock=146887, drain_s_after_load=0.0, persist_orders_per_s=252.7, app_cpu_cores=0.44, mysql_cpu_cores=0.02, redis_cpu_cores=0.02, broker_cpu_cores=0.1, half_msgs=0, order_msgs=1000, k6_cpu_cores=0.76, batch_mean=8.13, raw=step-r5000-s1000-042657.json
commit=1cc9202:i1, kind=step, target_rps=10000, stock=1000, voucher=12, achieved_rps=9927.0, requests=297830, dropped=2171, p50_ms=0.1, p95_ms=15.8, p99_ms=99.6, max_ms=1037.5, http_fail_rate=0.0032, accepted=1000, outcomes=accepted=1000;http_429=957;out_of_stock=295873, drain_s_after_load=0.1, persist_orders_per_s=400.1, app_cpu_cores=0.53, mysql_cpu_cores=0.02, redis_cpu_cores=0.02, broker_cpu_cores=0.11, half_msgs=0, order_msgs=1000, k6_cpu_cores=1.44, batch_mean=11.24, raw=step-r10000-s1000-042744.json
Exception ignored in: <_io.TextIOWrapper name='<stdout>' mode='w' encoding='utf-8'>
BrokenPipeError: [Errno 32] Broken pipe
commit=1cc9202:i1, kind=step, target_rps=20000, stock=1000, voucher=13, achieved_rps=19645.0, requests=589389, dropped=10611, p50_ms=0.2, p95_ms=72.9, p99_ms=114.4, max_ms=1295.3, http_fail_rate=0.0013, accepted=1000, outcomes=accepted=1000;http_429=759;out_of_stock=587630, drain_s_after_load=0.1, persist_orders_per_s=377.5, app_cpu_cores=0.85, mysql_cpu_cores=0.02, redis_cpu_cores=0.02, broker_cpu_cores=0.12, half_msgs=0, order_msgs=1000, k6_cpu_cores=2.76, batch_mean=10.42, raw=step-r20000-s1000-042832.json
Exception ignored in: <_io.TextIOWrapper name='<stdout>' mode='w' encoding='utf-8'>
BrokenPipeError: [Errno 32] Broken pipe
commit=1cc9202:i1, kind=step, target_rps=30000, stock=1000, voucher=14, achieved_rps=25498.0, requests=765012, dropped=134998, p50_ms=28.9, p95_ms=119.4, p99_ms=178.9, max_ms=1257.0, http_fail_rate=0.0028, accepted=1000, outcomes=accepted=1000;http_429=2177;out_of_stock=761835, drain_s_after_load=0.1, persist_orders_per_s=591.7, app_cpu_cores=1.02, mysql_cpu_cores=0.02, redis_cpu_cores=0.02, broker_cpu_cores=0.1, half_msgs=0, order_msgs=1000, k6_cpu_cores=3.54, batch_mean=18.18, raw=step-r30000-s1000-042921.json
commit=1cc9202:i1d, kind=drain, target_rps=20000, stock=20000, voucher=15, achieved_rps=3865.7, requests=11372, dropped=28629, p50_ms=648.5, p95_ms=900.0, p99_ms=961.3, max_ms=1684.7, http_fail_rate=0, accepted=11372, outcomes=accepted=11372, drain_s_after_load=4.3, persist_orders_per_s=2246.2, app_cpu_cores=1.41, mysql_cpu_cores=0.1, redis_cpu_cores=0.29, broker_cpu_cores=0.4, half_msgs=0, order_msgs=11372, k6_cpu_cores=1.13, batch_mean=27.27, raw=drain-r20000-s20000-043009.json
commit=1cc9202:i1d, kind=drain, target_rps=20000, stock=20000, voucher=16, achieved_rps=5492.4, requests=14010, dropped=25974, p50_ms=424.6, p95_ms=606.9, p99_ms=629.3, max_ms=1653.8, http_fail_rate=0, accepted=14010, outcomes=accepted=14010, drain_s_after_load=4.3, persist_orders_per_s=2583.9, app_cpu_cores=1.41, mysql_cpu_cores=0.12, redis_cpu_cores=0.37, broker_cpu_cores=0.31, half_msgs=0, order_msgs=14010, k6_cpu_cores=1.36, batch_mean=28.95, raw=drain-r20000-s20000-043036.json
app stopped (instances: 1)
2026-09-21 04:31:10 phase scale-1-instances done
2026-09-21 04:31:10 phase scale-2-instances start (timeout 2400s)
app started instance=1 pid=3086563 port=24083 cpus=0,8 log=/home/sd101t/IdeaProjects/hm-dianping/benchmark/v2/run/m3bench/app.log
app started instance=2 pid=3086971 port=24084 cpus=1,9 log=/home/sd101t/IdeaProjects/hm-dianping/benchmark/v2/run/m3bench/app-i2.log
nginx started port=24983 upstreams=2 cpus=3,11
users=100000 tokens=/home/sd101t/IdeaProjects/hm-dianping/benchmark/v2/run/tokens.csv
commit=warmup, kind=step, target_rps=500, stock=1000, voucher=17, achieved_rps=500.0, requests=10001, dropped=0, p50_ms=0.2, p95_ms=40.1, p99_ms=190.7, max_ms=338.1, http_fail_rate=0.0003, accepted=1000, outcomes=accepted=1000;http_429=3;out_of_stock=8998, drain_s_after_load=0.1, persist_orders_per_s=239.7, app_cpu_cores=1.03, mysql_cpu_cores=0.05, redis_cpu_cores=0.04, broker_cpu_cores=0.1, half_msgs=0, order_msgs=1000, k6_cpu_cores=0.14, batch_mean=3.44, raw=step-r500-s1000-043140.json
commit=1cc9202:i2, kind=step, target_rps=5000, stock=1000, voucher=18, achieved_rps=4955.8, requests=148679, dropped=1322, p50_ms=0.1, p95_ms=2.5, p99_ms=219.1, max_ms=1080.2, http_fail_rate=0.0097, accepted=1000, outcomes=accepted=1000;http_429=1449;out_of_stock=146230, drain_s_after_load=0.1, persist_orders_per_s=294.4, app_cpu_cores=0.74, mysql_cpu_cores=0.03, redis_cpu_cores=0.03, broker_cpu_cores=0.09, half_msgs=0, order_msgs=1000, k6_cpu_cores=0.77, batch_mean=8.33, raw=step-r5000-s1000-043220.json
commit=1cc9202:i2, kind=step, target_rps=10000, stock=1000, voucher=19, achieved_rps=9941.4, requests=298267, dropped=1734, p50_ms=0.1, p95_ms=6.6, p99_ms=87.0, max_ms=1270.3, http_fail_rate=0.0028, accepted=1000, outcomes=accepted=1000;http_429=849;out_of_stock=296418, drain_s_after_load=0.1, persist_orders_per_s=466.8, app_cpu_cores=0.69, mysql_cpu_cores=0.03, redis_cpu_cores=0.02, broker_cpu_cores=0.08, half_msgs=0, order_msgs=1000, k6_cpu_cores=1.45, batch_mean=11.36, raw=step-r10000-s1000-043311.json
commit=1cc9202:i2, kind=step, target_rps=20000, stock=1000, voucher=20, achieved_rps=19649.7, requests=589535, dropped=10465, p50_ms=0.3, p95_ms=63.5, p99_ms=90.3, max_ms=1134.0, http_fail_rate=0.0007, accepted=1000, outcomes=accepted=1000;http_429=441;out_of_stock=588094, drain_s_after_load=0.1, persist_orders_per_s=, app_cpu_cores=0.99, mysql_cpu_cores=0.03, redis_cpu_cores=0.02, broker_cpu_cores=0.09, half_msgs=0, order_msgs=1000, k6_cpu_cores=2.74, batch_mean=14.71, raw=step-r20000-s1000-043402.json
commit=1cc9202:i2, kind=step, target_rps=30000, stock=1000, voucher=21, achieved_rps=25573.6, requests=767810, dropped=132200, p50_ms=24.7, p95_ms=90.4, p99_ms=137.7, max_ms=1091.3, http_fail_rate=0.0015, accepted=1000, outcomes=accepted=1000;http_429=1158;out_of_stock=765652, drain_s_after_load=0.1, persist_orders_per_s=844.4, app_cpu_cores=1.21, mysql_cpu_cores=0.03, redis_cpu_cores=0.02, broker_cpu_cores=0.1, half_msgs=0, order_msgs=1000, k6_cpu_cores=3.58, batch_mean=19.23, raw=step-r30000-s1000-043453.json
commit=1cc9202:i2d, kind=drain, target_rps=20000, stock=20000, voucher=22, achieved_rps=5264.6, requests=14775, dropped=25230, p50_ms=441.2, p95_ms=811.3, p99_ms=872.8, max_ms=977.3, http_fail_rate=0, accepted=14775, outcomes=accepted=14775, drain_s_after_load=4.3, persist_orders_per_s=2687.5, app_cpu_cores=2.87, mysql_cpu_cores=0.14, redis_cpu_cores=0.42, broker_cpu_cores=0.32, half_msgs=0, order_msgs=14775, k6_cpu_cores=1.4, batch_mean=29.97, raw=drain-r20000-s20000-043543.json
commit=1cc9202:i2d, kind=drain, target_rps=20000, stock=20000, voucher=23, achieved_rps=7054.7, requests=17535, dropped=22466, p50_ms=276.8, p95_ms=463.1, p99_ms=553.4, max_ms=639.1, http_fail_rate=0, accepted=17535, outcomes=accepted=17535, drain_s_after_load=7.6, persist_orders_per_s=2181.7, app_cpu_cores=2.59, mysql_cpu_cores=0.2, redis_cpu_cores=0.53, broker_cpu_cores=0.35, half_msgs=0, order_msgs=17535, k6_cpu_cores=1.3, batch_mean=30.93, raw=drain-r20000-s20000-043607.json
app stopped (instances: 1 2)
2026-09-21 04:36:38 phase scale-2-instances done
2026-09-21 04:36:38 phase scale-3-instances start (timeout 2400s)
app started instance=1 pid=3324640 port=24083 cpus=0,8 log=/home/sd101t/IdeaProjects/hm-dianping/benchmark/v2/run/m3bench/app.log
app started instance=2 pid=3325028 port=24084 cpus=1,9 log=/home/sd101t/IdeaProjects/hm-dianping/benchmark/v2/run/m3bench/app-i2.log
app started instance=3 pid=3325443 port=24085 cpus=2,10 log=/home/sd101t/IdeaProjects/hm-dianping/benchmark/v2/run/m3bench/app-i3.log
nginx started port=24983 upstreams=3 cpus=3,11
users=100000 tokens=/home/sd101t/IdeaProjects/hm-dianping/benchmark/v2/run/tokens.csv
commit=warmup, kind=step, target_rps=500, stock=1000, voucher=24, achieved_rps=500.0, requests=10001, dropped=0, p50_ms=0.3, p95_ms=40.8, p99_ms=195.2, max_ms=523.3, http_fail_rate=0.0003, accepted=1000, outcomes=accepted=1000;http_429=3;out_of_stock=8998, drain_s_after_load=0.1, persist_orders_per_s=322.4, app_cpu_cores=1.3, mysql_cpu_cores=0.06, redis_cpu_cores=0.04, broker_cpu_cores=0.11, half_msgs=0, order_msgs=1000, k6_cpu_cores=0.13, batch_mean=3.47, raw=step-r500-s1000-043724.json
commit=1cc9202:i3, kind=step, target_rps=5000, stock=1000, voucher=25, achieved_rps=4963.8, requests=148920, dropped=1076, p50_ms=0.1, p95_ms=3.2, p99_ms=253.6, max_ms=1391.4, http_fail_rate=0.0153, accepted=1000, outcomes=accepted=1000;http_429=2234;http_503=50;out_of_stock=145636, drain_s_after_load=10.8, persist_orders_per_s=266.3, app_cpu_cores=0.94, mysql_cpu_cores=0.04, redis_cpu_cores=0.03, broker_cpu_cores=0.09, half_msgs=0, order_msgs=1000, k6_cpu_cores=0.79, batch_mean=7.23, raw=step-r5000-s1000-043805.json
commit=1cc9202:i3, kind=step, target_rps=10000, stock=1000, voucher=26, achieved_rps=9645.2, requests=298926, dropped=1075, p50_ms=0.1, p95_ms=21.8, p99_ms=100.9, max_ms=1019.3, http_fail_rate=0.0066, accepted=1000, outcomes=accepted=1000;http_429=1966;out_of_stock=295960, drain_s_after_load=0.1, persist_orders_per_s=, app_cpu_cores=0.78, mysql_cpu_cores=0.04, redis_cpu_cores=0.03, broker_cpu_cores=0.09, half_msgs=0, order_msgs=1000, k6_cpu_cores=1.41, batch_mean=14.49, raw=step-r10000-s1000-043904.json
commit=1cc9202:i3, kind=step, target_rps=20000, stock=1000, voucher=27, achieved_rps=19463.5, requests=583988, dropped=16013, p50_ms=1.1, p95_ms=70.5, p99_ms=118.7, max_ms=1099.0, http_fail_rate=0.0027, accepted=1000, outcomes=accepted=1000;http_429=1558;out_of_stock=581430, drain_s_after_load=0.1, persist_orders_per_s=769.8, app_cpu_cores=1.08, mysql_cpu_cores=0.04, redis_cpu_cores=0.03, broker_cpu_cores=0.09, half_msgs=0, order_msgs=1000, k6_cpu_cores=2.68, batch_mean=11.63, raw=step-r20000-s1000-044001.json
commit=1cc9202:i3, kind=step, target_rps=30000, stock=1000, voucher=28, achieved_rps=25625.1, requests=769145, dropped=130865, p50_ms=26.0, p95_ms=91.7, p99_ms=140.3, max_ms=1155.1, http_fail_rate=0.0011, accepted=1000, outcomes=accepted=1000;http_429=849;out_of_stock=767296, drain_s_after_load=0.1, persist_orders_per_s=697.7, app_cpu_cores=1.26, mysql_cpu_cores=0.04, redis_cpu_cores=0.03, broker_cpu_cores=0.11, half_msgs=0, order_msgs=1000, k6_cpu_cores=3.52, batch_mean=15.62, raw=step-r30000-s1000-044049.json
commit=1cc9202:i3d, kind=drain, target_rps=20000, stock=20000, voucher=29, achieved_rps=5498.4, requests=16102, dropped=23899, p50_ms=290.8, p95_ms=753.3, p99_ms=888.8, max_ms=1019.2, http_fail_rate=0, accepted=16102, outcomes=accepted=16102, drain_s_after_load=4.5, persist_orders_per_s=2617.5, app_cpu_cores=4.19, mysql_cpu_cores=0.2, redis_cpu_cores=0.49, broker_cpu_cores=0.33, half_msgs=0, order_msgs=16102, k6_cpu_cores=1.28, batch_mean=30.55, raw=drain-r20000-s20000-044137.json
commit=1cc9202:i3d, kind=drain, target_rps=20000, stock=20000, voucher=30, achieved_rps=6112.4, requests=17308, dropped=22691, p50_ms=221.6, p95_ms=618.8, p99_ms=834.9, max_ms=936.4, http_fail_rate=0, accepted=17308, outcomes=accepted=17308, drain_s_after_load=3.4, persist_orders_per_s=3434.9, app_cpu_cores=3.83, mysql_cpu_cores=0.24, redis_cpu_cores=0.57, broker_cpu_cores=0.36, half_msgs=0, order_msgs=17308, k6_cpu_cores=1.24, batch_mean=29.79, raw=drain-r20000-s20000-044204.json
app stopped (instances: 1 2 3)
2026-09-21 04:42:41 phase scale-3-instances done
2026-09-21 04:42:41 scenario m8-scale done -> /home/sd101t/IdeaProjects/hm-dianping/benchmark/v2/m8/20260921-042503-m8-scale
 Container ld-m3bench-mysql  Stopping
 Container ld-m3bench-es  Stopping
 Container ld-m3bench-redis  Stopping
 Container ld-m3bench-broker  Stopping
 Container ld-m3bench-redis  Stopped
 Container ld-m3bench-redis  Removing
 Container ld-m3bench-redis  Removed
 Container ld-m3bench-mysql  Stopped
 Container ld-m3bench-mysql  Removing
 Container ld-m3bench-mysql  Removed
 Container ld-m3bench-es  Stopped
 Container ld-m3bench-es  Removing
 Container ld-m3bench-es  Removed
 Container ld-m3bench-broker  Stopped
 Container ld-m3bench-broker  Removing
 Container ld-m3bench-broker  Removed
 Container ld-m3bench-namesrv  Stopping
 Container ld-m3bench-namesrv  Stopped
 Container ld-m3bench-namesrv  Removing
 Container ld-m3bench-namesrv  Removed
 Volume ld-m3bench_mysql-data  Removing
 Volume ld-m3bench_redis-data  Removing
 Network ld-m3bench_local-deals-net  Removing
 Volume ld-m3bench_mysql-data  Removed
 Volume ld-m3bench_redis-data  Removed
 Network ld-m3bench_local-deals-net  Removed
 Container ld-m3bench-redis-c2  Stopping
 Container ld-m3bench-redis-c5  Stopping
 Container ld-m3bench-redis-c3  Stopping
 Container ld-m3bench-redis-c4  Stopping
 Container ld-m3bench-redis-c1  Stopping
 Container ld-m3bench-redis-c6  Stopping
 Container ld-m3bench-redis-c3  Stopped
 Container ld-m3bench-redis-c3  Removing
 Container ld-m3bench-redis-c5  Stopped
 Container ld-m3bench-redis-c5  Removing
 Container ld-m3bench-redis-c4  Stopped
 Container ld-m3bench-redis-c4  Removing
 Container ld-m3bench-redis-c3  Removed
 Container ld-m3bench-redis-c5  Removed
 Container ld-m3bench-redis-c4  Removed
 Container ld-m3bench-redis-c1  Stopped
 Container ld-m3bench-redis-c1  Removing
 Container ld-m3bench-redis-c2  Stopped
 Container ld-m3bench-redis-c2  Removing
 Container ld-m3bench-redis-c1  Removed
 Container ld-m3bench-redis-c2  Removed
 Container ld-m3bench-redis-c6  Stopped
 Container ld-m3bench-redis-c6  Removing
 Container ld-m3bench-redis-c6  Removed
2026-09-21 04:43:09 cleanup done; status: DONE
