2026-09-21 03:54:49 scenario m8-scale-smoke -> /home/sd101t/IdeaProjects/hm-dianping/benchmark/v2/m8/20260921-035449-m8-scale-smoke
2026-09-21 03:54:49 phase stack-up start (timeout 900s)
 Network ld-m3bench_local-deals-net  Creating
 Network ld-m3bench_local-deals-net  Created
 Volume "ld-m3bench_redis-data"  Creating
 Volume "ld-m3bench_redis-data"  Created
 Volume "ld-m3bench_mysql-data"  Creating
 Volume "ld-m3bench_mysql-data"  Created
 Container ld-m3bench-es  Creating
 Container ld-m3bench-mysql  Creating
 Container ld-m3bench-namesrv  Creating
 Container ld-m3bench-redis  Creating
 Container ld-m3bench-namesrv  Created
 Container ld-m3bench-es  Created
 Container ld-m3bench-broker  Creating
 Container ld-m3bench-redis  Created
 Container ld-m3bench-mysql  Created
 Container ld-m3bench-broker  Created
 Container ld-m3bench-redis  Starting
 Container ld-m3bench-es  Starting
 Container ld-m3bench-namesrv  Starting
 Container ld-m3bench-mysql  Starting
 Container ld-m3bench-mysql  Started
 Container ld-m3bench-redis  Started
 Container ld-m3bench-es  Started
 Container ld-m3bench-namesrv  Started
 Container ld-m3bench-broker  Starting
 Container ld-m3bench-broker  Started
 Container ld-m3bench-redis-c6  Creating
 Container ld-m3bench-redis-c3  Creating
 Container ld-m3bench-redis-c2  Creating
 Container ld-m3bench-redis-c4  Creating
 Container ld-m3bench-redis-c1  Creating
 Container ld-m3bench-redis-c5  Creating
 Container ld-m3bench-redis-c5  Created
 Container ld-m3bench-redis-c3  Created
 Container ld-m3bench-redis-c6  Created
 Container ld-m3bench-redis-c2  Created
 Container ld-m3bench-redis-c4  Created
 Container ld-m3bench-redis-c1  Created
 Container ld-m3bench-redis-c6  Starting
 Container ld-m3bench-redis-c4  Starting
 Container ld-m3bench-redis-c3  Starting
 Container ld-m3bench-redis-c2  Starting
 Container ld-m3bench-redis-c5  Starting
 Container ld-m3bench-redis-c1  Starting
 Container ld-m3bench-redis-c4  Started
 Container ld-m3bench-redis-c3  Started
 Container ld-m3bench-redis-c1  Started
 Container ld-m3bench-redis-c2  Started
 Container ld-m3bench-redis-c6  Started
 Container ld-m3bench-redis-c5  Started
dependency containers pinned to CPUs 4-5,12-13
stack ld-m3bench ready: mysql=24306 redis-cluster=127.0.0.1:21001,127.0.0.1:21002,127.0.0.1:21003,127.0.0.1:21004,127.0.0.1:21005,127.0.0.1:21006 namesrv=24876 broker=20912 es=24200
2026-09-21 03:55:41 phase stack-up done
2026-09-21 03:55:41 phase build start (timeout 1200s)
2026-09-21 03:55:43 phase build done
2026-09-21 03:55:43 phase scale-1-instances start (timeout 2400s)
app started instance=1 pid=2453144 port=24083 cpus=0,8 log=/home/sd101t/IdeaProjects/hm-dianping/benchmark/v2/run/m3bench/app.log
nginx started port=24983 upstreams=1 cpus=3,11
users=8000 tokens=/home/sd101t/IdeaProjects/hm-dianping/benchmark/v2/run/tokens.csv
commit=warmup, kind=step, target_rps=200, stock=1000, voucher=10, achieved_rps=198.4, requests=1001, dropped=0, p50_ms=10.5, p95_ms=95.4, p99_ms=140.5, max_ms=182.8, http_fail_rate=0, accepted=1000, outcomes=accepted=1000;out_of_stock=1, drain_s_after_load=1.1, persist_orders_per_s=187.4, app_cpu_cores=1.67, mysql_cpu_cores=0.14, redis_cpu_cores=0.09, broker_cpu_cores=0.55, half_msgs=0, order_msgs=1000, k6_cpu_cores=0.08, batch_mean=1.68, raw=step-r200-s1000-035603.json
commit=8c3420b:i1, kind=step, target_rps=2000, stock=200, voucher=11, achieved_rps=1999.8, requests=20000, dropped=0, p50_ms=0.1, p95_ms=4.1, p99_ms=71.5, max_ms=227.3, http_fail_rate=0.0141, accepted=200, outcomes=accepted=200;http_429=282;out_of_stock=19518, drain_s_after_load=0.1, persist_orders_per_s=98.9, app_cpu_cores=0.53, mysql_cpu_cores=0.02, redis_cpu_cores=0.02, broker_cpu_cores=0.08, half_msgs=0, order_msgs=200, k6_cpu_cores=0.34, batch_mean=4.76, raw=step-r2000-s200-035627.json
commit=8c3420b:i1d, kind=drain, target_rps=2000, stock=2000, voucher=12, achieved_rps=1999.1, requests=4000, dropped=0, p50_ms=3.5, p95_ms=109.8, p99_ms=171.4, max_ms=260.8, http_fail_rate=0.041, accepted=2000, outcomes=accepted=2000;http_429=164;out_of_stock=1836, drain_s_after_load=1.1, persist_orders_per_s=708.1, app_cpu_cores=1.42, mysql_cpu_cores=0.11, redis_cpu_cores=0.15, broker_cpu_cores=0.54, half_msgs=0, order_msgs=2000, k6_cpu_cores=0.34, batch_mean=10.81, raw=drain-r2000-s2000-035654.json
app stopped (instances: 1)
2026-09-21 03:57:19 phase scale-1-instances done
2026-09-21 03:57:19 phase scale-2-instances start (timeout 2400s)
app started instance=1 pid=2467752 port=24083 cpus=0,8 log=/home/sd101t/IdeaProjects/hm-dianping/benchmark/v2/run/m3bench/app.log
app started instance=2 pid=2468400 port=24084 cpus=1,9 log=/home/sd101t/IdeaProjects/hm-dianping/benchmark/v2/run/m3bench/app-i2.log
nginx started port=24983 upstreams=2 cpus=3,11
users=8000 tokens=/home/sd101t/IdeaProjects/hm-dianping/benchmark/v2/run/tokens.csv
Exception ignored in: <_io.TextIOWrapper name='<stdout>' mode='w' encoding='utf-8'>
BrokenPipeError: [Errno 32] Broken pipe
commit=warmup, kind=step, target_rps=200, stock=1000, voucher=13, achieved_rps=198.8, requests=1000, dropped=0, p50_ms=9.1, p95_ms=108.0, p99_ms=164.3, max_ms=214.2, http_fail_rate=0, accepted=1000, outcomes=accepted=1000, drain_s_after_load=0.1, persist_orders_per_s=222.7, app_cpu_cores=2.94, mysql_cpu_cores=0.18, redis_cpu_cores=0.1, broker_cpu_cores=0.33, half_msgs=0, order_msgs=1000, k6_cpu_cores=0.09, batch_mean=1.56, raw=step-r200-s1000-035747.json
commit=8c3420b:i2, kind=step, target_rps=2000, stock=200, voucher=14, achieved_rps=1999.8, requests=19999, dropped=0, p50_ms=0.2, p95_ms=4.7, p99_ms=180.7, max_ms=500.7, http_fail_rate=0.0092, accepted=200, outcomes=accepted=200;http_429=183;out_of_stock=19616, drain_s_after_load=0.0, persist_orders_per_s=, app_cpu_cores=0.91, mysql_cpu_cores=0.03, redis_cpu_cores=0.02, broker_cpu_cores=0.07, half_msgs=0, order_msgs=200, k6_cpu_cores=0.35, batch_mean=3.7, raw=step-r2000-s200-035810.json
commit=8c3420b:i2d, kind=drain, target_rps=2000, stock=2000, voucher=15, achieved_rps=1993.3, requests=4001, dropped=0, p50_ms=9.9, p95_ms=408.3, p99_ms=516.6, max_ms=625.7, http_fail_rate=0.093, accepted=2000, outcomes=accepted=2000;http_429=372;out_of_stock=1629, drain_s_after_load=1.1, persist_orders_per_s=794.6, app_cpu_cores=2.9, mysql_cpu_cores=0.17, redis_cpu_cores=0.22, broker_cpu_cores=0.42, half_msgs=0, order_msgs=2000, k6_cpu_cores=0.36, batch_mean=9.85, raw=drain-r2000-s2000-035837.json
app stopped (instances: 1 2)
2026-09-21 03:59:04 phase scale-2-instances done
2026-09-21 03:59:04 scenario m8-scale-smoke done -> /home/sd101t/IdeaProjects/hm-dianping/benchmark/v2/m8/20260921-035449-m8-scale-smoke
 Container ld-m3bench-broker  Stopping
 Container ld-m3bench-mysql  Stopping
 Container ld-m3bench-es  Stopping
 Container ld-m3bench-redis  Stopping
 Container ld-m3bench-redis  Stopped
 Container ld-m3bench-redis  Removing
 Container ld-m3bench-redis  Removed
 Container ld-m3bench-mysql  Stopped
 Container ld-m3bench-mysql  Removing
 Container ld-m3bench-mysql  Removed
 Container ld-m3bench-es  Stopped
 Container ld-m3bench-es  Removing
 Container ld-m3bench-es  Removed
 Container ld-m3bench-broker  Stopped
 Container ld-m3bench-broker  Removing
 Container ld-m3bench-broker  Removed
 Container ld-m3bench-namesrv  Stopping
 Container ld-m3bench-namesrv  Stopped
 Container ld-m3bench-namesrv  Removing
 Container ld-m3bench-namesrv  Removed
 Volume ld-m3bench_redis-data  Removing
 Volume ld-m3bench_mysql-data  Removing
 Network ld-m3bench_local-deals-net  Removing
 Volume ld-m3bench_redis-data  Removed
 Volume ld-m3bench_mysql-data  Removed
 Network ld-m3bench_local-deals-net  Removed
 Container ld-m3bench-redis-c1  Stopping
 Container ld-m3bench-redis-c6  Stopping
 Container ld-m3bench-redis-c5  Stopping
 Container ld-m3bench-redis-c3  Stopping
 Container ld-m3bench-redis-c2  Stopping
 Container ld-m3bench-redis-c4  Stopping
 Container ld-m3bench-redis-c3  Stopped
 Container ld-m3bench-redis-c3  Removing
 Container ld-m3bench-redis-c3  Removed
 Container ld-m3bench-redis-c5  Stopped
 Container ld-m3bench-redis-c5  Removing
 Container ld-m3bench-redis-c6  Stopped
 Container ld-m3bench-redis-c6  Removing
 Container ld-m3bench-redis-c2  Stopped
 Container ld-m3bench-redis-c2  Removing
 Container ld-m3bench-redis-c5  Removed
 Container ld-m3bench-redis-c1  Stopped
 Container ld-m3bench-redis-c1  Removing
 Container ld-m3bench-redis-c6  Removed
 Container ld-m3bench-redis-c4  Stopped
 Container ld-m3bench-redis-c4  Removing
 Container ld-m3bench-redis-c2  Removed
 Container ld-m3bench-redis-c1  Removed
 Container ld-m3bench-redis-c4  Removed
2026-09-21 03:59:32 cleanup done; status: DONE
