2026-09-21 00:27:53 scenario m6 -> /home/sd101t/IdeaProjects/hm-dianping/benchmark/v2/m6/20260921-002753-m6
2026-09-21 00:27:53 phase stack-up start (timeout 900s)
 Network ld-m3bench_local-deals-net  Creating
 Network ld-m3bench_local-deals-net  Created
 Volume "ld-m3bench_mysql-data"  Creating
 Volume "ld-m3bench_mysql-data"  Created
 Volume "ld-m3bench_redis-data"  Creating
 Volume "ld-m3bench_redis-data"  Created
 Container ld-m3bench-namesrv  Creating
 Container ld-m3bench-redis  Creating
 Container ld-m3bench-mysql  Creating
 Container ld-m3bench-es  Creating
 Container ld-m3bench-namesrv  Created
 Container ld-m3bench-broker  Creating
 Container ld-m3bench-es  Created
 Container ld-m3bench-redis  Created
 Container ld-m3bench-mysql  Created
 Container ld-m3bench-broker  Created
 Container ld-m3bench-namesrv  Starting
 Container ld-m3bench-redis  Starting
 Container ld-m3bench-es  Starting
 Container ld-m3bench-mysql  Starting
 Container ld-m3bench-redis  Started
 Container ld-m3bench-mysql  Started
 Container ld-m3bench-es  Started
 Container ld-m3bench-namesrv  Started
 Container ld-m3bench-broker  Starting
 Container ld-m3bench-broker  Started
 Container ld-m3bench-redis-c2  Creating
 Container ld-m3bench-redis-c5  Creating
 Container ld-m3bench-redis-c6  Creating
 Container ld-m3bench-redis-c3  Creating
 Container ld-m3bench-redis-c1  Creating
 Container ld-m3bench-redis-c4  Creating
 Container ld-m3bench-redis-c1  Created
 Container ld-m3bench-redis-c3  Created
 Container ld-m3bench-redis-c5  Created
 Container ld-m3bench-redis-c4  Created
 Container ld-m3bench-redis-c6  Created
 Container ld-m3bench-redis-c2  Created
 Container ld-m3bench-redis-c3  Starting
 Container ld-m3bench-redis-c4  Starting
 Container ld-m3bench-redis-c2  Starting
 Container ld-m3bench-redis-c5  Starting
 Container ld-m3bench-redis-c6  Starting
 Container ld-m3bench-redis-c1  Starting
 Container ld-m3bench-redis-c5  Started
 Container ld-m3bench-redis-c2  Started
 Container ld-m3bench-redis-c6  Started
 Container ld-m3bench-redis-c4  Started
 Container ld-m3bench-redis-c1  Started
 Container ld-m3bench-redis-c3  Started
dependency containers pinned to CPUs 4-5,12-13
stack ld-m3bench ready: mysql=33306 redis-cluster=127.0.0.1:38001,127.0.0.1:38002,127.0.0.1:38003,127.0.0.1:38004,127.0.0.1:38005,127.0.0.1:38006 namesrv=39876 broker=30911 es=39200
2026-09-21 00:28:42 phase stack-up done
2026-09-21 00:28:42 phase build start (timeout 1200s)
准备工作区（分离头指针 043d863）
HEAD 现在位于 043d863 Merge M5: Redis Cluster, stock buckets, and a master kill that cost 12.6k 503s
2026-09-21 00:28:59 phase build done
2026-09-21 00:28:59 phase ladder-baseline start (timeout 960s)
app started pid=1304604 cpus=0-3,8-11 log=/home/sd101t/IdeaProjects/hm-dianping/benchmark/v2/run/m3bench/app.log
users=100000 tokens=/home/sd101t/IdeaProjects/hm-dianping/benchmark/v2/run/tokens.csv
commit=043d863, kind=step, target_rps=500, stock=1000, voucher=10, achieved_rps=500.0, requests=15001, dropped=0, p50_ms=0.1, p95_ms=3.6, p99_ms=14.7, max_ms=148.5, http_fail_rate=0, accepted=1000, outcomes=accepted=1000;out_of_stock=14001, drain_s_after_load=0.1, persist_orders_per_s=340.4, app_cpu_cores=0.56, mysql_cpu_cores=0.04, redis_cpu_cores=0.03, broker_cpu_cores=0.19, half_msgs=0, order_msgs=1000, k6_cpu_cores=0.13, batch_mean=, raw=step-r500-s1000-002912.json
commit=043d863, kind=step, target_rps=10000, stock=1000, voucher=11, achieved_rps=9933.1, requests=298047, dropped=1954, p50_ms=0.1, p95_ms=18.5, p99_ms=126.9, max_ms=390.3, http_fail_rate=0.0006, accepted=1000, outcomes=accepted=1000;http_429=168;out_of_stock=296879, drain_s_after_load=0.1, persist_orders_per_s=710.4, app_cpu_cores=0.68, mysql_cpu_cores=0.03, redis_cpu_cores=0.02, broker_cpu_cores=0.11, half_msgs=0, order_msgs=1000, k6_cpu_cores=1.43, batch_mean=, raw=step-r10000-s1000-002959.json
commit=043d863, kind=step, target_rps=20000, stock=1000, voucher=12, achieved_rps=19694.5, requests=590879, dropped=9122, p50_ms=0.1, p95_ms=70.6, p99_ms=109.1, max_ms=332.3, http_fail_rate=0.0004, accepted=1000, outcomes=accepted=1000;http_429=218;out_of_stock=589661, drain_s_after_load=0.1, persist_orders_per_s=738.7, app_cpu_cores=0.99, mysql_cpu_cores=0.03, redis_cpu_cores=0.02, broker_cpu_cores=0.12, half_msgs=0, order_msgs=1000, k6_cpu_cores=2.73, batch_mean=, raw=step-r20000-s1000-003047.json
app stopped
2026-09-21 00:31:40 phase ladder-baseline done
2026-09-21 00:31:40 phase ladder-current start (timeout 960s)
app started pid=1320435 cpus=0-3,8-11 log=/home/sd101t/IdeaProjects/hm-dianping/benchmark/v2/run/m3bench/app.log
users=100000 tokens=/home/sd101t/IdeaProjects/hm-dianping/benchmark/v2/run/tokens.csv
commit=6be8133, kind=step, target_rps=500, stock=1000, voucher=10, achieved_rps=500.0, requests=15001, dropped=0, p50_ms=0.1, p95_ms=1.5, p99_ms=5.8, max_ms=54.0, http_fail_rate=0, accepted=1000, outcomes=accepted=1000;duplicate=1000;out_of_stock=13001, drain_s_after_load=0.1, persist_orders_per_s=586.9, app_cpu_cores=0.59, mysql_cpu_cores=0.03, redis_cpu_cores=0.03, broker_cpu_cores=0.11, half_msgs=0, order_msgs=1000, k6_cpu_cores=0.12, batch_mean=3.17, raw=step-r500-s1000-003154.json
commit=6be8133, kind=step, target_rps=10000, stock=1000, voucher=11, achieved_rps=9892.5, requests=296810, dropped=3191, p50_ms=0.1, p95_ms=3.0, p99_ms=205.2, max_ms=968.7, http_fail_rate=0.0054, accepted=1000, outcomes=accepted=1000;duplicate=771;http_429=1608;out_of_stock=293431, drain_s_after_load=0.0, persist_orders_per_s=702.0, app_cpu_cores=0.69, mysql_cpu_cores=0.02, redis_cpu_cores=0.02, broker_cpu_cores=0.08, half_msgs=0, order_msgs=1000, k6_cpu_cores=1.45, batch_mean=13.7, raw=step-r10000-s1000-003242.json
commit=6be8133, kind=step, target_rps=20000, stock=1000, voucher=12, achieved_rps=19726.0, requests=591816, dropped=8185, p50_ms=0.1, p95_ms=63.2, p99_ms=85.8, max_ms=302.7, http_fail_rate=0.0003, accepted=1000, outcomes=accepted=1000;duplicate=84;http_429=185;out_of_stock=590547, drain_s_after_load=0.1, persist_orders_per_s=745.7, app_cpu_cores=0.95, mysql_cpu_cores=0.02, redis_cpu_cores=0.02, broker_cpu_cores=0.09, half_msgs=0, order_msgs=1000, k6_cpu_cores=2.7, batch_mean=12.2, raw=step-r20000-s1000-003330.json
app stopped
2026-09-21 00:34:21 phase ladder-current done
2026-09-21 00:34:21 phase drain-baseline-1 start (timeout 1500s)
app started pid=1335847 cpus=0-3,8-11 log=/home/sd101t/IdeaProjects/hm-dianping/benchmark/v2/run/m3bench/app.log
users=100000 tokens=/home/sd101t/IdeaProjects/hm-dianping/benchmark/v2/run/tokens.csv
commit=043d863, kind=step, target_rps=500, stock=1000, voucher=13, achieved_rps=500.0, requests=15001, dropped=0, p50_ms=0.1, p95_ms=1.7, p99_ms=5.6, max_ms=138.3, http_fail_rate=0, accepted=1000, outcomes=accepted=1000;out_of_stock=14001, drain_s_after_load=0.0, persist_orders_per_s=368.3, app_cpu_cores=0.54, mysql_cpu_cores=0.04, redis_cpu_cores=0.03, broker_cpu_cores=0.1, half_msgs=0, order_msgs=1000, k6_cpu_cores=0.12, batch_mean=, raw=step-r500-s1000-003429.json
Exception ignored in: <_io.TextIOWrapper name='<stdout>' mode='w' encoding='utf-8'>
BrokenPipeError: [Errno 32] Broken pipe
commit=043d863, kind=drain, target_rps=2000, stock=20000, voucher=14, achieved_rps=2000.0, requests=22001, dropped=0, p50_ms=0.5, p95_ms=5.5, p99_ms=33.5, max_ms=74.9, http_fail_rate=0, accepted=20000, outcomes=accepted=20000;out_of_stock=2001, drain_s_after_load=15.0, persist_orders_per_s=793.8, app_cpu_cores=1.89, mysql_cpu_cores=0.33, redis_cpu_cores=0.37, broker_cpu_cores=0.34, half_msgs=0, order_msgs=20000, k6_cpu_cores=0.38, batch_mean=, raw=drain-r2000-s20000-003515.json
app stopped
2026-09-21 00:36:00 phase drain-baseline-1 done
2026-09-21 00:36:00 phase drain-current-1 start (timeout 1500s)
app started pid=1403191 cpus=0-3,8-11 log=/home/sd101t/IdeaProjects/hm-dianping/benchmark/v2/run/m3bench/app.log
users=100000 tokens=/home/sd101t/IdeaProjects/hm-dianping/benchmark/v2/run/tokens.csv
commit=6be8133, kind=step, target_rps=500, stock=1000, voucher=13, achieved_rps=500.0, requests=15000, dropped=0, p50_ms=0.1, p95_ms=1.3, p99_ms=3.9, max_ms=52.8, http_fail_rate=0, accepted=1000, outcomes=accepted=1000;duplicate=1000;out_of_stock=13000, drain_s_after_load=0.1, persist_orders_per_s=500.8, app_cpu_cores=0.59, mysql_cpu_cores=0.03, redis_cpu_cores=0.03, broker_cpu_cores=0.07, half_msgs=0, order_msgs=1000, k6_cpu_cores=0.13, batch_mean=3.16, raw=step-r500-s1000-003612.json
commit=6be8133, kind=drain, target_rps=2000, stock=20000, voucher=14, achieved_rps=1999.5, requests=21999, dropped=0, p50_ms=0.3, p95_ms=1.6, p99_ms=8.8, max_ms=51.0, http_fail_rate=0, accepted=1999, outcomes=accepted=1999;duplicate=20000, drain_s_after_load=0.1, persist_orders_per_s=1632.9, app_cpu_cores=1.08, mysql_cpu_cores=0.05, redis_cpu_cores=0.24, broker_cpu_cores=0.09, half_msgs=0, order_msgs=1999, k6_cpu_cores=0.42, batch_mean=11.97, raw=drain-r2000-s20000-003659.json
app stopped
2026-09-21 00:37:28 phase drain-current-1 done
2026-09-21 00:37:28 phase drain-baseline-2 start (timeout 1500s)
app started pid=1415947 cpus=0-3,8-11 log=/home/sd101t/IdeaProjects/hm-dianping/benchmark/v2/run/m3bench/app.log
users=100000 tokens=/home/sd101t/IdeaProjects/hm-dianping/benchmark/v2/run/tokens.csv
commit=043d863, kind=step, target_rps=500, stock=1000, voucher=15, achieved_rps=500.0, requests=15001, dropped=0, p50_ms=0.1, p95_ms=1.6, p99_ms=8.7, max_ms=127.1, http_fail_rate=0, accepted=1000, outcomes=accepted=1000;out_of_stock=14001, drain_s_after_load=0.1, persist_orders_per_s=371.5, app_cpu_cores=0.55, mysql_cpu_cores=0.04, redis_cpu_cores=0.03, broker_cpu_cores=0.07, half_msgs=0, order_msgs=1000, k6_cpu_cores=0.13, batch_mean=, raw=step-r500-s1000-003737.json
commit=043d863, kind=drain, target_rps=2000, stock=20000, voucher=16, achieved_rps=1999.9, requests=22002, dropped=0, p50_ms=0.5, p95_ms=6.9, p99_ms=42.7, max_ms=84.7, http_fail_rate=0, accepted=20000, outcomes=accepted=20000;out_of_stock=2002, drain_s_after_load=20.4, persist_orders_per_s=646.6, app_cpu_cores=1.9, mysql_cpu_cores=0.32, redis_cpu_cores=0.37, broker_cpu_cores=0.31, half_msgs=0, order_msgs=20000, k6_cpu_cores=0.39, batch_mean=, raw=drain-r2000-s20000-003824.json
app stopped
2026-09-21 00:39:15 phase drain-baseline-2 done
2026-09-21 00:39:15 phase drain-current-2 start (timeout 1500s)
app started pid=1483454 cpus=0-3,8-11 log=/home/sd101t/IdeaProjects/hm-dianping/benchmark/v2/run/m3bench/app.log
users=100000 tokens=/home/sd101t/IdeaProjects/hm-dianping/benchmark/v2/run/tokens.csv
commit=6be8133, kind=step, target_rps=500, stock=1000, voucher=15, achieved_rps=500.0, requests=15001, dropped=0, p50_ms=0.1, p95_ms=1.0, p99_ms=1.8, max_ms=52.5, http_fail_rate=0, accepted=1000, outcomes=accepted=1000;duplicate=1000;out_of_stock=13001, drain_s_after_load=0.1, persist_orders_per_s=178.1, app_cpu_cores=0.55, mysql_cpu_cores=0.03, redis_cpu_cores=0.03, broker_cpu_cores=0.08, half_msgs=0, order_msgs=1000, k6_cpu_cores=0.13, batch_mean=3.08, raw=step-r500-s1000-003927.json
commit=6be8133, kind=drain, target_rps=2000, stock=20000, voucher=16, achieved_rps=1999.9, requests=22001, dropped=0, p50_ms=0.4, p95_ms=0.8, p99_ms=15.9, max_ms=59.9, http_fail_rate=0, accepted=2001, outcomes=accepted=2001;duplicate=20000, drain_s_after_load=0.1, persist_orders_per_s=1492.5, app_cpu_cores=1.1, mysql_cpu_cores=0.05, redis_cpu_cores=0.24, broker_cpu_cores=0.08, half_msgs=0, order_msgs=2001, k6_cpu_cores=0.42, batch_mean=11.91, raw=drain-r2000-s20000-004015.json
app stopped
2026-09-21 00:40:48 phase drain-current-2 done
2026-09-21 00:40:48 phase drain-baseline-3 start (timeout 1500s)
app started pid=1496300 cpus=0-3,8-11 log=/home/sd101t/IdeaProjects/hm-dianping/benchmark/v2/run/m3bench/app.log
users=100000 tokens=/home/sd101t/IdeaProjects/hm-dianping/benchmark/v2/run/tokens.csv
commit=043d863, kind=step, target_rps=500, stock=1000, voucher=17, achieved_rps=500.0, requests=15001, dropped=0, p50_ms=0.1, p95_ms=1.1, p99_ms=4.4, max_ms=153.1, http_fail_rate=0, accepted=1000, outcomes=accepted=1000;out_of_stock=14001, drain_s_after_load=0.1, persist_orders_per_s=75.3, app_cpu_cores=0.5, mysql_cpu_cores=0.05, redis_cpu_cores=0.03, broker_cpu_cores=0.08, half_msgs=0, order_msgs=1000, k6_cpu_cores=0.13, batch_mean=, raw=step-r500-s1000-004056.json
commit=043d863, kind=drain, target_rps=2000, stock=20000, voucher=18, achieved_rps=1999.9, requests=22001, dropped=0, p50_ms=0.5, p95_ms=5.7, p99_ms=32.4, max_ms=82.9, http_fail_rate=0, accepted=20000, outcomes=accepted=20000;out_of_stock=2001, drain_s_after_load=11.8, persist_orders_per_s=930.7, app_cpu_cores=1.86, mysql_cpu_cores=0.32, redis_cpu_cores=0.37, broker_cpu_cores=0.31, half_msgs=0, order_msgs=20000, k6_cpu_cores=0.38, batch_mean=, raw=drain-r2000-s20000-004145.json
app stopped
2026-09-21 00:42:27 phase drain-baseline-3 done
2026-09-21 00:42:27 phase drain-current-3 start (timeout 1500s)
app started pid=1563563 cpus=0-3,8-11 log=/home/sd101t/IdeaProjects/hm-dianping/benchmark/v2/run/m3bench/app.log
users=100000 tokens=/home/sd101t/IdeaProjects/hm-dianping/benchmark/v2/run/tokens.csv
commit=6be8133, kind=step, target_rps=500, stock=1000, voucher=17, achieved_rps=500.0, requests=15001, dropped=0, p50_ms=0.1, p95_ms=1.3, p99_ms=5.7, max_ms=64.3, http_fail_rate=0, accepted=1000, outcomes=accepted=1000;duplicate=1000;out_of_stock=13001, drain_s_after_load=0.1, persist_orders_per_s=554.5, app_cpu_cores=0.59, mysql_cpu_cores=0.03, redis_cpu_cores=0.03, broker_cpu_cores=0.08, half_msgs=0, order_msgs=1000, k6_cpu_cores=0.13, batch_mean=3.26, raw=step-r500-s1000-004239.json
Exception ignored in: <_io.TextIOWrapper name='<stdout>' mode='w' encoding='utf-8'>
BrokenPipeError: [Errno 32] Broken pipe
commit=6be8133, kind=drain, target_rps=2000, stock=20000, voucher=18, achieved_rps=1998.6, requests=22037, dropped=0, p50_ms=0.4, p95_ms=1.5, p99_ms=11.1, max_ms=39.5, http_fail_rate=0, accepted=2037, outcomes=accepted=2037;duplicate=20000, drain_s_after_load=0.1, persist_orders_per_s=251.1, app_cpu_cores=1.09, mysql_cpu_cores=0.05, redis_cpu_cores=0.25, broker_cpu_cores=0.09, half_msgs=0, order_msgs=2037, k6_cpu_cores=0.41, batch_mean=12.12, raw=drain-r2000-s20000-004327.json
app stopped
2026-09-21 00:44:00 phase drain-current-3 done
2026-09-21 00:44:00 scenario m6 done -> /home/sd101t/IdeaProjects/hm-dianping/benchmark/v2/m6/20260921-002753-m6
 Container ld-m3bench-redis  Stopping
 Container ld-m3bench-es  Stopping
 Container ld-m3bench-mysql  Stopping
 Container ld-m3bench-broker  Stopping
 Container ld-m3bench-redis  Stopped
 Container ld-m3bench-redis  Removing
 Container ld-m3bench-redis  Removed
 Container ld-m3bench-mysql  Stopped
 Container ld-m3bench-mysql  Removing
 Container ld-m3bench-mysql  Removed
 Container ld-m3bench-es  Stopped
 Container ld-m3bench-es  Removing
 Container ld-m3bench-es  Removed
 Container ld-m3bench-broker  Stopped
 Container ld-m3bench-broker  Removing
 Container ld-m3bench-broker  Removed
 Container ld-m3bench-namesrv  Stopping
 Container ld-m3bench-namesrv  Stopped
 Container ld-m3bench-namesrv  Removing
 Container ld-m3bench-namesrv  Removed
 Volume ld-m3bench_redis-data  Removing
 Volume ld-m3bench_mysql-data  Removing
 Network ld-m3bench_local-deals-net  Removing
 Volume ld-m3bench_redis-data  Removed
 Volume ld-m3bench_mysql-data  Removed
 Network ld-m3bench_local-deals-net  Removed
 Container ld-m3bench-redis-c1  Stopping
 Container ld-m3bench-redis-c4  Stopping
 Container ld-m3bench-redis-c6  Stopping
 Container ld-m3bench-redis-c5  Stopping
 Container ld-m3bench-redis-c3  Stopping
 Container ld-m3bench-redis-c2  Stopping
 Container ld-m3bench-redis-c5  Stopped
 Container ld-m3bench-redis-c5  Removing
 Container ld-m3bench-redis-c2  Stopped
 Container ld-m3bench-redis-c2  Removing
 Container ld-m3bench-redis-c2  Removed
 Container ld-m3bench-redis-c5  Removed
 Container ld-m3bench-redis-c1  Stopped
 Container ld-m3bench-redis-c1  Removing
 Container ld-m3bench-redis-c4  Stopped
 Container ld-m3bench-redis-c4  Removing
 Container ld-m3bench-redis-c1  Removed
 Container ld-m3bench-redis-c4  Removed
 Container ld-m3bench-redis-c3  Stopped
 Container ld-m3bench-redis-c3  Removing
 Container ld-m3bench-redis-c3  Removed
 Container ld-m3bench-redis-c6  Stopped
 Container ld-m3bench-redis-c6  Removing
 Container ld-m3bench-redis-c6  Removed
2026-09-21 00:44:27 cleanup done; status: DONE
