2026-09-20 17:08:50 scenario m5 -> /home/sd101t/IdeaProjects/hm-dianping/benchmark/v2/m5/20260920-170850-m5
2026-09-20 17:08:50 phase stack-up start (timeout 900s)
 Network ld-m3bench_local-deals-net  Creating
 Network ld-m3bench_local-deals-net  Created
 Volume "ld-m3bench_redis-data"  Creating
 Volume "ld-m3bench_redis-data"  Created
 Volume "ld-m3bench_mysql-data"  Creating
 Volume "ld-m3bench_mysql-data"  Created
 Container ld-m3bench-namesrv  Creating
 Container ld-m3bench-mysql  Creating
 Container ld-m3bench-es  Creating
 Container ld-m3bench-redis  Creating
 Container ld-m3bench-namesrv  Created
 Container ld-m3bench-es  Created
 Container ld-m3bench-mysql  Created
 Container ld-m3bench-broker  Creating
 Container ld-m3bench-redis  Created
 Container ld-m3bench-broker  Created
 Container ld-m3bench-redis  Starting
 Container ld-m3bench-es  Starting
 Container ld-m3bench-mysql  Starting
 Container ld-m3bench-namesrv  Starting
 Container ld-m3bench-redis  Started
 Container ld-m3bench-namesrv  Started
 Container ld-m3bench-broker  Starting
 Container ld-m3bench-mysql  Started
 Container ld-m3bench-es  Started
 Container ld-m3bench-broker  Started
 Container ld-m3bench-redis-c6  Creating
 Container ld-m3bench-redis-c4  Creating
 Container ld-m3bench-redis-c5  Creating
 Container ld-m3bench-redis-c3  Creating
 Container ld-m3bench-redis-c1  Creating
 Container ld-m3bench-redis-c2  Creating
 Container ld-m3bench-redis-c1  Created
 Container ld-m3bench-redis-c2  Created
 Container ld-m3bench-redis-c4  Created
 Container ld-m3bench-redis-c5  Created
 Container ld-m3bench-redis-c3  Created
 Container ld-m3bench-redis-c6  Created
 Container ld-m3bench-redis-c1  Starting
 Container ld-m3bench-redis-c2  Starting
 Container ld-m3bench-redis-c3  Starting
 Container ld-m3bench-redis-c5  Starting
 Container ld-m3bench-redis-c4  Starting
 Container ld-m3bench-redis-c6  Starting
 Container ld-m3bench-redis-c3  Started
 Container ld-m3bench-redis-c1  Started
 Container ld-m3bench-redis-c6  Started
 Container ld-m3bench-redis-c2  Started
 Container ld-m3bench-redis-c4  Started
 Container ld-m3bench-redis-c5  Started
dependency containers pinned to CPUs 4-5,12-13
stack ld-m3bench ready: mysql=33306 redis-cluster=127.0.0.1:38001,127.0.0.1:38002,127.0.0.1:38003,127.0.0.1:38004,127.0.0.1:38005,127.0.0.1:38006 namesrv=39876 broker=30911 es=39200
2026-09-20 17:09:43 phase stack-up done
2026-09-20 17:09:43 phase build start (timeout 1200s)
准备工作区（分离头指针 7c4ee52）
HEAD 现在位于 7c4ee52 Merge M4: batch consumption, one stock update per voucher per batch
2026-09-20 17:09:53 phase build done
2026-09-20 17:09:53 phase ladder-baseline start (timeout 960s)
app started pid=3448326 cpus=0-3,8-11 log=/home/sd101t/IdeaProjects/hm-dianping/benchmark/v2/run/m3bench/app.log
users=100000 tokens=/home/sd101t/IdeaProjects/hm-dianping/benchmark/v2/run/tokens.csv
commit=7c4ee52, kind=step, target_rps=500, stock=1000, voucher=10, achieved_rps=493.4, requests=14803, dropped=198, p50_ms=0.1, p95_ms=5.1, p99_ms=573.0, max_ms=1001.4, http_fail_rate=0, accepted=1000, outcomes=accepted=1000;out_of_stock=13803, drain_s_after_load=0.0, persist_orders_per_s=273.0, app_cpu_cores=0.49, mysql_cpu_cores=0.04, redis_cpu_cores=0.01, broker_cpu_cores=0.2, half_msgs=0, order_msgs=1000, k6_cpu_cores=0.14, raw=step-r500-s1000-171009.json
commit=7c4ee52, kind=step, target_rps=10000, stock=1000, voucher=11, achieved_rps=9944.5, requests=298354, dropped=1647, p50_ms=0.1, p95_ms=15.2, p99_ms=76.6, max_ms=249.7, http_fail_rate=0, accepted=1000, outcomes=accepted=1000;out_of_stock=297354, drain_s_after_load=0.0, persist_orders_per_s=268.7, app_cpu_cores=0.66, mysql_cpu_cores=0.03, redis_cpu_cores=0.01, broker_cpu_cores=0.11, half_msgs=0, order_msgs=1000, k6_cpu_cores=1.49, raw=step-r10000-s1000-171059.json
commit=7c4ee52, kind=step, target_rps=20000, stock=1000, voucher=12, achieved_rps=19661.5, requests=589887, dropped=10114, p50_ms=0.3, p95_ms=67.4, p99_ms=96.0, max_ms=250.4, http_fail_rate=0.0, accepted=1000, outcomes=accepted=1000;http_429=21;out_of_stock=588866, drain_s_after_load=0.0, persist_orders_per_s=169.9, app_cpu_cores=0.98, mysql_cpu_cores=0.03, redis_cpu_cores=0.01, broker_cpu_cores=0.11, half_msgs=0, order_msgs=1000, k6_cpu_cores=2.75, raw=step-r20000-s1000-171149.json
app stopped
2026-09-20 17:12:38 phase ladder-baseline done
2026-09-20 17:12:38 phase ladder-current start (timeout 960s)
app started pid=3463650 cpus=0-3,8-11 log=/home/sd101t/IdeaProjects/hm-dianping/benchmark/v2/run/m3bench/app.log
users=100000 tokens=/home/sd101t/IdeaProjects/hm-dianping/benchmark/v2/run/tokens.csv
commit=f5dfbae, kind=step, target_rps=500, stock=1000, voucher=13, achieved_rps=500.0, requests=15001, dropped=0, p50_ms=0.1, p95_ms=1.8, p99_ms=7.8, max_ms=149.2, http_fail_rate=0, accepted=1000, outcomes=accepted=1000;out_of_stock=14001, drain_s_after_load=0.0, persist_orders_per_s=285.7, app_cpu_cores=0.55, mysql_cpu_cores=0.04, redis_cpu_cores=0.03, broker_cpu_cores=0.13, half_msgs=0, order_msgs=1000, k6_cpu_cores=0.12, raw=step-r500-s1000-171247.json
commit=f5dfbae, kind=step, target_rps=10000, stock=1000, voucher=14, achieved_rps=9956.3, requests=298709, dropped=1292, p50_ms=0.1, p95_ms=8.2, p99_ms=121.4, max_ms=392.3, http_fail_rate=0.0007, accepted=1000, outcomes=accepted=1000;http_429=218;out_of_stock=297491, drain_s_after_load=0.0, persist_orders_per_s=384.0, app_cpu_cores=0.69, mysql_cpu_cores=0.03, redis_cpu_cores=0.02, broker_cpu_cores=0.09, half_msgs=0, order_msgs=1000, k6_cpu_cores=1.48, raw=step-r10000-s1000-171336.json
commit=f5dfbae, kind=step, target_rps=20000, stock=1000, voucher=15, achieved_rps=19333.3, requests=580725, dropped=19276, p50_ms=1.0, p95_ms=77.9, p99_ms=124.0, max_ms=382.2, http_fail_rate=0.0025, accepted=1000, outcomes=accepted=1000;http_429=1480;out_of_stock=578245, drain_s_after_load=0.0, persist_orders_per_s=154.3, app_cpu_cores=1.05, mysql_cpu_cores=0.04, redis_cpu_cores=0.03, broker_cpu_cores=0.11, half_msgs=0, order_msgs=1000, k6_cpu_cores=2.74, raw=step-r20000-s1000-171425.json
app stopped
2026-09-20 17:15:18 phase ladder-current done
2026-09-20 17:15:18 phase drain-baseline-1 start (timeout 1500s)
app started pid=3478957 cpus=0-3,8-11 log=/home/sd101t/IdeaProjects/hm-dianping/benchmark/v2/run/m3bench/app.log
users=100000 tokens=/home/sd101t/IdeaProjects/hm-dianping/benchmark/v2/run/tokens.csv
commit=7c4ee52, kind=step, target_rps=500, stock=1000, voucher=16, achieved_rps=500.0, requests=15001, dropped=0, p50_ms=0.1, p95_ms=1.3, p99_ms=4.0, max_ms=150.9, http_fail_rate=0, accepted=1000, outcomes=accepted=1000;out_of_stock=14001, drain_s_after_load=0.0, persist_orders_per_s=84.0, app_cpu_cores=0.51, mysql_cpu_cores=0.05, redis_cpu_cores=0.01, broker_cpu_cores=0.09, half_msgs=0, order_msgs=1000, k6_cpu_cores=0.14, raw=step-r500-s1000-171525.json
commit=7c4ee52, kind=drain, target_rps=2000, stock=20000, voucher=17, achieved_rps=1999.9, requests=22001, dropped=0, p50_ms=0.5, p95_ms=5.2, p99_ms=29.6, max_ms=99.2, http_fail_rate=0, accepted=20000, outcomes=accepted=20000;out_of_stock=2001, drain_s_after_load=35.8, persist_orders_per_s=665.5, app_cpu_cores=1.31, mysql_cpu_cores=0.11, redis_cpu_cores=0.13, broker_cpu_cores=0.27, half_msgs=0, order_msgs=20000, k6_cpu_cores=0.37, raw=drain-r2000-s20000-171613.json
app stopped
2026-09-20 17:17:18 phase drain-baseline-1 done
2026-09-20 17:17:18 phase drain-current-1 start (timeout 1500s)
app started pid=3546371 cpus=0-3,8-11 log=/home/sd101t/IdeaProjects/hm-dianping/benchmark/v2/run/m3bench/app.log
users=100000 tokens=/home/sd101t/IdeaProjects/hm-dianping/benchmark/v2/run/tokens.csv
commit=f5dfbae, kind=step, target_rps=500, stock=1000, voucher=18, achieved_rps=500.0, requests=15001, dropped=0, p50_ms=0.1, p95_ms=1.7, p99_ms=5.6, max_ms=112.6, http_fail_rate=0, accepted=1000, outcomes=accepted=1000;out_of_stock=14001, drain_s_after_load=0.0, persist_orders_per_s=351.7, app_cpu_cores=0.53, mysql_cpu_cores=0.04, redis_cpu_cores=0.03, broker_cpu_cores=0.08, half_msgs=0, order_msgs=1000, k6_cpu_cores=0.14, raw=step-r500-s1000-171728.json
commit=f5dfbae, kind=drain, target_rps=2000, stock=20000, voucher=19, achieved_rps=1999.8, requests=21999, dropped=0, p50_ms=0.5, p95_ms=7.0, p99_ms=49.0, max_ms=88.1, http_fail_rate=0, accepted=20000, outcomes=accepted=20000;out_of_stock=1999, drain_s_after_load=31.7, persist_orders_per_s=462.7, app_cpu_cores=1.86, mysql_cpu_cores=0.32, redis_cpu_cores=0.37, broker_cpu_cores=0.31, half_msgs=0, order_msgs=20000, k6_cpu_cores=0.38, raw=drain-r2000-s20000-171815.json
app stopped
2026-09-20 17:19:18 phase drain-current-1 done
2026-09-20 17:19:18 phase drain-baseline-2 start (timeout 1500s)
app started pid=3614130 cpus=0-3,8-11 log=/home/sd101t/IdeaProjects/hm-dianping/benchmark/v2/run/m3bench/app.log
users=100000 tokens=/home/sd101t/IdeaProjects/hm-dianping/benchmark/v2/run/tokens.csv
commit=7c4ee52, kind=step, target_rps=500, stock=1000, voucher=20, achieved_rps=500.0, requests=15001, dropped=0, p50_ms=0.1, p95_ms=1.4, p99_ms=4.6, max_ms=111.1, http_fail_rate=0, accepted=1000, outcomes=accepted=1000;out_of_stock=14001, drain_s_after_load=0.0, persist_orders_per_s=72.8, app_cpu_cores=0.51, mysql_cpu_cores=0.06, redis_cpu_cores=0.01, broker_cpu_cores=0.08, half_msgs=0, order_msgs=1000, k6_cpu_cores=0.13, raw=step-r500-s1000-171927.json
commit=7c4ee52, kind=drain, target_rps=2000, stock=20000, voucher=21, achieved_rps=1999.8, requests=22002, dropped=0, p50_ms=0.5, p95_ms=2.3, p99_ms=19.8, max_ms=53.8, http_fail_rate=0, accepted=20000, outcomes=accepted=20000;out_of_stock=2002, drain_s_after_load=75.1, persist_orders_per_s=255.4, app_cpu_cores=1.2, mysql_cpu_cores=0.1, redis_cpu_cores=0.13, broker_cpu_cores=0.24, half_msgs=0, order_msgs=20000, k6_cpu_cores=0.37, raw=drain-r2000-s20000-172015.json
app stopped
2026-09-20 17:22:02 phase drain-baseline-2 done
2026-09-20 17:22:02 phase drain-current-2 start (timeout 1500s)
app started pid=3682487 cpus=0-3,8-11 log=/home/sd101t/IdeaProjects/hm-dianping/benchmark/v2/run/m3bench/app.log
users=100000 tokens=/home/sd101t/IdeaProjects/hm-dianping/benchmark/v2/run/tokens.csv
commit=f5dfbae, kind=step, target_rps=500, stock=1000, voucher=22, achieved_rps=495.2, requests=14857, dropped=143, p50_ms=0.1, p95_ms=1.3, p99_ms=357.2, max_ms=782.8, http_fail_rate=0, accepted=1000, outcomes=accepted=1000;out_of_stock=13857, drain_s_after_load=0.0, persist_orders_per_s=161.5, app_cpu_cores=0.49, mysql_cpu_cores=0.04, redis_cpu_cores=0.03, broker_cpu_cores=0.08, half_msgs=0, order_msgs=1000, k6_cpu_cores=0.12, raw=step-r500-s1000-172210.json
commit=f5dfbae, kind=drain, target_rps=2000, stock=20000, voucher=23, achieved_rps=1999.9, requests=22002, dropped=0, p50_ms=0.5, p95_ms=4.5, p99_ms=12.8, max_ms=38.2, http_fail_rate=0, accepted=20000, outcomes=accepted=20000;out_of_stock=2002, drain_s_after_load=64.6, persist_orders_per_s=240.4, app_cpu_cores=1.44, mysql_cpu_cores=0.16, redis_cpu_cores=0.3, broker_cpu_cores=0.26, half_msgs=0, order_msgs=20000, k6_cpu_cores=0.39, raw=drain-r2000-s20000-172258.json
app stopped
2026-09-20 17:24:40 phase drain-current-2 done
2026-09-20 17:24:40 phase drain-baseline-3 start (timeout 1500s)
app started pid=3751237 cpus=0-3,8-11 log=/home/sd101t/IdeaProjects/hm-dianping/benchmark/v2/run/m3bench/app.log
users=100000 tokens=/home/sd101t/IdeaProjects/hm-dianping/benchmark/v2/run/tokens.csv
commit=7c4ee52, kind=step, target_rps=500, stock=1000, voucher=24, achieved_rps=500.0, requests=15001, dropped=0, p50_ms=0.1, p95_ms=1.4, p99_ms=8.5, max_ms=133.5, http_fail_rate=0, accepted=1000, outcomes=accepted=1000;out_of_stock=14001, drain_s_after_load=0.0, persist_orders_per_s=376.7, app_cpu_cores=0.49, mysql_cpu_cores=0.05, redis_cpu_cores=0.01, broker_cpu_cores=0.07, half_msgs=0, order_msgs=1000, k6_cpu_cores=0.12, raw=step-r500-s1000-172448.json
commit=7c4ee52, kind=drain, target_rps=2000, stock=20000, voucher=25, achieved_rps=1999.7, requests=21999, dropped=0, p50_ms=0.5, p95_ms=5.6, p99_ms=41.2, max_ms=93.8, http_fail_rate=0, accepted=20000, outcomes=accepted=20000;out_of_stock=1999, drain_s_after_load=11.7, persist_orders_per_s=940.5, app_cpu_cores=1.79, mysql_cpu_cores=0.32, redis_cpu_cores=0.17, broker_cpu_cores=0.29, half_msgs=0, order_msgs=20000, k6_cpu_cores=0.37, raw=drain-r2000-s20000-172536.json
app stopped
2026-09-20 17:26:21 phase drain-baseline-3 done
2026-09-20 17:26:21 phase drain-current-3 start (timeout 1500s)
app started pid=3818061 cpus=0-3,8-11 log=/home/sd101t/IdeaProjects/hm-dianping/benchmark/v2/run/m3bench/app.log
users=100000 tokens=/home/sd101t/IdeaProjects/hm-dianping/benchmark/v2/run/tokens.csv
Exception ignored in: <_io.TextIOWrapper name='<stdout>' mode='w' encoding='utf-8'>
BrokenPipeError: [Errno 32] Broken pipe
commit=f5dfbae, kind=step, target_rps=500, stock=1000, voucher=26, achieved_rps=496.2, requests=14887, dropped=114, p50_ms=0.1, p95_ms=1.8, p99_ms=235.1, max_ms=681.7, http_fail_rate=0, accepted=1000, outcomes=accepted=1000;out_of_stock=13887, drain_s_after_load=0.0, persist_orders_per_s=386.5, app_cpu_cores=0.52, mysql_cpu_cores=0.05, redis_cpu_cores=0.03, broker_cpu_cores=0.07, half_msgs=0, order_msgs=1000, k6_cpu_cores=0.13, raw=step-r500-s1000-172629.json
commit=f5dfbae, kind=drain, target_rps=2000, stock=20000, voucher=27, achieved_rps=1999.7, requests=21998, dropped=0, p50_ms=0.5, p95_ms=6.5, p99_ms=14.5, max_ms=44.5, http_fail_rate=0, accepted=20000, outcomes=accepted=20000;out_of_stock=1998, drain_s_after_load=73.5, persist_orders_per_s=225.1, app_cpu_cores=1.53, mysql_cpu_cores=0.2, redis_cpu_cores=0.32, broker_cpu_cores=0.27, half_msgs=0, order_msgs=20000, k6_cpu_cores=0.38, raw=drain-r2000-s20000-172717.json
app stopped
2026-09-20 17:29:01 phase drain-current-3 done
2026-09-20 17:29:01 phase bucket-sweep-k1 start (timeout 1500s)
app started pid=3886868 cpus=0-3,8-11 log=/home/sd101t/IdeaProjects/hm-dianping/benchmark/v2/run/m3bench/app.log
users=100000 tokens=/home/sd101t/IdeaProjects/hm-dianping/benchmark/v2/run/tokens.csv
commit=sweep, kind=step, target_rps=500, stock=1000, voucher=28, achieved_rps=500.0, requests=15001, dropped=0, p50_ms=0.1, p95_ms=1.5, p99_ms=5.6, max_ms=101.3, http_fail_rate=0, accepted=1000, outcomes=accepted=1000;out_of_stock=14001, drain_s_after_load=0.1, persist_orders_per_s=374.5, app_cpu_cores=0.54, mysql_cpu_cores=0.05, redis_cpu_cores=0.03, broker_cpu_cores=0.08, half_msgs=0, order_msgs=1000, k6_cpu_cores=0.12, raw=step-r500-s1000-172912.json
commit=f5dfbae:k1, kind=drain, target_rps=2000, stock=20000, voucher=29, achieved_rps=1999.9, requests=22002, dropped=0, p50_ms=0.5, p95_ms=1.5, p99_ms=17.4, max_ms=76.1, http_fail_rate=0, accepted=20000, outcomes=accepted=20000;out_of_stock=2002, drain_s_after_load=91.9, persist_orders_per_s=217.3, app_cpu_cores=1.21, mysql_cpu_cores=0.11, redis_cpu_cores=0.23, broker_cpu_cores=0.25, half_msgs=0, order_msgs=20000, k6_cpu_cores=0.36, raw=drain-r2000-s20000-172959.json
app stopped
2026-09-20 17:32:01 phase bucket-sweep-k1 done
2026-09-20 17:32:01 phase bucket-sweep-k8 start (timeout 1500s)
app started pid=3955807 cpus=0-3,8-11 log=/home/sd101t/IdeaProjects/hm-dianping/benchmark/v2/run/m3bench/app.log
users=100000 tokens=/home/sd101t/IdeaProjects/hm-dianping/benchmark/v2/run/tokens.csv
commit=sweep, kind=step, target_rps=500, stock=1000, voucher=30, achieved_rps=500.0, requests=15000, dropped=0, p50_ms=0.1, p95_ms=1.5, p99_ms=6.0, max_ms=122.5, http_fail_rate=0, accepted=1000, outcomes=accepted=1000;out_of_stock=14000, drain_s_after_load=0.0, persist_orders_per_s=384.8, app_cpu_cores=0.52, mysql_cpu_cores=0.05, redis_cpu_cores=0.03, broker_cpu_cores=0.08, half_msgs=0, order_msgs=1000, k6_cpu_cores=0.13, raw=step-r500-s1000-173211.json
commit=f5dfbae:k8, kind=drain, target_rps=2000, stock=20000, voucher=31, achieved_rps=1999.7, requests=22000, dropped=0, p50_ms=0.5, p95_ms=4.7, p99_ms=27.0, max_ms=57.4, http_fail_rate=0, accepted=20000, outcomes=accepted=20000;out_of_stock=2000, drain_s_after_load=10.7, persist_orders_per_s=987.7, app_cpu_cores=1.9, mysql_cpu_cores=0.34, redis_cpu_cores=0.36, broker_cpu_cores=0.3, half_msgs=0, order_msgs=20000, k6_cpu_cores=0.38, raw=drain-r2000-s20000-173301.json
app stopped
2026-09-20 17:33:45 phase bucket-sweep-k8 done
2026-09-20 17:33:45 phase bucket-sweep-k64 start (timeout 1500s)
app started pid=4023092 cpus=0-3,8-11 log=/home/sd101t/IdeaProjects/hm-dianping/benchmark/v2/run/m3bench/app.log
users=100000 tokens=/home/sd101t/IdeaProjects/hm-dianping/benchmark/v2/run/tokens.csv
commit=sweep, kind=step, target_rps=500, stock=1000, voucher=32, achieved_rps=500.0, requests=15001, dropped=0, p50_ms=0.1, p95_ms=1.5, p99_ms=7.1, max_ms=168.6, http_fail_rate=0, accepted=1000, outcomes=accepted=1000;out_of_stock=14001, drain_s_after_load=0.0, persist_orders_per_s=358.8, app_cpu_cores=0.53, mysql_cpu_cores=0.06, redis_cpu_cores=0.03, broker_cpu_cores=0.08, half_msgs=0, order_msgs=1000, k6_cpu_cores=0.12, raw=step-r500-s1000-173353.json
commit=f5dfbae:k64, kind=drain, target_rps=2000, stock=20000, voucher=33, achieved_rps=1999.9, requests=22002, dropped=0, p50_ms=0.5, p95_ms=7.1, p99_ms=34.1, max_ms=67.8, http_fail_rate=0, accepted=20000, outcomes=accepted=20000;out_of_stock=2002, drain_s_after_load=44.0, persist_orders_per_s=334.3, app_cpu_cores=1.76, mysql_cpu_cores=0.31, redis_cpu_cores=0.38, broker_cpu_cores=0.3, half_msgs=0, order_msgs=20000, k6_cpu_cores=0.38, raw=drain-r2000-s20000-173440.json
app stopped
2026-09-20 17:35:54 phase bucket-sweep-k64 done
2026-09-20 17:35:54 phase kill-drill-1 start (timeout 2400s)
app started pid=4091117 cpus=0-3,8-11 log=/home/sd101t/IdeaProjects/hm-dianping/benchmark/v2/run/m3bench/app.log
users=100000 tokens=/home/sd101t/IdeaProjects/hm-dianping/benchmark/v2/run/tokens.csv
commit=f5dfbae, kind=step, target_rps=500, stock=1000, voucher=34, achieved_rps=500.0, requests=15001, dropped=0, p50_ms=0.1, p95_ms=1.1, p99_ms=5.7, max_ms=149.6, http_fail_rate=0, accepted=1000, outcomes=accepted=1000;out_of_stock=14001, drain_s_after_load=0.1, persist_orders_per_s=75.3, app_cpu_cores=0.51, mysql_cpu_cores=0.07, redis_cpu_cores=0.03, broker_cpu_cores=0.08, half_msgs=0, order_msgs=1000, k6_cpu_cores=0.13, raw=step-r500-s1000-173602.json
app stopped
2026-09-20 17:37:53 phase kill-drill-1 done
2026-09-20 17:37:53 phase redis-kill-drill-1 start (timeout 2700s)
app started pid=4132669 cpus=0-3,8-11 log=/home/sd101t/IdeaProjects/hm-dianping/benchmark/v2/run/m3bench/app.log
users=100000 tokens=/home/sd101t/IdeaProjects/hm-dianping/benchmark/v2/run/tokens.csv
commit=f5dfbae, kind=step, target_rps=500, stock=1000, voucher=36, achieved_rps=500.0, requests=15001, dropped=0, p50_ms=0.1, p95_ms=1.5, p99_ms=5.1, max_ms=111.1, http_fail_rate=0, accepted=1000, outcomes=accepted=1000;out_of_stock=14001, drain_s_after_load=0.1, persist_orders_per_s=350.4, app_cpu_cores=0.53, mysql_cpu_cores=0.06, redis_cpu_cores=0.03, broker_cpu_cores=0.08, half_msgs=0, order_msgs=1000, k6_cpu_cores=0.14, raw=step-r500-s1000-173801.json
app stopped
2026-09-20 17:39:37 phase redis-kill-drill-1 done
2026-09-20 17:39:37 phase redis-kill-drill-2 start (timeout 2700s)
app started pid=4186774 cpus=0-3,8-11 log=/home/sd101t/IdeaProjects/hm-dianping/benchmark/v2/run/m3bench/app.log
users=100000 tokens=/home/sd101t/IdeaProjects/hm-dianping/benchmark/v2/run/tokens.csv
commit=f5dfbae, kind=step, target_rps=500, stock=1000, voucher=38, achieved_rps=500.0, requests=15001, dropped=0, p50_ms=0.1, p95_ms=1.1, p99_ms=2.9, max_ms=90.0, http_fail_rate=0, accepted=1000, outcomes=accepted=1000;out_of_stock=14001, drain_s_after_load=0.1, persist_orders_per_s=94.1, app_cpu_cores=0.51, mysql_cpu_cores=0.07, redis_cpu_cores=0.03, broker_cpu_cores=0.08, half_msgs=0, order_msgs=1000, k6_cpu_cores=0.12, raw=step-r500-s1000-173948.json
app stopped
2026-09-20 17:41:14 phase redis-kill-drill-2 done
2026-09-20 17:41:14 scenario m5 done -> /home/sd101t/IdeaProjects/hm-dianping/benchmark/v2/m5/20260920-170850-m5
 Container ld-m3bench-es  Stopping
 Container ld-m3bench-mysql  Stopping
 Container ld-m3bench-broker  Stopping
 Container ld-m3bench-redis  Stopping
 Container ld-m3bench-redis  Stopped
 Container ld-m3bench-redis  Removing
 Container ld-m3bench-redis  Removed
 Container ld-m3bench-mysql  Stopped
 Container ld-m3bench-mysql  Removing
 Container ld-m3bench-mysql  Removed
 Container ld-m3bench-es  Stopped
 Container ld-m3bench-es  Removing
 Container ld-m3bench-es  Removed
 Container ld-m3bench-broker  Stopped
 Container ld-m3bench-broker  Removing
 Container ld-m3bench-broker  Removed
 Container ld-m3bench-namesrv  Stopping
 Container ld-m3bench-namesrv  Stopped
 Container ld-m3bench-namesrv  Removing
 Container ld-m3bench-namesrv  Removed
 Volume ld-m3bench_mysql-data  Removing
 Volume ld-m3bench_redis-data  Removing
 Network ld-m3bench_local-deals-net  Removing
 Volume ld-m3bench_mysql-data  Removed
 Volume ld-m3bench_redis-data  Removed
 Network ld-m3bench_local-deals-net  Removed
 Container ld-m3bench-redis-c2  Stopping
 Container ld-m3bench-redis-c3  Stopping
 Container ld-m3bench-redis-c4  Stopping
 Container ld-m3bench-redis-c1  Stopping
 Container ld-m3bench-redis-c6  Stopping
 Container ld-m3bench-redis-c5  Stopping
 Container ld-m3bench-redis-c3  Stopped
 Container ld-m3bench-redis-c3  Removing
 Container ld-m3bench-redis-c3  Removed
 Container ld-m3bench-redis-c4  Stopped
 Container ld-m3bench-redis-c4  Removing
 Container ld-m3bench-redis-c4  Removed
 Container ld-m3bench-redis-c1  Stopped
 Container ld-m3bench-redis-c1  Removing
 Container ld-m3bench-redis-c6  Stopped
 Container ld-m3bench-redis-c6  Removing
 Container ld-m3bench-redis-c1  Removed
 Container ld-m3bench-redis-c2  Stopped
 Container ld-m3bench-redis-c2  Removing
 Container ld-m3bench-redis-c5  Stopped
 Container ld-m3bench-redis-c5  Removing
 Container ld-m3bench-redis-c6  Removed
 Container ld-m3bench-redis-c2  Removed
 Container ld-m3bench-redis-c5  Removed
2026-09-20 17:41:41 cleanup done; status: DONE
